[modal] $ /usr/local/bin/python /workspace/track_b/human_labeling_prep/analyze.py --study-dir /workspace/store/results/human_labeling/c2_rewrite_quality
{
  "n_items": 1500,
  "n_raters": 3,
  "per_condition": {
    "b2|full_fudge": {
      "engagement_1_to_5": {
        "mean": 4.737,
        "lo": 4.677,
        "hi": 4.79
      },
      "faithfulness_1_to_5": {
        "mean": 3.027,
        "lo": 2.94,
        "hi": 3.123
      },
      "clickbait_1_to_5": {
        "mean": 3.96,
        "lo": 3.913,
        "hi": 4.003
      }
    },
    "b2|negative_only": {
      "engagement_1_to_5": {
        "mean": 4.623,
        "lo": 4.553,
        "hi": 4.683
      },
      "faithfulness_1_to_5": {
        "mean": 3.243,
        "lo": 3.117,
        "hi": 3.36
      },
      "clickbait_1_to_5": {
        "mean": 3.78,
        "lo": 3.693,
        "hi": 3.86
      }
    },
    "b2|no_guidance": {
      "engagement_1_to_5": {
        "mean": 4.547,
        "lo": 4.473,
        "hi": 4.617
      },
      "faithfulness_1_to_5": {
        "mean": 3.217,
        "lo": 3.123,
        "hi": 3.31
      },
      "clickbait_1_to_5": {
        "mean": 3.77,
        "lo": 3.69,
        "hi": 3.847
      }
    },
    "b2|positive_only": {
      "engagement_1_to_5": {
        "mean": 4.703,
        "lo": 4.64,
        "hi": 4.763
      },
      "faithfulness_1_to_5": {
        "mean": 3.263,
        "lo": 3.17,
        "hi": 3.357
      },
      "clickbait_1_to_5": {
        "mean": 3.88,
        "lo": 3.827,
        "hi": 3.93
      }
    },
    "b4|prompt_only": {
      "engagement_1_to_5": {
        "mean": 4.818,
        "lo": 4.786,
        "hi": 4.85
      },
      "faithfulness_1_to_5": {
        "mean": 3.781,
        "lo": 3.716,
        "hi": 3.846
      },
      "clickbait_1_to_5": {
        "mean": 3.649,
        "lo": 3.593,
        "hi": 3.707
      }
    },
    "b6_dexperts|positive_only": {
      "engagement_1_to_5": {
        "mean": 3.839,
        "lo": 3.712,
        "hi": 3.966
      },
      "faithfulness_1_to_5": {
        "mean": 2.12,
        "lo": 2.026,
        "hi": 2.208
      },
      "clickbait_1_to_5": {
        "mean": 4.17,
        "lo": 4.103,
        "hi": 4.239
      }
    },
    "b6_gedi|positive_only": {
      "engagement_1_to_5": {
        "mean": 4.383,
        "lo": 4.327,
        "hi": 4.433
      },
      "faithfulness_1_to_5": {
        "mean": 2.341,
        "lo": 2.287,
        "hi": 2.393
      },
      "clickbait_1_to_5": {
        "mean": 3.982,
        "lo": 3.942,
        "hi": 4.019
      }
    }
  },
  "reliability_icc2k": {
    "engagement_1_to_5": 0.78,
    "faithfulness_1_to_5": 0.933,
    "clickbait_1_to_5": 0.741
  },
  "significance": {},
  "human_vs_auto_spearman": {
    "faithfulness_1_to_5 vs auto_bertscore_f1": {
      "rho": 0.781,
      "p": 0.0,
      "n": 1500
    },
    "clickbait_1_to_5 vs auto_clickbait_prob_external": {
      "rho": 0.352,
      "p": 0.0,
      "n": 1500
    }
  },
  "diagnostics": {},
  "study": "c2_rewrite_quality",
  "simulated": false
}

[analyze] wrote /workspace/store/results/human_labeling/c2_rewrite_quality/analysis.json

[modal] exit code: 0
