[modal] $ /usr/local/bin/python /workspace/track_b/human_labeling_prep/analyze.py --study-dir /workspace/store/results/human_labeling/c2_rewrite_quality --simulate
/workspace/track_b/human_labeling_prep/analyze.py:148: RuntimeWarning: invalid value encountered in cast
  return np.clip(np.round(1 + 4 * x + rng.normal(0, 0.6 + 0.2 * ri, len(x))), 1, 5).astype(int)
/workspace/track_b/human_labeling_prep/analyze.py:148: RuntimeWarning: invalid value encountered in cast
  return np.clip(np.round(1 + 4 * x + rng.normal(0, 0.6 + 0.2 * ri, len(x))), 1, 5).astype(int)
/workspace/track_b/human_labeling_prep/analyze.py:148: RuntimeWarning: invalid value encountered in cast
  return np.clip(np.round(1 + 4 * x + rng.normal(0, 0.6 + 0.2 * ri, len(x))), 1, 5).astype(int)
[analyze] SIMULATED rater responses into 3 files (for pipeline validation only)
{
  "n_items": 1500,
  "n_raters": 3,
  "per_condition": {
    "b2|full_fudge": {
      "engagement_1_to_5": {
        "mean": 1.557,
        "lo": 1.487,
        "hi": 1.627
      },
      "faithfulness_1_to_5": {
        "mean": 3.913,
        "lo": 3.813,
        "hi": 4.013
      },
      "clickbait_1_to_5": {
        "mean": 1.547,
        "lo": 1.42,
        "hi": 1.693
      }
    },
    "b2|negative_only": {
      "engagement_1_to_5": {
        "mean": 1.293,
        "lo": 1.233,
        "hi": 1.353
      },
      "faithfulness_1_to_5": {
        "mean": 3.957,
        "lo": 3.85,
        "hi": 4.06
      },
      "clickbait_1_to_5": {
        "mean": 1.443,
        "lo": 1.32,
        "hi": 1.59
      }
    },
    "b2|no_guidance": {
      "engagement_1_to_5": {
        "mean": 1.263,
        "lo": 1.21,
        "hi": 1.32
      },
      "faithfulness_1_to_5": {
        "mean": 3.933,
        "lo": 3.837,
        "hi": 4.033
      },
      "clickbait_1_to_5": {
        "mean": 1.553,
        "lo": 1.44,
        "hi": 1.687
      }
    },
    "b2|positive_only": {
      "engagement_1_to_5": {
        "mean": 1.593,
        "lo": 1.517,
        "hi": 1.667
      },
      "faithfulness_1_to_5": {
        "mean": 3.947,
        "lo": 3.84,
        "hi": 4.047
      },
      "clickbait_1_to_5": {
        "mean": 1.507,
        "lo": 1.37,
        "hi": 1.643
      }
    },
    "b4|prompt_only": {
      "engagement_1_to_5": {
        "mean": -9.223372036854776e+18,
        "lo": -9.223372036854776e+18,
        "hi": -9.223372036854776e+18
      },
      "faithfulness_1_to_5": {
        "mean": 4.044,
        "lo": 3.992,
        "hi": 4.098
      },
      "clickbait_1_to_5": {
        "mean": 1.52,
        "lo": 1.437,
        "hi": 1.612
      }
    },
    "b6_dexperts|positive_only": {
      "engagement_1_to_5": {
        "mean": 1.443,
        "lo": 1.407,
        "hi": 1.478
      },
      "faithfulness_1_to_5": {
        "mean": 3.136,
        "lo": 3.042,
        "hi": 3.227
      },
      "clickbait_1_to_5": {
        "mean": 2.953,
        "lo": 2.805,
        "hi": 3.108
      }
    },
    "b6_gedi|positive_only": {
      "engagement_1_to_5": {
        "mean": 3.13,
        "lo": 3.027,
        "hi": 3.244
      },
      "faithfulness_1_to_5": {
        "mean": 3.518,
        "lo": 3.467,
        "hi": 3.571
      },
      "clickbait_1_to_5": {
        "mean": 3.044,
        "lo": 2.901,
        "hi": 3.197
      }
    }
  },
  "reliability_icc2k": {
    "engagement_1_to_5": 1.0,
    "faithfulness_1_to_5": 0.598,
    "clickbait_1_to_5": 0.942
  },
  "significance": {},
  "human_vs_auto_spearman": {
    "faithfulness_1_to_5 vs auto_bertscore_f1": {
      "rho": 0.712,
      "p": 0.0,
      "n": 1500
    },
    "clickbait_1_to_5 vs auto_clickbait_prob_external": {
      "rho": 0.76,
      "p": 0.0,
      "n": 1500
    }
  },
  "diagnostics": {},
  "study": "c2_rewrite_quality",
  "simulated": true
}

[analyze] wrote /workspace/store/results/human_labeling/c2_rewrite_quality/analysis.json

[modal] exit code: 0
