[modal] $ /usr/local/bin/python /workspace/track_b/modal_run/train_guides/generate_synthetic.py --source-csv /workspace/store/data/source_neutrals.csv --out-csv /workspace/store/data/synthetic_clickbait.csv --batch-size 15 --max-rows 12600 --seed 42 --workers 16 --no-resume
[gen] loaded 12600 titles (cap=12600)
[gen] raw generations -> /workspace/store/data/synthetic_clickbait.raw.jsonl
[gen] 12600 titles in 840 batches, 16 concurrent workers, wall-clock ETA ~3.9 min

  0%|          | 0/840 [00:00<?, ?it/s]
  0%|          | 1/840 [00:11<2:34:27, 11.05s/it]
  0%|          | 2/840 [00:11<1:05:38,  4.70s/it]
  0%|          | 3/840 [00:12<41:37,  2.98s/it]  
  1%|          | 5/840 [00:12<18:49,  1.35s/it]
  1%|          | 7/840 [00:12<11:01,  1.26it/s]
  1%|          | 8/840 [00:12<09:23,  1.48it/s]
  1%|▏         | 11/840 [00:13<05:33,  2.48it/s]
  2%|▏         | 13/840 [00:13<04:02,  3.41it/s]
  2%|▏         | 15/840 [00:13<03:47,  3.63it/s]
  2%|▏         | 16/840 [00:14<03:25,  4.00it/s]
  2%|▏         | 17/840 [00:20<22:06,  1.61s/it]
  2%|▏         | 18/840 [00:21<18:00,  1.31s/it]
  2%|▏         | 19/840 [00:21<15:15,  1.12s/it][gen] 300 rows (300/12600 titles, 0 dropped, 20/840 batches)

  2%|▎         | 21/840 [00:22<10:04,  1.35it/s]
  3%|▎         | 23/840 [00:22<06:40,  2.04it/s]
  3%|▎         | 25/840 [00:22<04:51,  2.79it/s]
  3%|▎         | 27/840 [00:22<03:44,  3.62it/s]
  3%|▎         | 28/840 [00:22<03:27,  3.92it/s]
  4%|▎         | 30/840 [00:23<02:47,  4.82it/s]
  4%|▎         | 31/840 [00:24<05:56,  2.27it/s]
  4%|▍         | 32/840 [00:26<11:53,  1.13it/s]
  4%|▍         | 33/840 [00:30<22:10,  1.65s/it]
  4%|▍         | 34/840 [00:31<17:51,  1.33s/it]
  4%|▍         | 36/840 [00:31<10:34,  1.27it/s]
  4%|▍         | 37/840 [00:31<08:35,  1.56it/s]
  5%|▍         | 38/840 [00:32<08:34,  1.56it/s]
  5%|▍         | 39/840 [00:32<06:53,  1.94it/s][gen] 600 rows (600/12600 titles, 0 dropped, 40/840 batches)

  5%|▌         | 42/840 [00:32<04:05,  3.25it/s]
  5%|▌         | 44/840 [00:33<04:00,  3.31it/s]
  5%|▌         | 45/840 [00:33<04:18,  3.08it/s]
  5%|▌         | 46/840 [00:36<10:46,  1.23it/s]
  6%|▌         | 47/840 [00:37<11:03,  1.20it/s]
  6%|▌         | 48/840 [00:37<08:53,  1.48it/s]
  6%|▌         | 49/840 [00:41<21:08,  1.60s/it]
  6%|▌         | 50/840 [00:41<16:21,  1.24s/it]
  6%|▌         | 51/840 [00:42<12:24,  1.06it/s]
  6%|▋         | 54/840 [00:42<06:05,  2.15it/s]
  7%|▋         | 55/840 [00:42<05:08,  2.55it/s]
  7%|▋         | 56/840 [00:42<05:17,  2.47it/s]
  7%|▋         | 57/840 [00:43<05:26,  2.40it/s]
  7%|▋         | 58/840 [00:43<05:01,  2.60it/s]
  7%|▋         | 59/840 [00:43<04:06,  3.17it/s][gen] 900 rows (900/12600 titles, 0 dropped, 60/840 batches)

  7%|▋         | 60/840 [00:44<03:50,  3.39it/s]
  7%|▋         | 62/840 [00:46<09:14,  1.40it/s]
  8%|▊         | 63/840 [00:46<08:14,  1.57it/s]
  8%|▊         | 64/840 [00:47<08:55,  1.45it/s]
  8%|▊         | 65/840 [00:51<20:31,  1.59s/it]
  8%|▊         | 67/840 [00:52<12:14,  1.05it/s]
  8%|▊         | 68/840 [00:52<09:52,  1.30it/s]
  8%|▊         | 69/840 [00:52<08:26,  1.52it/s]
  8%|▊         | 70/840 [00:52<06:40,  1.92it/s]
  8%|▊         | 71/840 [00:52<05:46,  2.22it/s]
  9%|▊         | 72/840 [00:53<04:58,  2.57it/s]
  9%|▉         | 74/840 [00:53<03:18,  3.85it/s]
  9%|▉         | 75/840 [00:54<05:21,  2.38it/s]
  9%|▉         | 76/840 [00:55<06:25,  1.98it/s]
  9%|▉         | 77/840 [00:56<08:17,  1.53it/s]
  9%|▉         | 78/840 [00:56<09:11,  1.38it/s]
  9%|▉         | 79/840 [00:57<08:26,  1.50it/s][gen] 1200 rows (1200/12600 titles, 0 dropped, 80/840 batches)

 10%|▉         | 80/840 [00:58<08:58,  1.41it/s]
 10%|▉         | 81/840 [01:01<17:29,  1.38s/it]
 10%|▉         | 82/840 [01:01<14:36,  1.16s/it]
 10%|█         | 84/840 [01:02<08:15,  1.52it/s]
 10%|█         | 85/840 [01:02<06:50,  1.84it/s]
 10%|█         | 86/840 [01:02<06:44,  1.86it/s]
 10%|█         | 87/840 [01:02<05:20,  2.35it/s]
 10%|█         | 88/840 [01:03<04:42,  2.66it/s]
 11%|█         | 89/840 [01:03<04:59,  2.50it/s]
 11%|█         | 90/840 [01:04<06:26,  1.94it/s]
 11%|█         | 91/840 [01:06<11:52,  1.05it/s]
 11%|█         | 92/840 [01:06<08:53,  1.40it/s]
 11%|█         | 93/840 [01:06<06:57,  1.79it/s]
 11%|█         | 94/840 [01:08<09:43,  1.28it/s]
 11%|█▏        | 95/840 [01:09<12:47,  1.03s/it]
 11%|█▏        | 96/840 [01:10<11:06,  1.12it/s]
 12%|█▏        | 97/840 [01:11<12:01,  1.03it/s]
 12%|█▏        | 98/840 [01:11<09:38,  1.28it/s]
 12%|█▏        | 99/840 [01:11<07:22,  1.67it/s][gen] 1500 rows (1500/12600 titles, 0 dropped, 100/840 batches)

 12%|█▏        | 101/840 [01:12<06:00,  2.05it/s]
 12%|█▏        | 103/840 [01:13<05:30,  2.23it/s]
 12%|█▏        | 104/840 [01:14<06:03,  2.03it/s]
 12%|█▎        | 105/840 [01:14<05:08,  2.39it/s]
 13%|█▎        | 106/840 [01:14<04:42,  2.60it/s]
 13%|█▎        | 107/840 [01:16<10:01,  1.22it/s]
 13%|█▎        | 108/840 [01:16<07:57,  1.53it/s]
 13%|█▎        | 110/840 [01:17<05:45,  2.11it/s]
 13%|█▎        | 111/840 [01:18<08:55,  1.36it/s]
 13%|█▎        | 112/840 [01:19<07:44,  1.57it/s]
 13%|█▎        | 113/840 [01:20<10:19,  1.17it/s]
 14%|█▎        | 114/840 [01:20<07:51,  1.54it/s]
 14%|█▎        | 115/840 [01:20<06:07,  1.97it/s]
 14%|█▍        | 116/840 [01:21<07:15,  1.66it/s]
 14%|█▍        | 117/840 [01:23<11:57,  1.01it/s]
 14%|█▍        | 118/840 [01:24<10:25,  1.15it/s]
 14%|█▍        | 119/840 [01:24<09:24,  1.28it/s][gen] 1800 rows (1800/12600 titles, 0 dropped, 120/840 batches)

 14%|█▍        | 120/840 [01:25<08:22,  1.43it/s]
 14%|█▍        | 121/840 [01:25<07:05,  1.69it/s]
 15%|█▍        | 122/840 [01:26<08:23,  1.43it/s]
 15%|█▍        | 123/840 [01:26<06:48,  1.75it/s]
 15%|█▍        | 124/840 [01:27<08:23,  1.42it/s]
 15%|█▍        | 125/840 [01:28<07:53,  1.51it/s]
 15%|█▌        | 126/840 [01:29<09:01,  1.32it/s]
 15%|█▌        | 127/840 [01:29<06:48,  1.75it/s]
 15%|█▌        | 128/840 [01:30<07:10,  1.65it/s]
 15%|█▌        | 129/840 [01:30<06:43,  1.76it/s]
 15%|█▌        | 130/840 [01:30<05:12,  2.27it/s]
 16%|█▌        | 131/840 [01:31<04:13,  2.79it/s]
 16%|█▌        | 132/840 [01:32<07:46,  1.52it/s]
 16%|█▌        | 133/840 [01:35<15:50,  1.34s/it]
 16%|█▌        | 134/840 [01:35<13:10,  1.12s/it]
 16%|█▌        | 135/840 [01:36<10:38,  1.10it/s]
 16%|█▌        | 136/840 [01:36<08:48,  1.33it/s]
 16%|█▋        | 137/840 [01:37<07:10,  1.63it/s]
 16%|█▋        | 138/840 [01:37<07:29,  1.56it/s][gen] 2100 rows (2100/12600 titles, 0 dropped, 140/840 batches)

 17%|█▋        | 140/840 [01:39<07:28,  1.56it/s]
 17%|█▋        | 141/840 [01:39<06:11,  1.88it/s]
 17%|█▋        | 142/840 [01:40<06:59,  1.66it/s]
 17%|█▋        | 144/840 [01:40<04:38,  2.50it/s]
 17%|█▋        | 145/840 [01:40<04:33,  2.55it/s]
 17%|█▋        | 146/840 [01:41<04:33,  2.54it/s]
 18%|█▊        | 147/840 [01:41<03:59,  2.89it/s]
 18%|█▊        | 148/840 [01:43<11:18,  1.02it/s]
 18%|█▊        | 149/840 [01:46<14:58,  1.30s/it]
 18%|█▊        | 151/840 [01:46<08:53,  1.29it/s]
 18%|█▊        | 153/840 [01:47<08:16,  1.38it/s]
 18%|█▊        | 154/840 [01:47<07:05,  1.61it/s]
 19%|█▊        | 156/840 [01:48<06:39,  1.71it/s]
 19%|█▊        | 157/840 [01:49<05:38,  2.02it/s]
 19%|█▉        | 158/840 [01:49<06:49,  1.67it/s][gen] 2399 rows (2399/12600 titles, 0 dropped, 160/840 batches)

 19%|█▉        | 160/840 [01:50<04:57,  2.29it/s]
 19%|█▉        | 161/840 [01:51<05:35,  2.02it/s]
 19%|█▉        | 162/840 [01:51<04:57,  2.28it/s]
 19%|█▉        | 163/840 [01:51<04:15,  2.65it/s]
 20%|█▉        | 164/840 [01:53<09:45,  1.16it/s]
 20%|█▉        | 165/840 [01:55<12:03,  1.07s/it]
 20%|█▉        | 166/840 [01:55<10:08,  1.11it/s]
 20%|█▉        | 167/840 [01:55<07:37,  1.47it/s]
 20%|██        | 169/840 [01:57<08:55,  1.25it/s]
 20%|██        | 171/840 [01:58<07:25,  1.50it/s]
 20%|██        | 172/840 [01:58<06:06,  1.82it/s]
 21%|██        | 173/840 [01:59<06:05,  1.82it/s]
 21%|██        | 174/840 [01:59<04:55,  2.25it/s]
 21%|██        | 175/840 [02:00<05:09,  2.15it/s]
 21%|██        | 176/840 [02:00<04:07,  2.69it/s]
 21%|██        | 177/840 [02:00<05:20,  2.07it/s]
 21%|██▏       | 179/840 [02:02<06:44,  1.63it/s][gen] 2699 rows (2699/12600 titles, 0 dropped, 180/840 batches)

 21%|██▏       | 180/840 [02:05<11:57,  1.09s/it]
 22%|██▏       | 181/840 [02:05<09:28,  1.16it/s]
 22%|██▏       | 182/840 [02:07<11:55,  1.09s/it]
 22%|██▏       | 185/840 [02:07<05:43,  1.91it/s]
 22%|██▏       | 187/840 [02:08<06:50,  1.59it/s]
 22%|██▏       | 188/840 [02:08<05:50,  1.86it/s]
 23%|██▎       | 190/840 [02:09<04:41,  2.31it/s]
 23%|██▎       | 191/840 [02:09<04:30,  2.40it/s]
 23%|██▎       | 192/840 [02:10<04:22,  2.47it/s]
 23%|██▎       | 193/840 [02:10<04:51,  2.22it/s]
 23%|██▎       | 194/840 [02:10<04:19,  2.49it/s]
 23%|██▎       | 195/840 [02:12<07:32,  1.43it/s]
 23%|██▎       | 196/840 [02:14<12:39,  1.18s/it]
 23%|██▎       | 197/840 [02:15<11:17,  1.05s/it]
 24%|██▎       | 198/840 [02:17<13:01,  1.22s/it]
 24%|██▎       | 199/840 [02:17<10:03,  1.06it/s][gen] 2999 rows (2999/12600 titles, 0 dropped, 200/840 batches)

 24%|██▍       | 200/840 [02:17<07:37,  1.40it/s]
 24%|██▍       | 201/840 [02:18<06:17,  1.69it/s]
 24%|██▍       | 204/840 [02:18<04:30,  2.35it/s]
 24%|██▍       | 205/840 [02:19<03:49,  2.77it/s]
 25%|██▍       | 206/840 [02:19<03:28,  3.04it/s]
 25%|██▍       | 208/840 [02:20<03:39,  2.88it/s]
 25%|██▍       | 209/840 [02:20<03:32,  2.97it/s]
 25%|██▌       | 210/840 [02:22<07:27,  1.41it/s]
 25%|██▌       | 212/840 [02:25<10:35,  1.01s/it]
 25%|██▌       | 213/840 [02:25<08:59,  1.16it/s]
 25%|██▌       | 214/840 [02:27<12:35,  1.21s/it]
 26%|██▌       | 215/840 [02:27<09:47,  1.06it/s]
 26%|██▌       | 216/840 [02:28<07:57,  1.31it/s]
 26%|██▌       | 217/840 [02:28<06:37,  1.57it/s]
 26%|██▌       | 218/840 [02:28<05:18,  1.95it/s]
 26%|██▌       | 219/840 [02:29<05:07,  2.02it/s][gen] 3299 rows (3299/12600 titles, 0 dropped, 220/840 batches)

 26%|██▋       | 221/840 [02:29<03:29,  2.95it/s]
 26%|██▋       | 222/840 [02:29<03:20,  3.08it/s]
 27%|██▋       | 223/840 [02:30<04:33,  2.25it/s]
 27%|██▋       | 224/840 [02:31<05:24,  1.90it/s]
 27%|██▋       | 225/840 [02:31<04:38,  2.21it/s]
 27%|██▋       | 226/840 [02:34<11:42,  1.14s/it]
 27%|██▋       | 227/840 [02:35<10:23,  1.02s/it]
 27%|██▋       | 228/840 [02:35<08:35,  1.19it/s]
 27%|██▋       | 229/840 [02:35<07:11,  1.42it/s]
 27%|██▋       | 230/840 [02:38<11:21,  1.12s/it]
 28%|██▊       | 231/840 [02:38<09:11,  1.10it/s]
 28%|██▊       | 232/840 [02:38<06:51,  1.48it/s]
 28%|██▊       | 233/840 [02:38<05:20,  1.89it/s]
 28%|██▊       | 234/840 [02:39<05:35,  1.81it/s]
 28%|██▊       | 235/840 [02:39<04:37,  2.18it/s]
 28%|██▊       | 236/840 [02:39<03:58,  2.53it/s]
 28%|██▊       | 238/840 [02:40<03:55,  2.56it/s]
 28%|██▊       | 239/840 [02:41<04:01,  2.49it/s][gen] 3599 rows (3599/12600 titles, 0 dropped, 240/840 batches)

 29%|██▊       | 240/840 [02:41<04:02,  2.47it/s]
 29%|██▊       | 241/840 [02:42<05:55,  1.69it/s]
 29%|██▉       | 242/840 [02:44<09:05,  1.10it/s]
 29%|██▉       | 243/840 [02:44<07:13,  1.38it/s]
 29%|██▉       | 244/840 [02:44<05:51,  1.70it/s]
 29%|██▉       | 245/840 [02:45<04:45,  2.09it/s]
 29%|██▉       | 246/840 [02:49<15:35,  1.57s/it]
 30%|██▉       | 248/840 [02:49<09:25,  1.05it/s]
 30%|██▉       | 249/840 [02:49<07:25,  1.33it/s]
 30%|██▉       | 250/840 [02:50<06:43,  1.46it/s]
 30%|██▉       | 251/840 [02:50<06:02,  1.62it/s]
 30%|███       | 253/840 [02:50<03:41,  2.65it/s]
 30%|███       | 255/840 [02:51<04:11,  2.33it/s]
 30%|███       | 256/840 [02:52<03:36,  2.69it/s]
 31%|███       | 257/840 [02:52<03:46,  2.58it/s]
 31%|███       | 258/840 [02:54<08:12,  1.18it/s]
 31%|███       | 259/840 [02:54<06:23,  1.51it/s][gen] 3899 rows (3899/12600 titles, 0 dropped, 260/840 batches)

 31%|███       | 260/840 [02:55<07:26,  1.30it/s]
 31%|███       | 262/840 [02:57<07:40,  1.26it/s]
 31%|███▏      | 264/840 [02:58<05:34,  1.72it/s]
 32%|███▏      | 265/840 [02:58<04:46,  2.01it/s]
 32%|███▏      | 266/840 [02:59<07:27,  1.28it/s]
 32%|███▏      | 267/840 [03:00<06:31,  1.46it/s]
 32%|███▏      | 268/840 [03:00<06:01,  1.58it/s]
