[modal] $ /usr/local/bin/python /workspace/track_b/modal_run/train_guides/generate_synthetic.py --source-csv /workspace/store/data/source_neutrals.csv --out-csv /workspace/store/data/synthetic_clickbait.csv --batch-size 15 --max-rows 12600 --seed 42 --workers 16 --no-resume
[gen] loaded 12600 titles (cap=12600)
[gen] raw generations -> /workspace/store/data/synthetic_clickbait.raw.jsonl
[gen] 12600 titles in 840 batches, 16 concurrent workers, wall-clock ETA ~3.9 min

  0%|          | 0/840 [00:00<?, ?it/s]
  0%|          | 1/840 [00:08<2:00:02,  8.58s/it]
  0%|          | 2/840 [00:08<50:45,  3.63s/it]  
  0%|          | 3/840 [00:08<28:25,  2.04s/it]
  1%|          | 5/840 [00:09<13:04,  1.06it/s]
  1%|          | 6/840 [00:09<11:40,  1.19it/s]
  1%|          | 8/840 [00:09<06:47,  2.04it/s]
  1%|▏         | 12/840 [00:10<05:05,  2.71it/s]
  2%|▏         | 13/840 [00:11<04:28,  3.08it/s]
  2%|▏         | 15/840 [00:11<04:12,  3.27it/s]
  2%|▏         | 17/840 [00:18<17:18,  1.26s/it]
  2%|▏         | 18/840 [00:18<14:22,  1.05s/it][gen] 300 rows (300/12600 titles, 0 dropped, 20/840 batches)

  2%|▏         | 20/840 [00:18<10:14,  1.33it/s]
  3%|▎         | 22/840 [00:19<08:35,  1.59it/s]
  3%|▎         | 24/840 [00:19<06:13,  2.18it/s]
  3%|▎         | 25/840 [00:19<05:26,  2.50it/s]
  3%|▎         | 26/840 [00:20<05:37,  2.41it/s]
  3%|▎         | 27/840 [00:20<05:12,  2.60it/s]
  4%|▎         | 30/840 [00:20<03:03,  4.41it/s]
  4%|▍         | 32/840 [00:21<03:14,  4.15it/s]
  4%|▍         | 33/840 [00:27<17:45,  1.32s/it]
  4%|▍         | 34/840 [00:27<14:55,  1.11s/it]
  4%|▍         | 35/840 [00:27<12:01,  1.12it/s]
  4%|▍         | 37/840 [00:28<07:46,  1.72it/s]
  5%|▍         | 38/840 [00:28<07:03,  1.89it/s]
  5%|▍         | 39/840 [00:28<05:45,  2.32it/s][gen] 600 rows (600/12600 titles, 0 dropped, 40/840 batches)

  5%|▍         | 40/840 [00:28<05:42,  2.34it/s]
  5%|▍         | 41/840 [00:29<06:26,  2.07it/s]
  5%|▌         | 42/840 [00:29<05:33,  2.40it/s]
  5%|▌         | 43/840 [00:30<05:30,  2.41it/s]
  5%|▌         | 44/840 [00:30<04:40,  2.84it/s]
  5%|▌         | 45/840 [00:30<03:56,  3.36it/s]
  5%|▌         | 46/840 [00:30<03:27,  3.82it/s]
  6%|▌         | 47/840 [00:30<03:19,  3.98it/s]
  6%|▌         | 48/840 [00:31<02:51,  4.62it/s]
  6%|▌         | 49/840 [00:36<25:06,  1.90s/it]
  6%|▌         | 50/840 [00:37<19:19,  1.47s/it]
  6%|▌         | 51/840 [00:37<15:38,  1.19s/it]
  6%|▋         | 53/840 [00:38<09:22,  1.40it/s]
  6%|▋         | 54/840 [00:38<07:44,  1.69it/s]
  7%|▋         | 56/840 [00:38<05:05,  2.57it/s]
  7%|▋         | 57/840 [00:39<04:59,  2.61it/s]
  7%|▋         | 58/840 [00:39<06:14,  2.09it/s]
  7%|▋         | 59/840 [00:39<05:10,  2.51it/s][gen] 900 rows (900/12600 titles, 0 dropped, 60/840 batches)

  7%|▋         | 60/840 [00:40<04:16,  3.04it/s]
  7%|▋         | 62/840 [00:40<03:36,  3.60it/s]
  8%|▊         | 63/840 [00:41<04:30,  2.87it/s]
  8%|▊         | 64/840 [00:41<06:04,  2.13it/s]
  8%|▊         | 65/840 [00:47<22:05,  1.71s/it]
  8%|▊         | 67/840 [00:47<13:42,  1.06s/it]
  8%|▊         | 68/840 [00:47<11:33,  1.11it/s]
  8%|▊         | 71/840 [00:48<06:16,  2.04it/s]
  9%|▊         | 72/840 [00:48<05:21,  2.39it/s]
  9%|▉         | 74/840 [00:49<05:37,  2.27it/s]
  9%|▉         | 75/840 [00:49<04:54,  2.60it/s]
  9%|▉         | 76/840 [00:49<04:16,  2.98it/s]
  9%|▉         | 77/840 [00:50<05:12,  2.44it/s]
  9%|▉         | 79/840 [00:51<05:31,  2.30it/s][gen] 1200 rows (1200/12600 titles, 0 dropped, 80/840 batches)

 10%|▉         | 80/840 [00:51<06:20,  2.00it/s]
 10%|▉         | 81/840 [00:56<18:27,  1.46s/it]
 10%|▉         | 82/840 [00:57<16:40,  1.32s/it]
 10%|▉         | 83/840 [00:57<13:02,  1.03s/it]
 10%|█         | 84/840 [00:57<09:53,  1.27it/s]
 10%|█         | 85/840 [00:57<07:28,  1.68it/s]
 10%|█         | 86/840 [00:57<05:47,  2.17it/s]
 10%|█         | 88/840 [00:58<04:55,  2.54it/s]
 11%|█         | 89/840 [00:59<05:18,  2.36it/s]
 11%|█         | 90/840 [00:59<04:56,  2.53it/s]
 11%|█         | 92/840 [01:00<05:22,  2.32it/s]
 11%|█         | 93/840 [01:00<04:38,  2.69it/s]
 11%|█         | 94/840 [01:00<05:05,  2.44it/s]
 11%|█▏        | 95/840 [01:03<11:40,  1.06it/s]
 11%|█▏        | 96/840 [01:04<13:37,  1.10s/it]
 12%|█▏        | 97/840 [01:07<19:30,  1.57s/it]
 12%|█▏        | 98/840 [01:08<17:23,  1.41s/it]
 12%|█▏        | 99/840 [01:08<13:08,  1.06s/it][gen] 1500 rows (1500/12600 titles, 0 dropped, 100/840 batches)

 12%|█▏        | 100/840 [01:09<09:44,  1.27it/s]
 12%|█▏        | 101/840 [01:09<08:11,  1.50it/s]
 12%|█▏        | 102/840 [01:09<06:18,  1.95it/s]
 12%|█▏        | 103/840 [01:10<06:10,  1.99it/s]
 12%|█▏        | 104/840 [01:10<05:05,  2.41it/s]
 12%|█▎        | 105/840 [01:10<05:07,  2.39it/s]
 13%|█▎        | 108/840 [01:11<04:08,  2.94it/s]
 13%|█▎        | 109/840 [01:13<07:16,  1.67it/s]
 13%|█▎        | 111/840 [01:14<07:55,  1.53it/s]
 13%|█▎        | 112/840 [01:18<15:31,  1.28s/it]
 14%|█▎        | 114/840 [01:18<10:01,  1.21it/s]
 14%|█▍        | 116/840 [01:19<07:53,  1.53it/s]
 14%|█▍        | 117/840 [01:19<06:33,  1.84it/s]
 14%|█▍        | 118/840 [01:19<07:07,  1.69it/s]
 14%|█▍        | 119/840 [01:20<06:48,  1.77it/s][gen] 1800 rows (1800/12600 titles, 0 dropped, 120/840 batches)

 15%|█▍        | 122/840 [01:20<03:43,  3.21it/s]
 15%|█▍        | 123/840 [01:20<03:25,  3.48it/s]
 15%|█▍        | 124/840 [01:21<05:56,  2.01it/s]
 15%|█▌        | 126/840 [01:22<05:13,  2.28it/s]
 15%|█▌        | 127/840 [01:24<08:14,  1.44it/s]
 15%|█▌        | 128/840 [01:27<15:23,  1.30s/it]
 15%|█▌        | 129/840 [01:27<12:14,  1.03s/it]
 16%|█▌        | 131/840 [01:28<09:07,  1.30it/s]
 16%|█▌        | 132/840 [01:28<07:52,  1.50it/s]
 16%|█▌        | 133/840 [01:29<06:55,  1.70it/s]
 16%|█▌        | 134/840 [01:29<05:37,  2.09it/s]
 16%|█▌        | 135/840 [01:29<05:12,  2.26it/s]
 16%|█▋        | 137/840 [01:30<04:07,  2.84it/s]
 17%|█▋        | 139/840 [01:31<04:42,  2.48it/s][gen] 2100 rows (2100/12600 titles, 0 dropped, 140/840 batches)

 17%|█▋        | 140/840 [01:31<03:58,  2.93it/s]
 17%|█▋        | 141/840 [01:31<04:36,  2.53it/s]
 17%|█▋        | 142/840 [01:32<06:08,  1.89it/s]
 17%|█▋        | 143/840 [01:34<09:23,  1.24it/s]
 17%|█▋        | 144/840 [01:36<14:49,  1.28s/it]
 17%|█▋        | 145/840 [01:38<16:16,  1.40s/it]
 17%|█▋        | 146/840 [01:39<13:04,  1.13s/it]
 18%|█▊        | 147/840 [01:39<10:40,  1.08it/s]
 18%|█▊        | 150/840 [01:39<05:33,  2.07it/s]
 18%|█▊        | 151/840 [01:40<05:29,  2.09it/s]
 18%|█▊        | 152/840 [01:40<05:05,  2.25it/s]
 18%|█▊        | 154/840 [01:40<03:24,  3.35it/s]
 18%|█▊        | 155/840 [01:41<04:25,  2.58it/s]
 19%|█▊        | 156/840 [01:41<04:08,  2.76it/s]
 19%|█▊        | 157/840 [01:42<04:44,  2.40it/s]
 19%|█▉        | 158/840 [01:42<03:48,  2.99it/s]
 19%|█▉        | 159/840 [01:43<05:55,  1.92it/s][gen] 2399 rows (2399/12600 titles, 0 dropped, 160/840 batches)

 19%|█▉        | 160/840 [01:46<12:29,  1.10s/it]
 19%|█▉        | 161/840 [01:48<15:23,  1.36s/it]
 19%|█▉        | 162/840 [01:48<12:59,  1.15s/it]
 19%|█▉        | 163/840 [01:49<10:21,  1.09it/s]
 20%|█▉        | 164/840 [01:50<10:18,  1.09it/s]
 20%|█▉        | 166/840 [01:50<06:02,  1.86it/s]
 20%|█▉        | 167/840 [01:50<05:27,  2.06it/s]
 20%|██        | 168/840 [01:50<04:53,  2.29it/s]
 20%|██        | 169/840 [01:51<05:38,  1.98it/s]
 20%|██        | 170/840 [01:51<04:27,  2.50it/s]
 20%|██        | 171/840 [01:51<04:05,  2.73it/s]
 20%|██        | 172/840 [01:52<03:23,  3.28it/s]
 21%|██        | 173/840 [01:52<03:33,  3.13it/s]
 21%|██        | 174/840 [01:53<06:41,  1.66it/s]
 21%|██        | 175/840 [01:54<07:02,  1.57it/s]
 21%|██        | 176/840 [01:59<20:04,  1.81s/it]
 21%|██        | 177/840 [01:59<15:51,  1.44s/it]
 21%|██        | 178/840 [01:59<11:55,  1.08s/it]
 21%|██▏       | 179/840 [02:00<09:10,  1.20it/s][gen] 2699 rows (2699/12600 titles, 0 dropped, 180/840 batches)

 21%|██▏       | 180/840 [02:00<07:05,  1.55it/s]
 22%|██▏       | 181/840 [02:00<05:56,  1.85it/s]
 22%|██▏       | 182/840 [02:01<05:30,  1.99it/s]
 22%|██▏       | 184/840 [02:01<03:32,  3.09it/s]
 22%|██▏       | 185/840 [02:01<04:25,  2.47it/s]
 22%|██▏       | 187/840 [02:02<03:36,  3.02it/s]
 22%|██▎       | 189/840 [02:02<03:19,  3.26it/s]
 23%|██▎       | 190/840 [02:04<06:49,  1.59it/s]
 23%|██▎       | 191/840 [02:05<08:21,  1.29it/s]
 23%|██▎       | 192/840 [02:09<14:50,  1.37s/it]
 23%|██▎       | 194/840 [02:09<09:19,  1.15it/s]
 23%|██▎       | 196/840 [02:09<06:24,  1.68it/s]
 23%|██▎       | 197/840 [02:10<06:09,  1.74it/s]
 24%|██▎       | 198/840 [02:10<05:41,  1.88it/s]
 24%|██▎       | 199/840 [02:12<08:18,  1.28it/s][gen] 2999 rows (2999/12600 titles, 0 dropped, 200/840 batches)

 24%|██▍       | 200/840 [02:12<07:03,  1.51it/s]
 24%|██▍       | 201/840 [02:13<07:18,  1.46it/s]
 24%|██▍       | 203/840 [02:13<04:48,  2.20it/s]
 24%|██▍       | 204/840 [02:13<04:38,  2.28it/s]
 24%|██▍       | 205/840 [02:14<04:48,  2.20it/s]
 25%|██▍       | 207/840 [02:17<09:46,  1.08it/s]
 25%|██▍       | 208/840 [02:19<11:52,  1.13s/it]
 25%|██▍       | 209/840 [02:19<09:49,  1.07it/s]
 25%|██▌       | 210/840 [02:20<09:16,  1.13it/s]
 25%|██▌       | 212/840 [02:20<05:41,  1.84it/s]
 25%|██▌       | 214/840 [02:20<03:58,  2.63it/s]
 26%|██▌       | 215/840 [02:22<05:52,  1.77it/s]
 26%|██▌       | 216/840 [02:22<06:33,  1.59it/s]
 26%|██▌       | 217/840 [02:23<06:18,  1.65it/s]
 26%|██▌       | 218/840 [02:23<05:22,  1.93it/s]
 26%|██▌       | 219/840 [02:24<04:46,  2.17it/s][gen] 3299 rows (3299/12600 titles, 0 dropped, 220/840 batches)

 26%|██▌       | 220/840 [02:24<04:06,  2.51it/s]
 26%|██▋       | 221/840 [02:25<05:57,  1.73it/s]
 26%|██▋       | 222/840 [02:26<08:32,  1.21it/s]
 27%|██▋       | 223/840 [02:27<06:53,  1.49it/s]
 27%|██▋       | 224/840 [02:28<09:54,  1.04it/s]
 27%|██▋       | 225/840 [02:29<09:08,  1.12it/s]
 27%|██▋       | 226/840 [02:30<08:48,  1.16it/s]
 27%|██▋       | 227/840 [02:30<07:17,  1.40it/s]
 27%|██▋       | 228/840 [02:30<05:52,  1.74it/s]
 27%|██▋       | 229/840 [02:32<08:14,  1.24it/s]
 27%|██▋       | 230/840 [02:32<07:53,  1.29it/s]
 28%|██▊       | 231/840 [02:33<06:17,  1.61it/s]
 28%|██▊       | 232/840 [02:33<05:53,  1.72it/s]
 28%|██▊       | 233/840 [02:34<05:10,  1.96it/s]
 28%|██▊       | 234/840 [02:34<04:23,  2.30it/s]
 28%|██▊       | 235/840 [02:34<04:28,  2.25it/s]
 28%|██▊       | 236/840 [02:35<05:03,  1.99it/s]
 28%|██▊       | 237/840 [02:36<07:06,  1.41it/s]
 28%|██▊       | 238/840 [02:36<05:54,  1.70it/s]
 28%|██▊       | 239/840 [02:37<05:24,  1.85it/s][gen] 3599 rows (3599/12600 titles, 0 dropped, 240/840 batches)

 29%|██▊       | 240/840 [02:39<10:28,  1.05s/it]
 29%|██▊       | 241/840 [02:39<08:20,  1.20it/s]
 29%|██▉       | 242/840 [02:40<06:45,  1.47it/s]
 29%|██▉       | 243/840 [02:41<07:41,  1.29it/s]
 29%|██▉       | 244/840 [02:41<05:50,  1.70it/s]
 29%|██▉       | 245/840 [02:42<08:48,  1.13it/s]
 29%|██▉       | 246/840 [02:43<07:47,  1.27it/s]
 29%|██▉       | 247/840 [02:43<05:56,  1.66it/s]
 30%|██▉       | 248/840 [02:43<05:05,  1.94it/s]
 30%|██▉       | 249/840 [02:44<03:57,  2.49it/s]
 30%|██▉       | 251/840 [02:44<02:52,  3.41it/s]
 30%|███       | 252/840 [02:45<03:55,  2.50it/s]
 30%|███       | 253/840 [02:46<05:35,  1.75it/s]
 30%|███       | 254/840 [02:46<04:36,  2.12it/s]
 30%|███       | 255/840 [02:47<07:23,  1.32it/s]
 30%|███       | 256/840 [02:49<10:34,  1.09s/it]
 31%|███       | 257/840 [02:50<09:40,  1.00it/s]
 31%|███       | 258/840 [02:51<08:06,  1.20it/s]
 31%|███       | 259/840 [02:52<08:39,  1.12it/s][gen] 3899 rows (3899/12600 titles, 0 dropped, 260/840 batches)

 31%|███       | 260/840 [02:52<07:07,  1.36it/s]
 31%|███       | 261/840 [02:53<07:38,  1.26it/s]
 31%|███▏      | 263/840 [02:54<05:34,  1.72it/s]
 31%|███▏      | 264/840 [02:54<04:58,  1.93it/s]
 32%|███▏      | 265/840 [02:55<05:17,  1.81it/s]
 32%|███▏      | 267/840 [02:55<04:02,  2.37it/s]
 32%|███▏      | 268/840 [02:56<04:36,  2.07it/s]
 32%|███▏      | 269/840 [02:57<05:22,  1.77it/s]
 32%|███▏      | 270/840 [02:58<06:32,  1.45it/s]
 32%|███▏      | 272/840 [03:00<07:43,  1.23it/s]
 32%|███▎      | 273/840 [03:01<08:56,  1.06it/s]
 33%|███▎      | 274/840 [03:01<07:29,  1.26it/s]
 33%|███▎      | 275/840 [03:02<08:30,  1.11it/s]
 33%|███▎      | 276/840 [03:03<07:55,  1.19it/s]
 33%|███▎      | 277/840 [03:04<07:38,  1.23it/s]
 33%|███▎      | 278/840 [03:04<06:04,  1.54it/s]
 33%|███▎      | 279/840 [03:04<04:52,  1.92it/s][gen] 4199 rows (4199/12600 titles, 0 dropped, 280/840 batches)

 33%|███▎      | 280/840 [03:04<03:46,  2.47it/s]
 34%|███▎      | 282/840 [03:05<03:16,  2.84it/s]
 34%|███▎      | 283/840 [03:06<04:01,  2.30it/s]
 34%|███▍      | 284/840 [03:06<04:06,  2.25it/s]
 34%|███▍      | 285/840 [03:08<06:26,  1.44it/s]
 34%|███▍      | 286/840 [03:08<05:06,  1.81it/s]
 34%|███▍      | 287/840 [03:08<05:17,  1.74it/s]
 34%|███▍      | 288/840 [03:11<11:46,  1.28s/it]
 34%|███▍      | 289/840 [03:13<12:46,  1.39s/it]
 35%|███▍      | 290/840 [03:14<12:11,  1.33s/it]
 35%|███▍      | 292/840 [03:15<07:17,  1.25it/s]
 35%|███▍      | 293/840 [03:15<05:44,  1.59it/s]
 35%|███▌      | 294/840 [03:15<05:27,  1.67it/s]
 35%|███▌      | 295/840 [03:15<04:17,  2.11it/s]
 35%|███▌      | 296/840 [03:16<04:40,  1.94it/s]
 35%|███▌      | 297/840 [03:16<03:45,  2.41it/s]
 35%|███▌      | 298/840 [03:18<07:09,  1.26it/s]
 36%|███▌      | 299/840 [03:18<06:12,  1.45it/s][gen] 4499 rows (4499/12600 titles, 0 dropped, 300/840 batches)

 36%|███▌      | 301/840 [03:18<03:35,  2.50it/s]
 36%|███▌      | 302/840 [03:20<05:24,  1.66it/s]
 36%|███▌      | 303/840 [03:21<06:36,  1.35it/s]
 36%|███▌      | 304/840 [03:24<11:33,  1.29s/it]
 36%|███▋      | 306/840 [03:24<07:40,  1.16it/s]
 37%|███▋      | 307/840 [03:25<07:39,  1.16it/s]
 37%|███▋      | 309/840 [03:25<04:46,  1.85it/s]
 37%|███▋      | 310/840 [03:26<04:58,  1.78it/s]
 37%|███▋      | 311/840 [03:26<05:00,  1.76it/s]
 37%|███▋      | 313/840 [03:27<03:47,  2.31it/s]
 37%|███▋      | 314/840 [03:28<05:29,  1.60it/s]
 38%|███▊      | 315/840 [03:29<05:49,  1.50it/s]
 38%|███▊      | 317/840 [03:29<04:00,  2.17it/s]
 38%|███▊      | 318/840 [03:30<04:23,  1.98it/s]
 38%|███▊      | 319/840 [03:31<06:10,  1.41it/s][gen] 4799 rows (4799/12600 titles, 0 dropped, 320/840 batches)

 38%|███▊      | 320/840 [03:34<10:50,  1.25s/it]
 38%|███▊      | 322/840 [03:35<07:24,  1.17it/s]
 38%|███▊      | 323/840 [03:35<06:39,  1.30it/s]
 39%|███▊      | 324/840 [03:36<05:49,  1.48it/s]
 39%|███▊      | 325/840 [03:36<05:02,  1.70it/s]
 39%|███▉      | 326/840 [03:37<05:24,  1.58it/s]
 39%|███▉      | 327/840 [03:37<05:35,  1.53it/s]
 39%|███▉      | 328/840 [03:38<06:14,  1.37it/s]
 39%|███▉      | 329/840 [03:39<05:27,  1.56it/s]
 39%|███▉      | 330/840 [03:39<04:25,  1.92it/s]
 39%|███▉      | 331/840 [03:39<04:33,  1.86it/s]
 40%|███▉      | 332/840 [03:40<04:32,  1.86it/s]
 40%|███▉      | 333/840 [03:42<08:49,  1.04s/it]
 40%|███▉      | 335/840 [03:43<06:22,  1.32it/s]
 40%|████      | 336/840 [03:43<05:30,  1.53it/s]
 40%|████      | 337/840 [03:44<05:11,  1.62it/s]
 40%|████      | 338/840 [03:45<05:41,  1.47it/s]
 40%|████      | 339/840 [03:45<04:20,  1.93it/s][gen] 5099 rows (5099/12600 titles, 0 dropped, 340/840 batches)

 40%|████      | 340/840 [03:45<04:02,  2.07it/s][gen] API retry 1/6 after 2.0s: request exception: Response ended prematurely

 41%|████      | 341/840 [03:48<08:14,  1.01it/s][gen] API retry 1/6 after 2.0s: request exception: Response ended prematurely

 41%|████      | 342/840 [03:48<08:02,  1.03it/s]
 41%|████      | 344/840 [03:49<04:59,  1.66it/s][gen] API retry 1/6 after 2.0s: request exception: Response ended prematurely

 41%|████      | 345/840 [03:52<09:27,  1.15s/it][gen] API retry 1/6 after 2.0s: request exception: Response ended prematurely

 41%|████      | 346/840 [03:52<08:13,  1.00it/s]
 41%|████▏     | 347/840 [03:52<06:24,  1.28it/s]
 41%|████▏     | 348/840 [03:54<09:15,  1.13s/it][gen] API retry 1/6 after 2.0s: request exception: Response ended prematurely

 42%|████▏     | 351/840 [03:55<05:05,  1.60it/s]
 42%|████▏     | 352/840 [03:59<10:06,  1.24s/it]
 42%|████▏     | 353/840 [03:59<08:47,  1.08s/it]
 42%|████▏     | 354/840 [03:59<07:06,  1.14it/s]
 42%|████▏     | 355/840 [04:00<05:44,  1.41it/s]
 42%|████▏     | 356/840 [04:01<07:01,  1.15it/s]
 42%|████▎     | 357/840 [04:02<06:58,  1.15it/s]
 43%|████▎     | 358/840 [04:02<06:26,  1.25it/s]
 43%|████▎     | 359/840 [04:03<06:15,  1.28it/s][gen] 5399 rows (5399/12600 titles, 0 dropped, 360/840 batches)

 43%|████▎     | 360/840 [04:03<04:39,  1.72it/s]
 43%|████▎     | 361/840 [04:04<03:49,  2.09it/s]
 43%|████▎     | 362/840 [04:05<05:17,  1.50it/s]
 43%|████▎     | 363/840 [04:05<05:05,  1.56it/s]
 43%|████▎     | 365/840 [04:06<04:01,  1.97it/s]
 44%|████▎     | 366/840 [04:06<03:51,  2.05it/s]
 44%|████▎     | 367/840 [04:07<04:21,  1.81it/s]
 44%|████▍     | 368/840 [04:09<08:16,  1.05s/it]
 44%|████▍     | 369/840 [04:10<07:33,  1.04it/s]
 44%|████▍     | 370/840 [04:10<05:38,  1.39it/s]
 44%|████▍     | 371/840 [04:11<05:56,  1.31it/s]
 44%|████▍     | 372/840 [04:12<05:24,  1.44it/s]
 44%|████▍     | 373/840 [04:12<04:28,  1.74it/s]
 45%|████▍     | 374/840 [04:13<04:17,  1.81it/s]
 45%|████▍     | 375/840 [04:13<04:54,  1.58it/s]
 45%|████▍     | 376/840 [04:14<04:40,  1.65it/s]
 45%|████▍     | 377/840 [04:15<04:54,  1.57it/s]
 45%|████▌     | 378/840 [04:17<08:35,  1.12s/it]
 45%|████▌     | 379/840 [04:18<08:00,  1.04s/it][gen] 5699 rows (5699/12600 titles, 0 dropped, 380/840 batches)

 45%|████▌     | 381/840 [04:18<05:20,  1.43it/s]
 45%|████▌     | 382/840 [04:19<05:35,  1.37it/s]
 46%|████▌     | 383/840 [04:20<05:01,  1.52it/s]
 46%|████▌     | 384/840 [04:20<04:18,  1.77it/s]
 46%|████▌     | 385/840 [04:21<04:45,  1.59it/s]
 46%|████▌     | 386/840 [04:22<06:32,  1.16it/s]
 46%|████▌     | 387/840 [04:23<05:33,  1.36it/s]
 46%|████▌     | 388/840 [04:23<04:52,  1.54it/s]
 46%|████▋     | 389/840 [04:23<04:06,  1.83it/s]
 47%|████▋     | 391/840 [04:24<02:57,  2.52it/s]
 47%|████▋     | 392/840 [04:25<04:09,  1.80it/s]
 47%|████▋     | 393/840 [04:26<06:16,  1.19it/s]
 47%|████▋     | 394/840 [04:27<06:08,  1.21it/s]
 47%|████▋     | 395/840 [04:28<05:28,  1.35it/s]
 47%|████▋     | 396/840 [04:28<05:05,  1.45it/s]
 47%|████▋     | 398/840 [04:29<03:48,  1.93it/s]
 48%|████▊     | 399/840 [04:30<03:58,  1.85it/s][gen] 5999 rows (5999/12600 titles, 0 dropped, 400/840 batches)

 48%|████▊     | 400/840 [04:32<07:25,  1.01s/it]
 48%|████▊     | 401/840 [04:33<06:54,  1.06it/s]
 48%|████▊     | 402/840 [04:33<05:13,  1.40it/s]
 48%|████▊     | 403/840 [04:33<04:51,  1.50it/s]
 48%|████▊     | 404/840 [04:34<04:35,  1.58it/s]
 48%|████▊     | 405/840 [04:34<04:17,  1.69it/s]
 48%|████▊     | 406/840 [04:35<04:20,  1.67it/s]
 49%|████▊     | 408/840 [04:35<02:41,  2.67it/s]
 49%|████▊     | 409/840 [04:37<05:09,  1.39it/s]
 49%|████▉     | 410/840 [04:39<07:08,  1.00it/s]
 49%|████▉     | 412/840 [04:39<04:21,  1.64it/s]
 49%|████▉     | 414/840 [04:40<04:21,  1.63it/s]
 49%|████▉     | 415/840 [04:42<05:55,  1.20it/s]
 50%|████▉     | 416/840 [04:43<06:15,  1.13it/s]
 50%|████▉     | 417/840 [04:44<05:55,  1.19it/s]
 50%|████▉     | 418/840 [04:44<04:33,  1.55it/s]
 50%|████▉     | 419/840 [04:45<05:00,  1.40it/s][gen] 6299 rows (6299/12600 titles, 0 dropped, 420/840 batches)

 50%|█████     | 420/840 [04:45<05:11,  1.35it/s]
 50%|█████     | 421/840 [04:46<04:16,  1.63it/s]
 50%|█████     | 422/840 [04:46<03:56,  1.77it/s]
 50%|█████     | 423/840 [04:48<06:25,  1.08it/s]
 50%|█████     | 424/840 [04:49<06:19,  1.10it/s]
 51%|█████     | 425/840 [04:49<05:01,  1.38it/s]
 51%|█████     | 426/840 [04:50<04:43,  1.46it/s]
 51%|█████     | 427/840 [04:51<05:08,  1.34it/s]
 51%|█████     | 428/840 [04:51<04:43,  1.45it/s]
 51%|█████     | 429/840 [04:52<05:22,  1.27it/s]
 51%|█████▏    | 431/840 [04:53<04:10,  1.63it/s]
 51%|█████▏    | 432/840 [04:55<06:24,  1.06it/s]
 52%|█████▏    | 435/840 [04:56<03:50,  1.76it/s]
 52%|█████▏    | 436/840 [04:56<04:07,  1.64it/s]
 52%|█████▏    | 437/840 [04:58<06:16,  1.07it/s]
 52%|█████▏    | 438/840 [04:59<05:17,  1.26it/s][gen] 6599 rows (6599/12600 titles, 0 dropped, 440/840 batches)

 52%|█████▏    | 440/840 [04:59<04:01,  1.66it/s]
 52%|█████▎    | 441/840 [05:00<04:42,  1.41it/s]
 53%|█████▎    | 442/840 [05:01<04:48,  1.38it/s]
 53%|█████▎    | 443/840 [05:03<06:26,  1.03it/s]
 53%|█████▎    | 444/840 [05:04<06:38,  1.01s/it]
 53%|█████▎    | 445/840 [05:04<05:13,  1.26it/s]
 53%|█████▎    | 446/840 [05:05<05:19,  1.23it/s]
 53%|█████▎    | 447/840 [05:06<04:46,  1.37it/s]
 53%|█████▎    | 448/840 [05:07<05:11,  1.26it/s]
 54%|█████▎    | 450/840 [05:08<04:28,  1.45it/s]
 54%|█████▎    | 451/840 [05:08<03:45,  1.73it/s]
 54%|█████▍    | 452/840 [05:08<03:02,  2.13it/s]
 54%|█████▍    | 453/840 [05:08<02:49,  2.29it/s]
 54%|█████▍    | 454/840 [05:09<03:31,  1.82it/s]
 54%|█████▍    | 455/840 [05:10<04:08,  1.55it/s]
 54%|█████▍    | 456/840 [05:11<04:38,  1.38it/s]
 54%|█████▍    | 457/840 [05:11<03:28,  1.83it/s]
 55%|█████▍    | 458/840 [05:13<05:32,  1.15it/s]
 55%|█████▍    | 459/840 [05:13<04:48,  1.32it/s][gen] 6899 rows (6899/12600 titles, 0 dropped, 460/840 batches)

 55%|█████▍    | 460/840 [05:15<06:28,  1.02s/it]
 55%|█████▍    | 461/840 [05:16<05:58,  1.06it/s]
 55%|█████▌    | 462/840 [05:16<05:13,  1.21it/s]
 55%|█████▌    | 463/840 [05:16<03:51,  1.63it/s]
 55%|█████▌    | 464/840 [05:18<05:43,  1.09it/s]
 55%|█████▌    | 465/840 [05:18<04:16,  1.46it/s]
 55%|█████▌    | 466/840 [05:18<03:25,  1.82it/s]
 56%|█████▌    | 467/840 [05:19<02:54,  2.13it/s]
 56%|█████▌    | 469/840 [05:19<02:17,  2.70it/s]
 56%|█████▌    | 471/840 [05:20<02:29,  2.47it/s]
 56%|█████▌    | 472/840 [05:21<03:35,  1.71it/s]
 56%|█████▋    | 473/840 [05:22<04:12,  1.45it/s]
 56%|█████▋    | 474/840 [05:22<03:17,  1.85it/s]
 57%|█████▋    | 475/840 [05:23<03:19,  1.83it/s]
 57%|█████▋    | 476/840 [05:26<08:01,  1.32s/it]
 57%|█████▋    | 477/840 [05:27<06:31,  1.08s/it]
 57%|█████▋    | 478/840 [05:27<05:03,  1.19it/s]
 57%|█████▋    | 479/840 [05:28<04:15,  1.41it/s][gen] 7199 rows (7199/12600 titles, 0 dropped, 480/840 batches)

 57%|█████▋    | 480/840 [05:29<05:49,  1.03it/s]
 57%|█████▋    | 481/840 [05:30<04:50,  1.24it/s]
 57%|█████▋    | 482/840 [05:30<03:44,  1.59it/s]
 57%|█████▊    | 483/840 [05:30<02:50,  2.10it/s]
 58%|█████▊    | 485/840 [05:30<01:48,  3.26it/s]
 58%|█████▊    | 486/840 [05:31<02:31,  2.34it/s]
 58%|█████▊    | 488/840 [05:31<02:08,  2.75it/s]
 58%|█████▊    | 489/840 [05:34<04:53,  1.19it/s]
 58%|█████▊    | 491/840 [05:34<03:16,  1.77it/s]
 59%|█████▊    | 492/840 [05:37<06:03,  1.04s/it]
 59%|█████▊    | 493/840 [05:37<05:05,  1.13it/s]
 59%|█████▉    | 494/840 [05:37<04:00,  1.44it/s]
 59%|█████▉    | 495/840 [05:38<03:27,  1.66it/s]
 59%|█████▉    | 496/840 [05:39<04:13,  1.36it/s]
 59%|█████▉    | 497/840 [05:39<03:35,  1.59it/s]
 59%|█████▉    | 498/840 [05:39<03:03,  1.87it/s]
 59%|█████▉    | 499/840 [05:40<02:27,  2.31it/s][gen] 7499 rows (7499/12600 titles, 0 dropped, 500/840 batches)

 60%|█████▉    | 500/840 [05:40<02:17,  2.47it/s]
 60%|█████▉    | 501/840 [05:40<02:04,  2.73it/s]
 60%|█████▉    | 503/840 [05:41<02:10,  2.59it/s]
 60%|██████    | 504/840 [05:42<02:20,  2.39it/s]
 60%|██████    | 505/840 [05:44<04:42,  1.19it/s]
 60%|██████    | 506/840 [05:44<03:34,  1.56it/s]
 60%|██████    | 507/840 [05:44<02:43,  2.03it/s]
 60%|██████    | 508/840 [05:48<09:03,  1.64s/it]
 61%|██████    | 509/840 [05:49<06:50,  1.24s/it]
 61%|██████    | 510/840 [05:49<05:34,  1.01s/it]
 61%|██████    | 511/840 [05:49<04:28,  1.22it/s]
 61%|██████    | 513/840 [05:51<03:51,  1.41it/s]
 61%|██████    | 514/840 [05:51<03:02,  1.79it/s]
 62%|██████▏   | 517/840 [05:51<01:34,  3.42it/s]
 62%|██████▏   | 519/840 [05:52<02:08,  2.49it/s][gen] 7799 rows (7799/12600 titles, 0 dropped, 520/840 batches)

 62%|██████▏   | 520/840 [05:53<02:58,  1.79it/s]
 62%|██████▏   | 521/840 [05:54<02:37,  2.02it/s]
 62%|██████▏   | 522/840 [05:54<02:29,  2.13it/s]
 62%|██████▏   | 523/840 [05:54<02:09,  2.44it/s]
 62%|██████▏   | 524/840 [05:58<07:20,  1.40s/it]
 62%|██████▎   | 525/840 [05:59<06:23,  1.22s/it]
 63%|██████▎   | 526/840 [06:00<05:21,  1.02s/it]
 63%|██████▎   | 527/840 [06:01<05:49,  1.12s/it]
 63%|██████▎   | 529/840 [06:01<03:26,  1.51it/s]
 63%|██████▎   | 530/840 [06:01<02:47,  1.85it/s]
 63%|██████▎   | 532/840 [06:02<01:51,  2.77it/s]
 63%|██████▎   | 533/840 [06:03<02:40,  1.91it/s]
 64%|██████▎   | 534/840 [06:03<02:24,  2.12it/s]
 64%|██████▎   | 535/840 [06:04<03:12,  1.59it/s]
 64%|██████▍   | 536/840 [06:04<02:31,  2.01it/s]
 64%|██████▍   | 537/840 [06:04<02:09,  2.33it/s]
 64%|██████▍   | 538/840 [06:05<03:00,  1.67it/s]
 64%|██████▍   | 539/840 [06:07<03:49,  1.31it/s][gen] 8099 rows (8099/12600 titles, 0 dropped, 540/840 batches)

 64%|██████▍   | 540/840 [06:08<04:48,  1.04it/s]
 64%|██████▍   | 541/840 [06:09<04:29,  1.11it/s]
 65%|██████▍   | 542/840 [06:11<06:07,  1.23s/it]
 65%|██████▍   | 543/840 [06:11<04:34,  1.08it/s]
 65%|██████▍   | 544/840 [06:11<03:33,  1.39it/s]
 65%|██████▍   | 545/840 [06:11<02:38,  1.87it/s]
 65%|██████▌   | 546/840 [06:12<02:27,  1.99it/s]
 65%|██████▌   | 547/840 [06:12<02:35,  1.89it/s]
 65%|██████▌   | 548/840 [06:13<02:40,  1.82it/s]
 65%|██████▌   | 549/840 [06:14<03:14,  1.50it/s]
 65%|██████▌   | 550/840 [06:14<02:41,  1.80it/s]
 66%|██████▌   | 551/840 [06:14<02:08,  2.26it/s]
 66%|██████▌   | 552/840 [06:15<02:21,  2.04it/s]
 66%|██████▌   | 553/840 [06:16<03:43,  1.28it/s]
 66%|██████▌   | 554/840 [06:17<03:40,  1.29it/s]
 66%|██████▌   | 555/840 [06:19<04:37,  1.03it/s]
 66%|██████▌   | 556/840 [06:20<05:43,  1.21s/it]
 66%|██████▋   | 557/840 [06:21<05:16,  1.12s/it]
 66%|██████▋   | 558/840 [06:21<03:51,  1.22it/s]
 67%|██████▋   | 559/840 [06:22<02:57,  1.58it/s][gen] 8399 rows (8399/12600 titles, 0 dropped, 560/840 batches)

 67%|██████▋   | 560/840 [06:22<02:16,  2.05it/s]
 67%|██████▋   | 561/840 [06:22<02:19,  2.01it/s]
 67%|██████▋   | 563/840 [06:23<02:28,  1.86it/s]
 67%|██████▋   | 564/840 [06:24<02:40,  1.72it/s]
 67%|██████▋   | 565/840 [06:25<02:22,  1.93it/s]
 68%|██████▊   | 567/840 [06:25<01:43,  2.64it/s]
 68%|██████▊   | 568/840 [06:28<04:33,  1.00s/it]
 68%|██████▊   | 570/840 [06:29<03:23,  1.33it/s]
 68%|██████▊   | 571/840 [06:31<05:23,  1.20s/it]
 68%|██████▊   | 572/840 [06:32<05:01,  1.12s/it]
 68%|██████▊   | 573/840 [06:33<04:08,  1.07it/s]
 68%|██████▊   | 574/840 [06:34<03:57,  1.12it/s]
 68%|██████▊   | 575/840 [06:34<03:58,  1.11it/s]
 69%|██████▊   | 576/840 [06:35<03:42,  1.19it/s]
 69%|██████▊   | 577/840 [06:36<03:22,  1.30it/s]
 69%|██████▉   | 579/840 [06:36<01:56,  2.23it/s][gen] 8699 rows (8699/12600 titles, 0 dropped, 580/840 batches)

 69%|██████▉   | 580/840 [06:36<02:00,  2.15it/s]
 69%|██████▉   | 581/840 [06:37<01:45,  2.46it/s]
 69%|██████▉   | 582/840 [06:37<01:36,  2.66it/s]
 69%|██████▉   | 583/840 [06:38<02:00,  2.14it/s]
 70%|██████▉   | 584/840 [06:39<03:36,  1.19it/s]
 70%|██████▉   | 585/840 [06:41<04:00,  1.06it/s]
 70%|██████▉   | 586/840 [06:41<03:25,  1.24it/s]
 70%|██████▉   | 587/840 [06:44<05:45,  1.36s/it]
 70%|███████   | 589/840 [06:44<03:14,  1.29it/s]
 70%|███████   | 590/840 [06:45<03:16,  1.27it/s]
 70%|███████   | 591/840 [06:45<02:37,  1.58it/s]
 70%|███████   | 592/840 [06:46<03:14,  1.28it/s]
 71%|███████   | 594/840 [06:47<02:16,  1.81it/s]
 71%|███████   | 596/840 [06:47<01:58,  2.06it/s]
 71%|███████   | 597/840 [06:48<01:40,  2.42it/s]
 71%|███████   | 598/840 [06:48<01:31,  2.63it/s]
 71%|███████▏  | 599/840 [06:50<03:35,  1.12it/s][gen] 8999 rows (8999/12600 titles, 0 dropped, 600/840 batches)

 71%|███████▏  | 600/840 [06:51<03:08,  1.27it/s]
 72%|███████▏  | 601/840 [06:51<02:54,  1.37it/s]
 72%|███████▏  | 602/840 [06:54<05:38,  1.42s/it]
 72%|███████▏  | 604/840 [06:55<03:40,  1.07it/s]
 72%|███████▏  | 605/840 [06:56<03:18,  1.19it/s]
 72%|███████▏  | 606/840 [06:56<03:02,  1.28it/s]
 72%|███████▏  | 607/840 [06:57<02:36,  1.49it/s]
 72%|███████▏  | 608/840 [06:57<02:17,  1.69it/s]
 73%|███████▎  | 610/840 [06:58<01:41,  2.26it/s]
 73%|███████▎  | 611/840 [06:58<01:42,  2.24it/s]
 73%|███████▎  | 612/840 [06:58<01:24,  2.71it/s]
 73%|███████▎  | 613/840 [06:59<02:08,  1.77it/s]
 73%|███████▎  | 614/840 [07:00<01:54,  1.98it/s]
 73%|███████▎  | 615/840 [07:01<02:36,  1.44it/s]
 73%|███████▎  | 616/840 [07:01<02:22,  1.57it/s]
 73%|███████▎  | 617/840 [07:02<02:17,  1.62it/s]
 74%|███████▎  | 618/840 [07:05<04:34,  1.24s/it]
 74%|███████▎  | 619/840 [07:05<03:51,  1.05s/it][gen] 9299 rows (9299/12600 titles, 0 dropped, 620/840 batches)

 74%|███████▍  | 620/840 [07:06<03:10,  1.15it/s]
 74%|███████▍  | 621/840 [07:06<03:10,  1.15it/s]
 74%|███████▍  | 622/840 [07:08<03:50,  1.06s/it]
 74%|███████▍  | 623/840 [07:09<03:15,  1.11it/s]
 74%|███████▍  | 624/840 [07:09<02:24,  1.49it/s]
 74%|███████▍  | 625/840 [07:09<01:47,  2.00it/s]
 75%|███████▍  | 626/840 [07:09<01:23,  2.56it/s]
 75%|███████▍  | 628/840 [07:10<01:15,  2.83it/s]
 75%|███████▍  | 629/840 [07:10<01:12,  2.92it/s]
 75%|███████▌  | 630/840 [07:10<01:18,  2.67it/s]
 75%|███████▌  | 631/840 [07:12<02:27,  1.41it/s]
 75%|███████▌  | 632/840 [07:13<02:45,  1.25it/s]
 75%|███████▌  | 633/840 [07:16<05:15,  1.53s/it]
 75%|███████▌  | 634/840 [07:17<04:21,  1.27s/it]
 76%|███████▌  | 635/840 [07:17<03:12,  1.06it/s]
 76%|███████▌  | 636/840 [07:17<02:30,  1.36it/s]
 76%|███████▌  | 637/840 [07:18<02:54,  1.16it/s]
 76%|███████▌  | 638/840 [07:19<02:14,  1.50it/s][gen] 9599 rows (9599/12600 titles, 0 dropped, 640/840 batches)

 76%|███████▌  | 640/840 [07:19<01:34,  2.12it/s]
 76%|███████▋  | 642/840 [07:19<01:09,  2.87it/s]
 77%|███████▋  | 643/840 [07:20<01:27,  2.26it/s]
 77%|███████▋  | 644/840 [07:20<01:11,  2.73it/s]
 77%|███████▋  | 645/840 [07:22<01:52,  1.73it/s]
 77%|███████▋  | 646/840 [07:22<02:09,  1.50it/s]
 77%|███████▋  | 647/840 [07:24<02:49,  1.14it/s]
 77%|███████▋  | 648/840 [07:26<03:42,  1.16s/it]
 77%|███████▋  | 649/840 [07:27<03:40,  1.16s/it]
 77%|███████▋  | 650/840 [07:28<03:23,  1.07s/it]
 78%|███████▊  | 651/840 [07:28<02:39,  1.19it/s]
 78%|███████▊  | 652/840 [07:29<02:56,  1.06it/s]
 78%|███████▊  | 653/840 [07:30<02:32,  1.23it/s]
 78%|███████▊  | 654/840 [07:30<02:18,  1.35it/s]
 78%|███████▊  | 655/840 [07:31<01:52,  1.65it/s]
 78%|███████▊  | 656/840 [07:31<01:27,  2.11it/s]
 78%|███████▊  | 657/840 [07:31<01:38,  1.85it/s]
 78%|███████▊  | 658/840 [07:32<01:39,  1.83it/s]
 78%|███████▊  | 659/840 [07:33<01:53,  1.60it/s][gen] 9899 rows (9899/12600 titles, 0 dropped, 660/840 batches)

 79%|███████▊  | 661/840 [07:33<01:22,  2.16it/s]
 79%|███████▉  | 662/840 [07:34<01:40,  1.76it/s]
 79%|███████▉  | 663/840 [07:36<02:12,  1.33it/s]
 79%|███████▉  | 664/840 [07:37<02:36,  1.13it/s]
 79%|███████▉  | 665/840 [07:37<02:05,  1.39it/s]
 79%|███████▉  | 666/840 [07:38<01:59,  1.45it/s]
 79%|███████▉  | 667/840 [07:39<02:49,  1.02it/s]
 80%|███████▉  | 668/840 [07:40<02:13,  1.29it/s]
 80%|███████▉  | 669/840 [07:41<02:28,  1.15it/s]
 80%|███████▉  | 670/840 [07:41<01:55,  1.47it/s]
 80%|████████  | 672/840 [07:42<01:21,  2.05it/s]
 80%|████████  | 673/840 [07:42<01:10,  2.36it/s]
 80%|████████  | 674/840 [07:43<01:34,  1.77it/s]
 80%|████████  | 675/840 [07:43<01:23,  1.98it/s]
 80%|████████  | 676/840 [07:44<01:34,  1.74it/s]
 81%|████████  | 678/840 [07:45<01:35,  1.69it/s]
 81%|████████  | 679/840 [07:48<02:53,  1.08s/it][gen] 10199 rows (10199/12600 titles, 0 dropped, 680/840 batches)

 81%|████████  | 680/840 [07:48<02:21,  1.13it/s]
 81%|████████  | 682/840 [07:49<01:49,  1.44it/s]
 81%|████████▏ | 683/840 [07:49<01:45,  1.49it/s]
 81%|████████▏ | 684/840 [07:50<01:46,  1.47it/s]
 82%|████████▏ | 685/840 [07:51<01:37,  1.59it/s]
 82%|████████▏ | 686/840 [07:51<01:20,  1.92it/s]
 82%|████████▏ | 687/840 [07:51<01:03,  2.42it/s]
 82%|████████▏ | 688/840 [07:52<01:18,  1.94it/s]
 82%|████████▏ | 689/840 [07:52<01:05,  2.30it/s]
 82%|████████▏ | 690/840 [07:53<01:16,  1.96it/s]
 82%|████████▏ | 691/840 [07:53<00:58,  2.53it/s]
 82%|████████▏ | 692/840 [07:54<01:51,  1.33it/s]
 82%|████████▎ | 693/840 [07:55<01:23,  1.76it/s]
 83%|████████▎ | 694/840 [07:55<01:32,  1.58it/s]
 83%|████████▎ | 695/840 [07:58<02:37,  1.09s/it]
 83%|████████▎ | 696/840 [07:58<02:29,  1.04s/it]
 83%|████████▎ | 697/840 [08:00<02:40,  1.12s/it]
 83%|████████▎ | 698/840 [08:01<02:33,  1.08s/it]
 83%|████████▎ | 699/840 [08:01<01:57,  1.20it/s][gen] 10499 rows (10499/12600 titles, 0 dropped, 700/840 batches)

 83%|████████▎ | 700/840 [08:01<01:26,  1.63it/s]
 83%|████████▎ | 701/840 [08:01<01:05,  2.12it/s]
 84%|████████▎ | 702/840 [08:01<00:56,  2.46it/s]
 84%|████████▎ | 703/840 [08:02<00:53,  2.56it/s]
 84%|████████▍ | 704/840 [08:02<00:44,  3.06it/s]
 84%|████████▍ | 705/840 [08:02<00:41,  3.27it/s]
 84%|████████▍ | 706/840 [08:03<00:44,  3.01it/s]
 84%|████████▍ | 707/840 [08:04<01:04,  2.06it/s]
 84%|████████▍ | 708/840 [08:04<01:15,  1.75it/s]
 85%|████████▍ | 710/840 [08:05<01:15,  1.73it/s]
 85%|████████▍ | 711/840 [08:08<02:22,  1.10s/it]
 85%|████████▍ | 712/840 [08:10<02:35,  1.22s/it]
 85%|████████▍ | 713/840 [08:10<01:57,  1.08it/s]
 85%|████████▌ | 714/840 [08:10<01:34,  1.33it/s]
 85%|████████▌ | 715/840 [08:11<01:31,  1.37it/s]
 85%|████████▌ | 716/840 [08:11<01:10,  1.77it/s]
 85%|████████▌ | 717/840 [08:11<01:06,  1.85it/s]
 85%|████████▌ | 718/840 [08:12<00:51,  2.35it/s]
 86%|████████▌ | 719/840 [08:12<00:49,  2.43it/s][gen] 10799 rows (10799/12600 titles, 0 dropped, 720/840 batches)

 86%|████████▌ | 720/840 [08:12<00:41,  2.86it/s]
 86%|████████▌ | 722/840 [08:13<00:41,  2.82it/s]
 86%|████████▌ | 723/840 [08:13<00:38,  3.00it/s]
 86%|████████▌ | 724/840 [08:14<00:38,  2.98it/s]
 86%|████████▋ | 725/840 [08:14<00:33,  3.41it/s]
 86%|████████▋ | 726/840 [08:16<01:36,  1.19it/s]
 87%|████████▋ | 727/840 [08:19<02:49,  1.50s/it]
 87%|████████▋ | 728/840 [08:20<02:16,  1.22s/it]
 87%|████████▋ | 729/840 [08:20<02:03,  1.12s/it]
 87%|████████▋ | 731/840 [08:21<01:12,  1.50it/s]
 87%|████████▋ | 732/840 [08:21<01:08,  1.59it/s]
 87%|████████▋ | 733/840 [08:21<00:53,  1.99it/s]
 87%|████████▋ | 734/840 [08:22<01:00,  1.74it/s]
 88%|████████▊ | 735/840 [08:22<00:48,  2.18it/s]
 88%|████████▊ | 737/840 [08:24<00:53,  1.92it/s]
 88%|████████▊ | 738/840 [08:24<00:49,  2.07it/s][gen] 11099 rows (11099/12600 titles, 0 dropped, 740/840 batches)

 88%|████████▊ | 740/840 [08:24<00:33,  2.95it/s]
 88%|████████▊ | 741/840 [08:25<00:51,  1.91it/s]
 88%|████████▊ | 742/840 [08:26<00:44,  2.22it/s]
 88%|████████▊ | 743/840 [08:30<02:20,  1.45s/it]
 89%|████████▊ | 744/840 [08:31<01:58,  1.23s/it]
 89%|████████▊ | 745/840 [08:31<01:50,  1.17s/it]
 89%|████████▉ | 746/840 [08:32<01:26,  1.08it/s]
 89%|████████▉ | 748/840 [08:32<00:52,  1.77it/s]
 89%|████████▉ | 749/840 [08:34<01:16,  1.20it/s]
 89%|████████▉ | 750/840 [08:34<01:02,  1.43it/s]
 89%|████████▉ | 751/840 [08:34<00:48,  1.85it/s]
 90%|████████▉ | 752/840 [08:35<00:43,  2.00it/s]
 90%|████████▉ | 753/840 [08:35<00:47,  1.83it/s]
 90%|████████▉ | 755/840 [08:36<00:36,  2.33it/s]
 90%|█████████ | 756/840 [08:37<00:43,  1.93it/s]
 90%|█████████ | 757/840 [08:37<00:34,  2.41it/s]
 90%|█████████ | 759/840 [08:41<01:30,  1.11s/it][gen] 11399 rows (11399/12600 titles, 0 dropped, 760/840 batches)

 90%|█████████ | 760/840 [08:41<01:15,  1.07it/s]
 91%|█████████ | 761/840 [08:42<01:12,  1.09it/s]
 91%|█████████ | 763/840 [08:42<00:43,  1.79it/s]
 91%|█████████ | 764/840 [08:43<00:48,  1.58it/s]
 91%|█████████ | 765/840 [08:44<00:45,  1.65it/s]
 91%|█████████▏| 767/840 [08:45<00:49,  1.48it/s]
 91%|█████████▏| 768/840 [08:45<00:39,  1.80it/s]
 92%|█████████▏| 769/840 [08:45<00:32,  2.17it/s]
 92%|█████████▏| 770/840 [08:46<00:30,  2.29it/s]
 92%|█████████▏| 771/840 [08:46<00:24,  2.83it/s]
 92%|█████████▏| 773/840 [08:46<00:17,  3.83it/s]
 92%|█████████▏| 774/840 [08:47<00:29,  2.23it/s]
 92%|█████████▏| 775/840 [08:50<01:05,  1.01s/it]
 92%|█████████▏| 776/840 [08:51<01:05,  1.03s/it]
 93%|█████████▎| 778/840 [08:51<00:41,  1.50it/s]
 93%|█████████▎| 779/840 [08:52<00:44,  1.36it/s][gen] 11699 rows (11699/12600 titles, 0 dropped, 780/840 batches)

 93%|█████████▎| 780/840 [08:53<00:44,  1.34it/s]
 93%|█████████▎| 782/840 [08:54<00:36,  1.58it/s]
 93%|█████████▎| 783/840 [08:54<00:32,  1.78it/s]
 93%|█████████▎| 784/840 [08:55<00:29,  1.92it/s]
 93%|█████████▎| 785/840 [08:55<00:23,  2.35it/s]
 94%|█████████▎| 786/840 [08:55<00:18,  2.91it/s]
 94%|█████████▎| 787/840 [08:56<00:24,  2.20it/s]
 94%|█████████▍| 789/840 [08:57<00:23,  2.20it/s]
 94%|█████████▍| 790/840 [08:57<00:24,  2.08it/s]
 94%|█████████▍| 791/840 [09:00<00:47,  1.02it/s]
 94%|█████████▍| 792/840 [09:01<00:52,  1.09s/it]
 94%|█████████▍| 793/840 [09:02<00:55,  1.18s/it]
 95%|█████████▍| 794/840 [09:04<00:54,  1.19s/it]
 95%|█████████▍| 795/840 [09:05<00:49,  1.10s/it]
 95%|█████████▍| 796/840 [09:05<00:39,  1.12it/s]
 95%|█████████▌| 799/840 [09:05<00:17,  2.33it/s][gen] 11999 rows (11999/12600 titles, 0 dropped, 800/840 batches)

 95%|█████████▌| 800/840 [09:05<00:15,  2.59it/s]
 95%|█████████▌| 802/840 [09:07<00:19,  1.94it/s]
 96%|█████████▌| 804/840 [09:08<00:20,  1.72it/s]
 96%|█████████▌| 805/840 [09:11<00:34,  1.01it/s]
 96%|█████████▌| 806/840 [09:12<00:37,  1.10s/it]
 96%|█████████▌| 807/840 [09:13<00:32,  1.01it/s]
 96%|█████████▌| 808/840 [09:14<00:29,  1.08it/s]
 96%|█████████▋| 809/840 [09:15<00:28,  1.07it/s]
 96%|█████████▋| 810/840 [09:15<00:23,  1.29it/s]
 97%|█████████▋| 811/840 [09:15<00:17,  1.66it/s]
 97%|█████████▋| 812/840 [09:16<00:17,  1.56it/s]
 97%|█████████▋| 813/840 [09:17<00:17,  1.52it/s]
 97%|█████████▋| 814/840 [09:17<00:12,  2.01it/s]
 97%|█████████▋| 815/840 [09:17<00:10,  2.33it/s]
 97%|█████████▋| 816/840 [09:18<00:13,  1.83it/s]
 97%|█████████▋| 818/840 [09:18<00:07,  3.02it/s]
 98%|█████████▊| 819/840 [09:19<00:09,  2.30it/s][gen] 12299 rows (12299/12600 titles, 0 dropped, 820/840 batches)

 98%|█████████▊| 820/840 [09:21<00:17,  1.12it/s]
 98%|█████████▊| 821/840 [09:23<00:21,  1.14s/it]
 98%|█████████▊| 822/840 [09:23<00:15,  1.18it/s]
 98%|█████████▊| 823/840 [09:24<00:16,  1.04it/s]
 98%|█████████▊| 824/840 [09:25<00:14,  1.10it/s]
 98%|█████████▊| 827/840 [09:26<00:07,  1.85it/s]
 99%|█████████▊| 828/840 [09:26<00:05,  2.00it/s]
 99%|█████████▊| 829/840 [09:27<00:05,  1.91it/s]
 99%|█████████▉| 830/840 [09:28<00:06,  1.51it/s]
 99%|█████████▉| 831/840 [09:29<00:06,  1.39it/s]
 99%|█████████▉| 833/840 [09:29<00:03,  2.19it/s]
 99%|█████████▉| 834/840 [09:30<00:03,  1.55it/s]
 99%|█████████▉| 835/840 [09:31<00:03,  1.31it/s]
100%|█████████▉| 836/840 [09:33<00:04,  1.04s/it]
100%|█████████▉| 837/840 [09:33<00:02,  1.21it/s]
100%|█████████▉| 839/840 [09:34<00:00,  1.76it/s][gen] 12599 rows (12599/12600 titles, 0 dropped, 840/840 batches)

100%|██████████| 840/840 [09:35<00:00,  1.36it/s]
100%|██████████| 840/840 [09:35<00:00,  1.46it/s]
[gen] done. 12599 rows, 0 dropped for misalignment/empty across the run.

[modal] exit code: 0
