[modal] $ /usr/local/bin/python /workspace/track_b/b6_dexperts_gedi/run_dexperts.py --test-csv /workspace/store/data/source_neutrals.csv --n-items 300 --expert-dir /workspace/store/models/dexperts_expert --antiexpert-dir /workspace/store/models/dexperts_antiexpert --alphas 0.5,1,2,4 --top-k 50 --item-start 225 --item-end 300 --shard-tag _sh3 --out-dir /workspace/store/results/b6_dexperts
[b6-dexperts] test set: /workspace/store/data/source_neutrals.csv column=title n=75 (item_id 225..299)
[b6-dexperts] alphas=[0.5, 1.0, 2.0, 4.0] top_k=50 seeds=[42]
[b6-dexperts] expert=/workspace/store/models/dexperts_expert
[b6-dexperts] antiexpert=/workspace/store/models/dexperts_antiexpert
[b6-dexperts] planned rewrites: 900
[b6-dexperts] ETA @ 10 s/rewrite on GPU: 2.5 h (3 model forwards/step vs FUDGE's 1; use gpu2modal/gpu2vast).
[b6-dexperts] device = cuda
/usr/local/lib/python3.11/site-packages/transformers/utils/hub.py:128: FutureWarning: Using `TRANSFORMERS_CACHE` is deprecated and will be removed in v5 of Transformers. Use `HF_HOME` instead.
  warnings.warn(

Loading checkpoint shards:   0%|          | 0/4 [00:00<?, ?it/s]
Loading checkpoint shards:  25%|██▌       | 1/4 [00:05<00:16,  5.50s/it]
Loading checkpoint shards:  50%|█████     | 2/4 [00:10<00:10,  5.35s/it]
Loading checkpoint shards:  75%|███████▌  | 3/4 [00:16<00:05,  5.37s/it]
Loading checkpoint shards: 100%|██████████| 4/4 [00:19<00:00,  4.40s/it]
Loading checkpoint shards: 100%|██████████| 4/4 [00:19<00:00,  4.76s/it]
[b6-dexperts] raw generations -> /workspace/store/results/b6_dexperts/generations.jsonl
[b6-dexperts] -> /workspace/store/results/b6_dexperts/rewrites_dexperts_a0.5_s42_sh3.csv (resume: 0 rows present)
Starting from v4.46, the `logits` model output will have the same type as the model (except at train time, where it will always be FP32)
We detected that you are passing `past_key_values` as a tuple of tuples. This is deprecated and will be removed in v4.47. Please convert your cache or use an appropriate `Cache` class (https://huggingface.co/docs/transformers/kv_cache#legacy-cache-format)
[b6-dexperts] 25/900 rate=0.85/s ETA=17.1 min
[b6-dexperts] 50/900 rate=0.85/s ETA=16.7 min
[b6-dexperts] 75/900 rate=0.85/s ETA=16.2 min
[b6-dexperts] 100/900 rate=0.86/s ETA=15.5 min
[b6-dexperts] 125/900 rate=0.86/s ETA=15.0 min
[b6-dexperts] 150/900 rate=0.87/s ETA=14.3 min
[b6-dexperts] 175/900 rate=0.87/s ETA=13.9 min
[b6-dexperts] 200/900 rate=0.87/s ETA=13.4 min
[b6-dexperts] 225/900 rate=0.87/s ETA=12.9 min
[b6-dexperts] -> /workspace/store/results/b6_dexperts/rewrites_dexperts_a1.0_s42_sh3.csv (resume: 0 rows present)
[b6-dexperts] 250/900 rate=0.86/s ETA=12.6 min
[b6-dexperts] 275/900 rate=0.85/s ETA=12.3 min
[b6-dexperts] 300/900 rate=0.84/s ETA=11.8 min
[b6-dexperts] 325/900 rate=0.83/s ETA=11.5 min
[b6-dexperts] 350/900 rate=0.83/s ETA=11.1 min
[b6-dexperts] 375/900 rate=0.83/s ETA=10.5 min
[b6-dexperts] 400/900 rate=0.83/s ETA=10.1 min
[b6-dexperts] 425/900 rate=0.83/s ETA=9.6 min
[b6-dexperts] 450/900 rate=0.83/s ETA=9.1 min
[b6-dexperts] -> /workspace/store/results/b6_dexperts/rewrites_dexperts_a2.0_s42_sh3.csv (resume: 0 rows present)
[b6-dexperts] 475/900 rate=0.70/s ETA=10.1 min
[b6-dexperts] 500/900 rate=0.63/s ETA=10.7 min
[b6-dexperts] 525/900 rate=0.56/s ETA=11.2 min
[b6-dexperts] 550/900 rate=0.51/s ETA=11.4 min
[b6-dexperts] 575/900 rate=0.48/s ETA=11.3 min
[b6-dexperts] 600/900 rate=0.46/s ETA=10.8 min
[b6-dexperts] 625/900 rate=0.44/s ETA=10.4 min
[b6-dexperts] 650/900 rate=0.42/s ETA=9.9 min
[b6-dexperts] 675/900 rate=0.40/s ETA=9.4 min
[b6-dexperts] -> /workspace/store/results/b6_dexperts/rewrites_dexperts_a4.0_s42_sh3.csv (resume: 0 rows present)
[b6-dexperts] 700/900 rate=0.37/s ETA=8.9 min
[b6-dexperts] 725/900 rate=0.35/s ETA=8.3 min
[b6-dexperts] 750/900 rate=0.33/s ETA=7.5 min
[b6-dexperts] 775/900 rate=0.32/s ETA=6.6 min
[b6-dexperts] 800/900 rate=0.30/s ETA=5.5 min
[b6-dexperts] 825/900 rate=0.29/s ETA=4.3 min
[b6-dexperts] 850/900 rate=0.28/s ETA=3.0 min
[b6-dexperts] 875/900 rate=0.27/s ETA=1.5 min
[b6-dexperts] 900/900 rate=0.27/s ETA=0.0 min
[b6-dexperts] done in 55.9 min

[modal] exit code: 0
