[modal] $ /usr/local/bin/python /workspace/track_b/b6_dexperts_gedi/run_gedi.py --test-csv /workspace/store/data/source_neutrals.csv --n-items 300 --gedi-dir /workspace/store/models/gedi_conditional --omegas 5,10,20,30 --top-k 50 --item-start 225 --item-end 300 --shard-tag _sh3 --out-dir /workspace/store/results/b6_gedi
[gedi] test set: /workspace/store/data/source_neutrals.csv column=title n=75 (item_id 225..299)
[gedi] desired='clickbait' code='<clickbait> ' other='neutral' code='<neutral> '
[gedi] omegas=[5.0, 10.0, 20.0, 30.0] seeds=[42] top_k=50
[gedi] planned rewrites: 900
[gedi] ETA @ 10 s/rewrite on GPU: 2.5 h
[gedi] device = cuda
/usr/local/lib/python3.11/site-packages/transformers/utils/hub.py:128: FutureWarning: Using `TRANSFORMERS_CACHE` is deprecated and will be removed in v5 of Transformers. Use `HF_HOME` instead.
  warnings.warn(

Loading checkpoint shards:   0%|          | 0/4 [00:00<?, ?it/s]
Loading checkpoint shards:  25%|██▌       | 1/4 [00:05<00:17,  5.67s/it]
Loading checkpoint shards:  50%|█████     | 2/4 [00:12<00:13,  6.51s/it]
Loading checkpoint shards:  75%|███████▌  | 3/4 [00:19<00:06,  6.62s/it]
Loading checkpoint shards: 100%|██████████| 4/4 [00:20<00:00,  4.52s/it]
Loading checkpoint shards: 100%|██████████| 4/4 [00:20<00:00,  5.20s/it]
[gedi] raw generations -> /workspace/store/results/b6_gedi/generations.jsonl
[gedi] -> /workspace/store/results/b6_gedi/rewrites_gedi_o5.0_s42_sh3.csv (resume: 0 rows present)
Starting from v4.46, the `logits` model output will have the same type as the model (except at train time, where it will always be FP32)
We detected that you are passing `past_key_values` as a tuple of tuples. This is deprecated and will be removed in v4.47. Please convert your cache or use an appropriate `Cache` class (https://huggingface.co/docs/transformers/kv_cache#legacy-cache-format)
[gedi] 25/900 rate=0.74/s ETA=19.7 min
[gedi] 50/900 rate=0.78/s ETA=18.2 min
[gedi] 75/900 rate=0.81/s ETA=16.9 min
[gedi] 100/900 rate=0.83/s ETA=16.2 min
[gedi] 125/900 rate=0.82/s ETA=15.7 min
[gedi] 150/900 rate=0.82/s ETA=15.3 min
[gedi] 175/900 rate=0.83/s ETA=14.6 min
[gedi] 200/900 rate=0.83/s ETA=14.1 min
[gedi] 225/900 rate=0.83/s ETA=13.5 min
[gedi] -> /workspace/store/results/b6_gedi/rewrites_gedi_o10.0_s42_sh3.csv (resume: 0 rows present)
[gedi] 250/900 rate=0.83/s ETA=13.1 min
[gedi] 275/900 rate=0.80/s ETA=12.9 min
[gedi] 300/900 rate=0.81/s ETA=12.4 min
[gedi] 325/900 rate=0.81/s ETA=11.9 min
[gedi] 350/900 rate=0.79/s ETA=11.6 min
[gedi] 375/900 rate=0.78/s ETA=11.3 min
[gedi] 400/900 rate=0.77/s ETA=10.8 min
[gedi] 425/900 rate=0.77/s ETA=10.3 min
[gedi] 450/900 rate=0.77/s ETA=9.7 min
[gedi] -> /workspace/store/results/b6_gedi/rewrites_gedi_o20.0_s42_sh3.csv (resume: 0 rows present)
[gedi] 475/900 rate=0.76/s ETA=9.3 min
[gedi] 500/900 rate=0.76/s ETA=8.8 min
[gedi] 525/900 rate=0.76/s ETA=8.2 min
[gedi] 550/900 rate=0.76/s ETA=7.7 min
[gedi] 575/900 rate=0.75/s ETA=7.2 min
[gedi] 600/900 rate=0.76/s ETA=6.6 min
[gedi] 625/900 rate=0.75/s ETA=6.1 min
[gedi] 650/900 rate=0.75/s ETA=5.6 min
[gedi] 675/900 rate=0.75/s ETA=5.0 min
[gedi] -> /workspace/store/results/b6_gedi/rewrites_gedi_o30.0_s42_sh3.csv (resume: 0 rows present)
[gedi] 700/900 rate=0.75/s ETA=4.4 min
[gedi] 725/900 rate=0.75/s ETA=3.9 min
[gedi] 750/900 rate=0.75/s ETA=3.3 min
[gedi] 775/900 rate=0.74/s ETA=2.8 min
[gedi] 800/900 rate=0.74/s ETA=2.2 min
[gedi] 825/900 rate=0.75/s ETA=1.7 min
[gedi] 850/900 rate=0.75/s ETA=1.1 min
[gedi] 875/900 rate=0.75/s ETA=0.6 min
[gedi] 900/900 rate=0.75/s ETA=0.0 min
[gedi] done in 20.0 min

[modal] exit code: 0
