[modal] $ /usr/local/bin/python /workspace/track_b/b2_held_out_rewrite_eval/run_rewrites.py --test-csv /workspace/store/data/source_neutrals.csv --n-items 40 --seeds 42 --top-k 50 --objective log --sweep 0,2,4 --out-dir /workspace/store/results/b2_sweep_neutral --neutral-prompt
[b2] raw generations -> /workspace/store/results/b2_sweep_neutral/generations.jsonl
[b2] SWEEP mode: 9 (alpha,beta) cells from [0.0, 2.0, 4.0]
[b2] objective = log
[b2] test set: /workspace/store/data/source_neutrals.csv column=title rows=40 (item_id 0..39)
[b2] decoding = GREEDY (deterministic, faithful to the paper). Multiple seeds would only replicate identical rows, so replication is over ITEMS via bootstrap in score_rewrites.py, NOT over seeds. Use --sample if you want seed-level variance.
[b2] planned rewrites: 1080
[b2] ETA @ 7 s/rewrite on GPU: 2.1 h
[b2] ETA @ 30 s/rewrite on CPU: 9.0 h
[b2] STRONGLY RECOMMEND running via gpu2modal for anything above N=50.
[b2] device = cuda
/usr/local/lib/python3.11/site-packages/transformers/utils/hub.py:124: FutureWarning: Using `TRANSFORMERS_CACHE` is deprecated and will be removed in v5 of Transformers. Use `HF_HOME` instead.
  warnings.warn(
Special tokens have been added in the vocabulary, make sure the associated word embeddings are fine-tuned or trained.

Loading checkpoint shards:   0%|          | 0/4 [00:00<?, ?it/s]
Loading checkpoint shards:  25%|██▌       | 1/4 [00:05<00:17,  5.89s/it]
Loading checkpoint shards:  50%|█████     | 2/4 [00:11<00:11,  5.79s/it]
Loading checkpoint shards:  75%|███████▌  | 3/4 [00:16<00:05,  5.61s/it]
Loading checkpoint shards: 100%|██████████| 4/4 [00:18<00:00,  3.93s/it]
Loading checkpoint shards: 100%|██████████| 4/4 [00:18<00:00,  4.59s/it]
[b2] -> /workspace/store/results/b2_sweep_neutral/rewrites_a0.0_b0.0_s42.csv (resume: 0 rows already present)
[b2] 25/1080 rate=0.69/s ETA=25.3 min
[b2] 50/1080 rate=0.80/s ETA=21.4 min
[b2] 75/1080 rate=0.78/s ETA=21.4 min
[b2] 100/1080 rate=0.82/s ETA=20.0 min
[b2] -> /workspace/store/results/b2_sweep_neutral/rewrites_a0.0_b2.0_s42.csv (resume: 0 rows already present)
[b2] 125/1080 rate=0.80/s ETA=19.8 min
[b2] 150/1080 rate=0.81/s ETA=19.0 min
[b2] 175/1080 rate=0.82/s ETA=18.3 min
[b2] 200/1080 rate=0.83/s ETA=17.7 min
[b2] 225/1080 rate=0.82/s ETA=17.3 min
[b2] -> /workspace/store/results/b2_sweep_neutral/rewrites_a0.0_b4.0_s42.csv (resume: 0 rows already present)
[b2] 250/1080 rate=0.83/s ETA=16.6 min
[b2] 275/1080 rate=0.84/s ETA=15.9 min
[b2] 300/1080 rate=0.84/s ETA=15.4 min
[b2] 325/1080 rate=0.84/s ETA=14.9 min
[b2] 350/1080 rate=0.84/s ETA=14.5 min
[b2] -> /workspace/store/results/b2_sweep_neutral/rewrites_a2.0_b0.0_s42.csv (resume: 0 rows already present)
[b2] 375/1080 rate=0.83/s ETA=14.1 min
[b2] 400/1080 rate=0.84/s ETA=13.6 min
[b2] 425/1080 rate=0.84/s ETA=13.0 min
[b2] 450/1080 rate=0.83/s ETA=12.6 min
[b2] 475/1080 rate=0.82/s ETA=12.3 min
[b2] -> /workspace/store/results/b2_sweep_neutral/rewrites_a2.0_b2.0_s42.csv (resume: 0 rows already present)
[b2] 500/1080 rate=0.82/s ETA=11.8 min
[b2] 525/1080 rate=0.83/s ETA=11.2 min
[b2] 550/1080 rate=0.83/s ETA=10.7 min
[b2] 575/1080 rate=0.82/s ETA=10.2 min
[b2] 600/1080 rate=0.82/s ETA=9.8 min
[b2] -> /workspace/store/results/b2_sweep_neutral/rewrites_a2.0_b4.0_s42.csv (resume: 0 rows already present)
[b2] 625/1080 rate=0.82/s ETA=9.3 min
[b2] 650/1080 rate=0.82/s ETA=8.7 min
[b2] 675/1080 rate=0.82/s ETA=8.2 min
[b2] 700/1080 rate=0.82/s ETA=7.7 min
[b2] -> /workspace/store/results/b2_sweep_neutral/rewrites_a4.0_b0.0_s42.csv (resume: 0 rows already present)
[b2] 725/1080 rate=0.82/s ETA=7.2 min
[b2] 750/1080 rate=0.82/s ETA=6.7 min
[b2] 775/1080 rate=0.81/s ETA=6.2 min
[b2] 800/1080 rate=0.81/s ETA=5.8 min
[b2] 825/1080 rate=0.80/s ETA=5.3 min
[b2] -> /workspace/store/results/b2_sweep_neutral/rewrites_a4.0_b2.0_s42.csv (resume: 0 rows already present)
[b2] 850/1080 rate=0.79/s ETA=4.8 min
[b2] 875/1080 rate=0.79/s ETA=4.3 min
[b2] 900/1080 rate=0.79/s ETA=3.8 min
[b2] 925/1080 rate=0.79/s ETA=3.3 min
[b2] 950/1080 rate=0.79/s ETA=2.8 min
[b2] -> /workspace/store/results/b2_sweep_neutral/rewrites_a4.0_b4.0_s42.csv (resume: 0 rows already present)
[b2] 975/1080 rate=0.78/s ETA=2.3 min
[b2] 1000/1080 rate=0.78/s ETA=1.7 min
[b2] 1025/1080 rate=0.78/s ETA=1.2 min
[b2] 1050/1080 rate=0.78/s ETA=0.6 min
[b2] 1075/1080 rate=0.77/s ETA=0.1 min
[b2] done in 23.6 min

[modal] exit code: 0
