[modal] $ /usr/local/bin/python /workspace/track_b/b4_prompt_only_baseline/run.py --test-csv /workspace/store/data/source_neutrals.csv --n-items 300 --seeds 42 43 44 --out-dir /workspace/store/results/b4
[b4] raw generations -> /workspace/store/results/b4/generations.jsonl
[b4] planned generations: 900
[b4] ETA GPU 2 s/item: 30.0 min; CPU 10 s/item: 150.0 min
/usr/local/lib/python3.11/site-packages/transformers/utils/hub.py:124: FutureWarning: Using `TRANSFORMERS_CACHE` is deprecated and will be removed in v5 of Transformers. Use `HF_HOME` instead.
  warnings.warn(
Special tokens have been added in the vocabulary, make sure the associated word embeddings are fine-tuned or trained.

Loading checkpoint shards:   0%|          | 0/4 [00:00<?, ?it/s]
Loading checkpoint shards:  25%|██▌       | 1/4 [00:06<00:18,  6.16s/it]
Loading checkpoint shards:  50%|█████     | 2/4 [00:12<00:12,  6.20s/it]
Loading checkpoint shards:  75%|███████▌  | 3/4 [00:18<00:06,  6.18s/it]
Loading checkpoint shards: 100%|██████████| 4/4 [00:20<00:00,  4.48s/it]
Loading checkpoint shards: 100%|██████████| 4/4 [00:20<00:00,  5.10s/it]
[b4] -> /workspace/store/results/b4/rewrites_prompt_only_s42.csv
[b4] 25/900 rate=0.97/s ETA=15.0 min
[b4] 50/900 rate=1.02/s ETA=13.9 min
[b4] 75/900 rate=1.04/s ETA=13.3 min
[b4] 100/900 rate=1.05/s ETA=12.8 min
[b4] 125/900 rate=1.05/s ETA=12.3 min
[b4] 150/900 rate=1.05/s ETA=11.9 min
[b4] 175/900 rate=1.05/s ETA=11.5 min
[b4] 200/900 rate=1.05/s ETA=11.1 min
[b4] 225/900 rate=1.05/s ETA=10.7 min
[b4] 250/900 rate=1.05/s ETA=10.3 min
[b4] 275/900 rate=1.06/s ETA=9.9 min
[b4] 300/900 rate=1.05/s ETA=9.5 min
[b4] -> /workspace/store/results/b4/rewrites_prompt_only_s43.csv
[b4] 325/900 rate=1.05/s ETA=9.1 min
[b4] 350/900 rate=1.05/s ETA=8.7 min
[b4] 375/900 rate=1.05/s ETA=8.3 min
[b4] 400/900 rate=1.05/s ETA=7.9 min
[b4] 425/900 rate=1.06/s ETA=7.5 min
[b4] 450/900 rate=1.05/s ETA=7.1 min
[b4] 475/900 rate=1.05/s ETA=6.7 min
[b4] 500/900 rate=1.05/s ETA=6.3 min
[b4] 525/900 rate=1.05/s ETA=5.9 min
[b4] 550/900 rate=1.05/s ETA=5.5 min
[b4] 575/900 rate=1.05/s ETA=5.1 min
[b4] 600/900 rate=1.05/s ETA=4.8 min
[b4] -> /workspace/store/results/b4/rewrites_prompt_only_s44.csv
[b4] 625/900 rate=1.05/s ETA=4.4 min
[b4] 650/900 rate=1.05/s ETA=4.0 min
[b4] 675/900 rate=1.05/s ETA=3.6 min
[b4] 700/900 rate=1.05/s ETA=3.2 min
[b4] 725/900 rate=1.06/s ETA=2.8 min
[b4] 750/900 rate=1.06/s ETA=2.4 min
[b4] 775/900 rate=1.05/s ETA=2.0 min
[b4] 800/900 rate=1.05/s ETA=1.6 min
[b4] 825/900 rate=1.06/s ETA=1.2 min
[b4] 850/900 rate=1.05/s ETA=0.8 min
[b4] 875/900 rate=1.05/s ETA=0.4 min
[b4] 900/900 rate=1.05/s ETA=0.0 min
[b4] done in 14.2 min
[b4] score with: python b2_held_out_rewrite_eval/score_rewrites.py --in-dir results/b4 --out-json results/b4/summary.json --out-md results/b4/summary.md

[modal] exit code: 0
