[modal] $ /usr/local/bin/python /workspace/track_b/b2_held_out_rewrite_eval/run_rewrites.py --test-csv /workspace/store/data/source_neutrals.csv --n-items 40 --seeds 42 --top-k 50 --objective log --sweep 1,2,3 --out-dir /workspace/store/results/b2_sweep
[b2] raw generations -> /workspace/store/results/b2_sweep/generations.jsonl
[b2] SWEEP mode: 9 (alpha,beta) cells from [1.0, 2.0, 3.0]
[b2] objective = log
[b2] test set: /workspace/store/data/source_neutrals.csv column=title rows=40 (item_id 0..39)
[b2] decoding = GREEDY (deterministic, faithful to the paper). Multiple seeds would only replicate identical rows, so replication is over ITEMS via bootstrap in score_rewrites.py, NOT over seeds. Use --sample if you want seed-level variance.
[b2] planned rewrites: 1080
[b2] ETA @ 7 s/rewrite on GPU: 2.1 h
[b2] ETA @ 30 s/rewrite on CPU: 9.0 h
[b2] STRONGLY RECOMMEND running via gpu2modal for anything above N=50.
[b2] device = cuda
/usr/local/lib/python3.11/site-packages/transformers/utils/hub.py:124: FutureWarning: Using `TRANSFORMERS_CACHE` is deprecated and will be removed in v5 of Transformers. Use `HF_HOME` instead.
  warnings.warn(
Special tokens have been added in the vocabulary, make sure the associated word embeddings are fine-tuned or trained.

Loading checkpoint shards:   0%|          | 0/4 [00:00<?, ?it/s]
Loading checkpoint shards:  25%|██▌       | 1/4 [00:06<00:18,  6.22s/it]
Loading checkpoint shards:  50%|█████     | 2/4 [00:12<00:12,  6.04s/it]
Loading checkpoint shards:  75%|███████▌  | 3/4 [00:17<00:05,  5.93s/it]
Loading checkpoint shards: 100%|██████████| 4/4 [00:19<00:00,  4.12s/it]
Loading checkpoint shards: 100%|██████████| 4/4 [00:19<00:00,  4.82s/it]
[b2] -> /workspace/store/results/b2_sweep/rewrites_a1.0_b1.0_s42.csv (resume: 120 rows already present)
[b2] -> /workspace/store/results/b2_sweep/rewrites_a1.0_b2.0_s42.csv (resume: 120 rows already present)
[b2] -> /workspace/store/results/b2_sweep/rewrites_a1.0_b3.0_s42.csv (resume: 0 rows already present)
[b2] 25/1080 rate=0.56/s ETA=31.3 min
[b2] 50/1080 rate=0.59/s ETA=28.9 min
[b2] 75/1080 rate=0.60/s ETA=28.1 min
[b2] 100/1080 rate=0.60/s ETA=27.2 min
[b2] -> /workspace/store/results/b2_sweep/rewrites_a2.0_b1.0_s42.csv (resume: 120 rows already present)
[b2] -> /workspace/store/results/b2_sweep/rewrites_a2.0_b2.0_s42.csv (resume: 120 rows already present)
[b2] -> /workspace/store/results/b2_sweep/rewrites_a2.0_b3.0_s42.csv (resume: 0 rows already present)
[b2] 125/1080 rate=0.61/s ETA=26.2 min
[b2] 150/1080 rate=0.61/s ETA=25.5 min
[b2] 175/1080 rate=0.60/s ETA=25.3 min
[b2] 200/1080 rate=0.60/s ETA=24.6 min
[b2] 225/1080 rate=0.59/s ETA=24.0 min
[b2] -> /workspace/store/results/b2_sweep/rewrites_a3.0_b1.0_s42.csv (resume: 0 rows already present)
[b2] 250/1080 rate=0.59/s ETA=23.3 min
[b2] 275/1080 rate=0.59/s ETA=22.6 min
[b2] 300/1080 rate=0.59/s ETA=21.9 min
[b2] 325/1080 rate=0.59/s ETA=21.3 min
[b2] 350/1080 rate=0.59/s ETA=20.7 min
[b2] -> /workspace/store/results/b2_sweep/rewrites_a3.0_b2.0_s42.csv (resume: 0 rows already present)
[b2] 375/1080 rate=0.59/s ETA=20.0 min
[b2] 400/1080 rate=0.59/s ETA=19.3 min
[b2] 425/1080 rate=0.59/s ETA=18.6 min
[b2] 450/1080 rate=0.59/s ETA=17.9 min
[b2] 475/1080 rate=0.58/s ETA=17.2 min
[b2] -> /workspace/store/results/b2_sweep/rewrites_a3.0_b3.0_s42.csv (resume: 0 rows already present)
[b2] 500/1080 rate=0.58/s ETA=16.5 min
[b2] 525/1080 rate=0.58/s ETA=15.9 min
[b2] 550/1080 rate=0.58/s ETA=15.2 min
[b2] 575/1080 rate=0.58/s ETA=14.6 min
[b2] 600/1080 rate=0.58/s ETA=13.8 min
[b2] done in 17.3 min

[modal] exit code: 0
