[modal] $ /usr/local/bin/python /workspace/track_b/human_labeling_prep/analyze.py --study-dir /workspace/store/results/human_labeling/c1_rubric_validation
{
  "n_items": 150,
  "n_raters": 3,
  "per_tactic": {
    "tactic__curiosity_gap": {
      "fleiss_kappa": 0.543,
      "mean_pairwise_cohen": 0.556,
      "intended_vs_consensus_precision": 0.176,
      "intended_vs_consensus_recall": 1.0,
      "intended_vs_consensus_f1": 0.299
    },
    "tactic__exaggeration": {
      "fleiss_kappa": 0.731,
      "mean_pairwise_cohen": 0.734,
      "intended_vs_consensus_precision": 0.284,
      "intended_vs_consensus_recall": 0.633,
      "intended_vs_consensus_f1": 0.392
    },
    "tactic__emotional_trigger": {
      "fleiss_kappa": 0.754,
      "mean_pairwise_cohen": 0.759,
      "intended_vs_consensus_precision": 0.4,
      "intended_vs_consensus_recall": 0.741,
      "intended_vs_consensus_f1": 0.519
    },
    "tactic__sensationalism": {
      "fleiss_kappa": 0.781,
      "mean_pairwise_cohen": 0.783,
      "intended_vs_consensus_precision": 0.205,
      "intended_vs_consensus_recall": 0.692,
      "intended_vs_consensus_f1": 0.316
    },
    "tactic__lists_or_superlatives": {
      "fleiss_kappa": 0.899,
      "mean_pairwise_cohen": 0.898,
      "intended_vs_consensus_precision": 0.909,
      "intended_vs_consensus_recall": 0.256,
      "intended_vs_consensus_f1": 0.4
    },
    "tactic__ambiguous_references": {
      "fleiss_kappa": 0.774,
      "mean_pairwise_cohen": 0.774,
      "intended_vs_consensus_precision": 0.449,
      "intended_vs_consensus_recall": 0.579,
      "intended_vs_consensus_f1": 0.506
    },
    "tactic__direct_appeals": {
      "fleiss_kappa": 0.939,
      "mean_pairwise_cohen": 0.939,
      "intended_vs_consensus_precision": 0.629,
      "intended_vs_consensus_recall": 0.647,
      "intended_vs_consensus_f1": 0.638
    },
    "tactic__unfinished_narratives": {
      "fleiss_kappa": 0.558,
      "mean_pairwise_cohen": 0.556,
      "intended_vs_consensus_precision": 0.286,
      "intended_vs_consensus_recall": 0.364,
      "intended_vs_consensus_f1": 0.32
    },
    "tactic__unexpected_associations": {
      "fleiss_kappa": 0.734,
      "mean_pairwise_cohen": 0.736,
      "intended_vs_consensus_precision": 0.556,
      "intended_vs_consensus_recall": 0.441,
      "intended_vs_consensus_f1": 0.492
    },
    "tactic__provocative_questions": {
      "fleiss_kappa": 0.776,
      "mean_pairwise_cohen": 0.774,
      "intended_vs_consensus_precision": 0.5,
      "intended_vs_consensus_recall": 0.4,
      "intended_vs_consensus_f1": 0.444
    }
  },
  "diagnostics": {
    "low_agreement_tactics (kappa<0.4)": [],
    "noisy_synthetic_label_tactics (intended-vs-consensus F1<0.5)": [
      "tactic__curiosity_gap",
      "tactic__exaggeration",
      "tactic__sensationalism",
      "tactic__lists_or_superlatives",
      "tactic__unfinished_narratives",
      "tactic__unexpected_associations",
      "tactic__provocative_questions"
    ]
  },
  "study": "c1_rubric_validation",
  "simulated": false
}

[analyze] wrote /workspace/store/results/human_labeling/c1_rubric_validation/analysis.json
[analyze] DIAGNOSTICS: {"low_agreement_tactics (kappa<0.4)": [], "noisy_synthetic_label_tactics (intended-vs-consensus F1<0.5)": ["tactic__curiosity_gap", "tactic__exaggeration", "tactic__sensationalism", "tactic__lists_or_superlatives", "tactic__unfinished_narratives", "tactic__unexpected_associations", "tactic__provocative_questions"]}

[modal] exit code: 0
