[modal] $ /usr/local/bin/python /workspace/track_b/human_labeling_prep/analyze.py --study-dir /workspace/store/results/human_labeling/c1_rubric_validation --simulate
[analyze] SIMULATED rater responses into 3 files (for pipeline validation only)
{
  "n_items": 150,
  "n_raters": 3,
  "per_tactic": {
    "tactic__curiosity_gap": {
      "fleiss_kappa": 0.212,
      "mean_pairwise_cohen": 0.213,
      "intended_vs_consensus_precision": 0.579,
      "intended_vs_consensus_recall": 0.88,
      "intended_vs_consensus_f1": 0.698
    },
    "tactic__exaggeration": {
      "fleiss_kappa": 0.349,
      "mean_pairwise_cohen": 0.352,
      "intended_vs_consensus_precision": 0.7,
      "intended_vs_consensus_recall": 0.933,
      "intended_vs_consensus_f1": 0.8
    },
    "tactic__emotional_trigger": {
      "fleiss_kappa": 0.205,
      "mean_pairwise_cohen": 0.21,
      "intended_vs_consensus_precision": 0.639,
      "intended_vs_consensus_recall": 0.852,
      "intended_vs_consensus_f1": 0.73
    },
    "tactic__sensationalism": {
      "fleiss_kappa": 0.178,
      "mean_pairwise_cohen": 0.185,
      "intended_vs_consensus_precision": 0.75,
      "intended_vs_consensus_recall": 0.923,
      "intended_vs_consensus_f1": 0.828
    },
    "tactic__lists_or_superlatives": {
      "fleiss_kappa": 0.168,
      "mean_pairwise_cohen": 0.171,
      "intended_vs_consensus_precision": 0.717,
      "intended_vs_consensus_recall": 0.846,
      "intended_vs_consensus_f1": 0.776
    },
    "tactic__ambiguous_references": {
      "fleiss_kappa": 0.249,
      "mean_pairwise_cohen": 0.252,
      "intended_vs_consensus_precision": 0.821,
      "intended_vs_consensus_recall": 0.842,
      "intended_vs_consensus_f1": 0.831
    },
    "tactic__direct_appeals": {
      "fleiss_kappa": 0.234,
      "mean_pairwise_cohen": 0.235,
      "intended_vs_consensus_precision": 0.698,
      "intended_vs_consensus_recall": 0.882,
      "intended_vs_consensus_f1": 0.779
    },
    "tactic__unfinished_narratives": {
      "fleiss_kappa": 0.175,
      "mean_pairwise_cohen": 0.175,
      "intended_vs_consensus_precision": 0.636,
      "intended_vs_consensus_recall": 0.955,
      "intended_vs_consensus_f1": 0.764
    },
    "tactic__unexpected_associations": {
      "fleiss_kappa": 0.272,
      "mean_pairwise_cohen": 0.273,
      "intended_vs_consensus_precision": 0.6,
      "intended_vs_consensus_recall": 0.706,
      "intended_vs_consensus_f1": 0.649
    },
    "tactic__provocative_questions": {
      "fleiss_kappa": 0.171,
      "mean_pairwise_cohen": 0.174,
      "intended_vs_consensus_precision": 0.706,
      "intended_vs_consensus_recall": 0.96,
      "intended_vs_consensus_f1": 0.814
    }
  },
  "diagnostics": {
    "low_agreement_tactics (kappa<0.4)": [
      "tactic__curiosity_gap",
      "tactic__exaggeration",
      "tactic__emotional_trigger",
      "tactic__sensationalism",
      "tactic__lists_or_superlatives",
      "tactic__ambiguous_references",
      "tactic__direct_appeals",
      "tactic__unfinished_narratives",
      "tactic__unexpected_associations",
      "tactic__provocative_questions"
    ],
    "noisy_synthetic_label_tactics (intended-vs-consensus F1<0.5)": []
  },
  "study": "c1_rubric_validation",
  "simulated": true
}

[analyze] wrote /workspace/store/results/human_labeling/c1_rubric_validation/analysis.json
[analyze] DIAGNOSTICS: {"low_agreement_tactics (kappa<0.4)": ["tactic__curiosity_gap", "tactic__exaggeration", "tactic__emotional_trigger", "tactic__sensationalism", "tactic__lists_or_superlatives", "tactic__ambiguous_references", "tactic__direct_appeals", "tactic__unfinished_narratives", "tactic__unexpected_associations", "tactic__provocative_questions"], "noisy_synthetic_label_tactics (intended-vs-consensus F1<0.5)": []}

[modal] exit code: 0
