[modal] $ /usr/local/bin/python /workspace/track_b/modal_run/train_guides/generate_synthetic.py --source-csv /workspace/store/data/source_neutrals.csv --out-csv /workspace/store/data/synthetic_clickbait.csv --batch-size 15 --max-rows 12600 --seed 42 --workers 16 --no-resume
[gen] loaded 12600 titles (cap=12600)
[gen] raw generations -> /workspace/store/data/synthetic_clickbait.raw.jsonl
[gen] 12600 titles in 840 batches, 16 concurrent workers, wall-clock ETA ~3.9 min

  0%|          | 0/840 [00:00<?, ?it/s]
  0%|          | 1/840 [00:09<2:16:00,  9.73s/it]
  1%|          | 5/840 [00:10<21:01,  1.51s/it]  
  1%|          | 6/840 [00:10<16:31,  1.19s/it]
  1%|          | 9/840 [00:10<08:53,  1.56it/s]
  1%|▏         | 11/840 [00:10<06:20,  2.18it/s]
  2%|▏         | 13/840 [00:10<04:35,  3.01it/s]
  2%|▏         | 15/840 [00:11<03:48,  3.61it/s]
  2%|▏         | 17/840 [00:18<19:21,  1.41s/it][gen] 300 rows (300/12600 titles, 0 dropped, 20/840 batches)

  3%|▎         | 22/840 [00:19<09:22,  1.46it/s]
  3%|▎         | 24/840 [00:19<07:35,  1.79it/s]
  3%|▎         | 26/840 [00:19<06:23,  2.12it/s]
  3%|▎         | 28/840 [00:20<05:16,  2.56it/s]
  4%|▎         | 30/840 [00:20<04:17,  3.14it/s]
  4%|▎         | 31/840 [00:20<04:03,  3.32it/s]
  4%|▍         | 32/840 [00:21<06:45,  1.99it/s]
  4%|▍         | 33/840 [00:27<22:20,  1.66s/it]
  4%|▍         | 34/840 [00:28<17:33,  1.31s/it]
  4%|▍         | 35/840 [00:28<13:33,  1.01s/it]
  4%|▍         | 36/840 [00:28<11:48,  1.13it/s]
  4%|▍         | 37/840 [00:28<09:04,  1.47it/s]
  5%|▍         | 39/840 [00:29<05:46,  2.31it/s][gen] 600 rows (600/12600 titles, 0 dropped, 40/840 batches)

  5%|▍         | 41/840 [00:29<03:52,  3.44it/s]
  5%|▌         | 43/840 [00:29<02:46,  4.79it/s]
  5%|▌         | 45/840 [00:29<02:46,  4.78it/s]
  5%|▌         | 46/840 [00:30<03:22,  3.93it/s]
  6%|▌         | 47/840 [00:31<05:30,  2.40it/s]
  6%|▌         | 48/840 [00:31<05:22,  2.46it/s]
  6%|▌         | 49/840 [00:36<21:38,  1.64s/it]
  6%|▌         | 50/840 [00:37<16:58,  1.29s/it]
  6%|▌         | 51/840 [00:37<14:28,  1.10s/it]
  6%|▌         | 52/840 [00:37<11:20,  1.16it/s]
  6%|▋         | 54/840 [00:38<06:47,  1.93it/s]
  7%|▋         | 55/840 [00:38<06:28,  2.02it/s]
  7%|▋         | 56/840 [00:38<05:36,  2.33it/s]
  7%|▋         | 58/840 [00:39<04:07,  3.16it/s]
  7%|▋         | 59/840 [00:39<05:10,  2.51it/s][gen] 900 rows (900/12600 titles, 0 dropped, 60/840 batches)

  7%|▋         | 60/840 [00:39<04:22,  2.98it/s]
  7%|▋         | 62/840 [00:41<05:35,  2.32it/s]
  8%|▊         | 63/840 [00:42<07:40,  1.69it/s]
  8%|▊         | 64/840 [00:42<08:07,  1.59it/s]
  8%|▊         | 65/840 [00:46<19:14,  1.49s/it]
  8%|▊         | 67/840 [00:47<11:20,  1.14it/s]
  8%|▊         | 69/840 [00:47<07:22,  1.74it/s]
  8%|▊         | 71/840 [00:47<05:59,  2.14it/s]
  9%|▊         | 73/840 [00:48<04:43,  2.71it/s]
  9%|▉         | 74/840 [00:48<05:12,  2.45it/s]
  9%|▉         | 75/840 [00:50<08:00,  1.59it/s]
  9%|▉         | 76/840 [00:50<08:02,  1.58it/s]
  9%|▉         | 78/840 [00:51<06:20,  2.00it/s]
  9%|▉         | 79/840 [00:51<06:02,  2.10it/s][gen] 1200 rows (1200/12600 titles, 0 dropped, 80/840 batches)

 10%|▉         | 80/840 [00:52<05:57,  2.13it/s]
 10%|▉         | 81/840 [00:55<16:41,  1.32s/it]
 10%|▉         | 83/840 [00:56<11:08,  1.13it/s]
 10%|█         | 84/840 [00:56<09:08,  1.38it/s]
 10%|█         | 86/840 [00:56<06:07,  2.05it/s]
 10%|█         | 88/840 [00:58<06:21,  1.97it/s]
 11%|█         | 89/840 [00:58<07:19,  1.71it/s]
 11%|█         | 92/840 [01:00<07:50,  1.59it/s]
 11%|█         | 93/840 [01:01<07:09,  1.74it/s]
 11%|█         | 94/840 [01:01<06:29,  1.92it/s]
 11%|█▏        | 95/840 [01:02<07:14,  1.72it/s]
 11%|█▏        | 96/840 [01:02<07:06,  1.74it/s]
 12%|█▏        | 97/840 [01:05<12:31,  1.01s/it]
 12%|█▏        | 98/840 [01:05<10:46,  1.15it/s]
 12%|█▏        | 99/840 [01:05<08:17,  1.49it/s][gen] 1500 rows (1500/12600 titles, 0 dropped, 100/840 batches)

 12%|█▏        | 101/840 [01:06<07:18,  1.68it/s]
 12%|█▏        | 103/840 [01:07<05:38,  2.18it/s]
 12%|█▎        | 105/840 [01:07<04:15,  2.87it/s]
 13%|█▎        | 106/840 [01:08<05:32,  2.21it/s]
 13%|█▎        | 107/840 [01:08<05:21,  2.28it/s]
 13%|█▎        | 108/840 [01:10<07:30,  1.63it/s]
 13%|█▎        | 109/840 [01:11<09:13,  1.32it/s]
 13%|█▎        | 110/840 [01:11<08:43,  1.39it/s]
 13%|█▎        | 111/840 [01:12<07:40,  1.58it/s]
 13%|█▎        | 112/840 [01:13<09:10,  1.32it/s]
 13%|█▎        | 113/840 [01:14<11:13,  1.08it/s]
 14%|█▎        | 114/840 [01:15<10:21,  1.17it/s]
 14%|█▍        | 117/840 [01:16<07:53,  1.53it/s]
 14%|█▍        | 118/840 [01:17<07:29,  1.61it/s]
 14%|█▍        | 119/840 [01:17<06:56,  1.73it/s][gen] 1800 rows (1800/12600 titles, 0 dropped, 120/840 batches)

 14%|█▍        | 120/840 [01:18<06:52,  1.75it/s]
 15%|█▍        | 123/840 [01:18<04:31,  2.64it/s]
 15%|█▍        | 124/840 [01:19<05:55,  2.01it/s]
 15%|█▍        | 125/840 [01:21<10:00,  1.19it/s]
 15%|█▌        | 126/840 [01:22<07:55,  1.50it/s]
 15%|█▌        | 127/840 [01:22<08:34,  1.39it/s]
 15%|█▌        | 128/840 [01:23<08:42,  1.36it/s]
 15%|█▌        | 129/840 [01:24<08:13,  1.44it/s]
 15%|█▌        | 130/840 [01:25<08:26,  1.40it/s]
 16%|█▌        | 132/840 [01:26<07:17,  1.62it/s]
 16%|█▌        | 133/840 [01:27<08:50,  1.33it/s]
 16%|█▌        | 134/840 [01:27<07:47,  1.51it/s]
 16%|█▌        | 136/840 [01:28<07:29,  1.57it/s]
 16%|█▋        | 137/840 [01:29<08:00,  1.46it/s]
 16%|█▋        | 138/840 [01:30<08:18,  1.41it/s]
 17%|█▋        | 139/840 [01:32<12:40,  1.09s/it][gen] 2100 rows (2100/12600 titles, 0 dropped, 140/840 batches)

 17%|█▋        | 140/840 [01:32<09:33,  1.22it/s]
 17%|█▋        | 142/840 [01:33<06:18,  1.84it/s]
 17%|█▋        | 143/840 [01:33<06:03,  1.92it/s]
 17%|█▋        | 144/840 [01:33<05:00,  2.32it/s]
 17%|█▋        | 145/840 [01:34<07:23,  1.57it/s]
 17%|█▋        | 146/840 [01:35<06:29,  1.78it/s]
 18%|█▊        | 147/840 [01:36<07:39,  1.51it/s]
 18%|█▊        | 148/840 [01:36<07:39,  1.50it/s]
 18%|█▊        | 149/840 [01:38<09:23,  1.23it/s]
 18%|█▊        | 151/840 [01:38<06:12,  1.85it/s]
 18%|█▊        | 152/840 [01:40<11:09,  1.03it/s]
 18%|█▊        | 153/840 [01:40<08:40,  1.32it/s]
 18%|█▊        | 154/840 [01:41<07:07,  1.61it/s]
 18%|█▊        | 155/840 [01:42<09:54,  1.15it/s]
 19%|█▊        | 156/840 [01:43<08:24,  1.36it/s]
 19%|█▉        | 158/840 [01:43<04:59,  2.27it/s]
 19%|█▉        | 159/840 [01:43<04:09,  2.73it/s][gen] 2400 rows (2400/12600 titles, 0 dropped, 160/840 batches)

 19%|█▉        | 160/840 [01:43<04:40,  2.42it/s]
 19%|█▉        | 162/840 [01:44<05:03,  2.24it/s]
 19%|█▉        | 163/840 [01:46<09:06,  1.24it/s]
 20%|█▉        | 164/840 [01:47<08:45,  1.29it/s]
 20%|█▉        | 165/840 [01:47<07:34,  1.49it/s]
 20%|█▉        | 166/840 [01:48<05:58,  1.88it/s]
 20%|█▉        | 167/840 [01:48<06:21,  1.76it/s]
 20%|██        | 168/840 [01:50<11:38,  1.04s/it]
 20%|██        | 169/840 [01:51<10:34,  1.06it/s]
 20%|██        | 171/840 [01:52<07:03,  1.58it/s]
 20%|██        | 172/840 [01:52<05:48,  1.92it/s]
 21%|██        | 174/840 [01:52<03:40,  3.02it/s]
 21%|██        | 175/840 [01:52<03:44,  2.96it/s]
 21%|██        | 176/840 [01:53<04:17,  2.58it/s]
 21%|██        | 177/840 [01:53<04:06,  2.69it/s]
 21%|██        | 178/840 [01:55<08:15,  1.34it/s]
 21%|██▏       | 179/840 [01:57<11:59,  1.09s/it][gen] 2700 rows (2700/12600 titles, 0 dropped, 180/840 batches)

 21%|██▏       | 180/840 [01:57<09:14,  1.19it/s]
 22%|██▏       | 181/840 [01:58<08:06,  1.36it/s]
 22%|██▏       | 182/840 [01:58<07:09,  1.53it/s]
 22%|██▏       | 184/840 [01:59<05:30,  1.99it/s]
 22%|██▏       | 185/840 [02:01<09:05,  1.20it/s]
 22%|██▏       | 187/840 [02:01<05:46,  1.89it/s]
 22%|██▏       | 188/840 [02:02<07:21,  1.48it/s]
 22%|██▎       | 189/840 [02:02<06:46,  1.60it/s]
 23%|██▎       | 190/840 [02:03<06:08,  1.77it/s]
 23%|██▎       | 191/840 [02:03<06:01,  1.79it/s]
 23%|██▎       | 192/840 [02:04<05:49,  1.85it/s]
 23%|██▎       | 193/840 [02:04<05:51,  1.84it/s]
 23%|██▎       | 194/840 [02:05<04:42,  2.28it/s]
 23%|██▎       | 195/840 [02:06<09:05,  1.18it/s]
 23%|██▎       | 196/840 [02:07<09:09,  1.17it/s]
 23%|██▎       | 197/840 [02:08<08:54,  1.20it/s]
 24%|██▎       | 198/840 [02:08<07:04,  1.51it/s]
 24%|██▎       | 199/840 [02:09<06:48,  1.57it/s][gen] 3000 rows (3000/12600 titles, 0 dropped, 200/840 batches)

 24%|██▍       | 200/840 [02:09<06:06,  1.75it/s]
 24%|██▍       | 201/840 [02:10<06:56,  1.53it/s]
 24%|██▍       | 202/840 [02:11<07:49,  1.36it/s]
 24%|██▍       | 203/840 [02:12<07:33,  1.40it/s]
 24%|██▍       | 204/840 [02:13<08:26,  1.25it/s]
 24%|██▍       | 205/840 [02:14<08:24,  1.26it/s]
 25%|██▍       | 206/840 [02:14<07:38,  1.38it/s]
 25%|██▍       | 207/840 [02:15<07:07,  1.48it/s]
 25%|██▍       | 208/840 [02:16<07:41,  1.37it/s]
 25%|██▍       | 209/840 [02:16<06:00,  1.75it/s]
 25%|██▌       | 210/840 [02:16<04:54,  2.14it/s]
 25%|██▌       | 211/840 [02:18<08:47,  1.19it/s]
 25%|██▌       | 212/840 [02:18<06:50,  1.53it/s]
 25%|██▌       | 213/840 [02:18<05:59,  1.75it/s]
 25%|██▌       | 214/840 [02:20<08:09,  1.28it/s]
 26%|██▌       | 215/840 [02:20<08:08,  1.28it/s]
 26%|██▌       | 216/840 [02:22<09:56,  1.05it/s]
 26%|██▌       | 217/840 [02:23<09:59,  1.04it/s]
 26%|██▌       | 218/840 [02:23<08:37,  1.20it/s]
 26%|██▌       | 219/840 [02:24<08:36,  1.20it/s][gen] 3300 rows (3300/12600 titles, 0 dropped, 220/840 batches)

 26%|██▋       | 221/840 [02:25<05:51,  1.76it/s]
 26%|██▋       | 222/840 [02:25<05:21,  1.92it/s]
 27%|██▋       | 223/840 [02:25<05:14,  1.96it/s]
 27%|██▋       | 224/840 [02:26<04:22,  2.35it/s]
 27%|██▋       | 225/840 [02:27<07:21,  1.39it/s]
 27%|██▋       | 226/840 [02:28<06:38,  1.54it/s]
 27%|██▋       | 227/840 [02:28<05:54,  1.73it/s]
 27%|██▋       | 229/840 [02:29<04:31,  2.25it/s]
 27%|██▋       | 230/840 [02:30<08:05,  1.26it/s]
 28%|██▊       | 231/840 [02:32<10:17,  1.01s/it]
 28%|██▊       | 232/840 [02:33<09:39,  1.05it/s]
 28%|██▊       | 234/840 [02:34<06:58,  1.45it/s]
 28%|██▊       | 235/840 [02:34<07:16,  1.39it/s]
 28%|██▊       | 236/840 [02:35<06:29,  1.55it/s]
 28%|██▊       | 237/840 [02:36<06:42,  1.50it/s]
 28%|██▊       | 238/840 [02:36<05:23,  1.86it/s]
 28%|██▊       | 239/840 [02:36<04:47,  2.09it/s][gen] 3600 rows (3600/12600 titles, 0 dropped, 240/840 batches)

 29%|██▊       | 240/840 [02:36<04:29,  2.22it/s]
 29%|██▊       | 241/840 [02:39<11:09,  1.12s/it]
 29%|██▉       | 242/840 [02:39<08:41,  1.15it/s]
 29%|██▉       | 244/840 [02:40<05:07,  1.94it/s]
 29%|██▉       | 245/840 [02:42<08:55,  1.11it/s]
 29%|██▉       | 246/840 [02:42<08:17,  1.19it/s]
 30%|██▉       | 249/840 [02:44<05:52,  1.68it/s]
 30%|██▉       | 250/840 [02:44<05:00,  1.96it/s]
 30%|██▉       | 251/840 [02:46<08:08,  1.21it/s]
 30%|███       | 252/840 [02:46<06:58,  1.40it/s]
 30%|███       | 253/840 [02:46<06:16,  1.56it/s]
 30%|███       | 254/840 [02:47<04:59,  1.96it/s]
 30%|███       | 255/840 [02:47<04:24,  2.21it/s]
 30%|███       | 256/840 [02:47<03:30,  2.78it/s]
 31%|███       | 257/840 [02:50<11:28,  1.18s/it]
 31%|███       | 259/840 [02:51<07:31,  1.29it/s][gen] 3900 rows (3900/12600 titles, 0 dropped, 260/840 batches)

 31%|███       | 260/840 [02:51<06:40,  1.45it/s]
 31%|███       | 261/840 [02:52<08:13,  1.17it/s]
 31%|███       | 262/840 [02:53<06:29,  1.49it/s]
 31%|███▏      | 263/840 [02:53<05:31,  1.74it/s]
 31%|███▏      | 264/840 [02:54<07:10,  1.34it/s]
 32%|███▏      | 265/840 [02:54<05:53,  1.62it/s]
 32%|███▏      | 266/840 [02:55<05:29,  1.74it/s]
 32%|███▏      | 267/840 [02:56<07:05,  1.35it/s]
 32%|███▏      | 268/840 [02:58<08:59,  1.06it/s]
 32%|███▏      | 269/840 [02:58<08:26,  1.13it/s]
 32%|███▏      | 270/840 [02:59<06:47,  1.40it/s]
 32%|███▏      | 271/840 [02:59<05:12,  1.82it/s]
 32%|███▏      | 272/840 [03:00<08:36,  1.10it/s]
 32%|███▎      | 273/840 [03:01<06:53,  1.37it/s]
 33%|███▎      | 274/840 [03:02<07:34,  1.25it/s]
 33%|███▎      | 276/840 [03:02<04:26,  2.12it/s]
 33%|███▎      | 277/840 [03:04<07:01,  1.34it/s]
 33%|███▎      | 279/840 [03:04<05:18,  1.76it/s][gen] 4200 rows (4200/12600 titles, 0 dropped, 280/840 batches)

 33%|███▎      | 280/840 [03:05<05:03,  1.84it/s]
 34%|███▎      | 282/840 [03:05<04:08,  2.24it/s]
 34%|███▍      | 284/840 [03:08<07:33,  1.23it/s]
 34%|███▍      | 285/840 [03:09<06:47,  1.36it/s]
 34%|███▍      | 286/840 [03:10<08:25,  1.10it/s]
 34%|███▍      | 287/840 [03:10<06:56,  1.33it/s]
 34%|███▍      | 288/840 [03:11<06:24,  1.43it/s]
 34%|███▍      | 289/840 [03:12<06:58,  1.32it/s]
 35%|███▍      | 291/840 [03:12<04:09,  2.20it/s]
 35%|███▍      | 292/840 [03:12<03:58,  2.29it/s]
 35%|███▌      | 294/840 [03:14<06:00,  1.51it/s]
 35%|███▌      | 295/840 [03:15<05:11,  1.75it/s]
 35%|███▌      | 297/840 [03:16<05:11,  1.74it/s]
 35%|███▌      | 298/840 [03:18<09:08,  1.01s/it]
 36%|███▌      | 299/840 [03:19<09:09,  1.02s/it][gen] 4500 rows (4500/12600 titles, 0 dropped, 300/840 batches)

 36%|███▌      | 300/840 [03:20<07:19,  1.23it/s]
 36%|███▌      | 301/840 [03:21<09:27,  1.05s/it]
 36%|███▌      | 302/840 [03:22<07:47,  1.15it/s]
 36%|███▌      | 303/840 [03:22<05:55,  1.51it/s]
 36%|███▌      | 304/840 [03:22<04:40,  1.91it/s]
 36%|███▋      | 305/840 [03:22<04:02,  2.20it/s]
 36%|███▋      | 306/840 [03:22<03:23,  2.62it/s]
 37%|███▋      | 307/840 [03:23<03:03,  2.91it/s]
 37%|███▋      | 308/840 [03:23<02:58,  2.98it/s]
 37%|███▋      | 310/840 [03:25<04:37,  1.91it/s]
 37%|███▋      | 311/840 [03:25<04:53,  1.80it/s]
 37%|███▋      | 312/840 [03:26<05:08,  1.71it/s]
 37%|███▋      | 313/840 [03:27<06:58,  1.26it/s]
 37%|███▋      | 314/840 [03:28<05:47,  1.51it/s]
 38%|███▊      | 315/840 [03:29<07:11,  1.22it/s]
 38%|███▊      | 316/840 [03:29<06:01,  1.45it/s]
 38%|███▊      | 317/840 [03:31<08:23,  1.04it/s]
 38%|███▊      | 318/840 [03:32<08:22,  1.04it/s]
 38%|███▊      | 319/840 [03:32<06:16,  1.39it/s][gen] 4800 rows (4800/12600 titles, 0 dropped, 320/840 batches)

 38%|███▊      | 320/840 [03:32<05:15,  1.65it/s]
 38%|███▊      | 321/840 [03:33<05:40,  1.53it/s]
 38%|███▊      | 322/840 [03:33<04:27,  1.93it/s]
 39%|███▊      | 324/840 [03:33<02:37,  3.27it/s]
 39%|███▊      | 325/840 [03:34<03:48,  2.25it/s]
 39%|███▉      | 326/840 [03:35<05:26,  1.57it/s]
 39%|███▉      | 327/840 [03:36<05:22,  1.59it/s]
 39%|███▉      | 328/840 [03:37<05:49,  1.47it/s]
 39%|███▉      | 329/840 [03:38<07:24,  1.15it/s]
 39%|███▉      | 330/840 [03:39<06:53,  1.23it/s]
 39%|███▉      | 331/840 [03:40<07:11,  1.18it/s]
 40%|███▉      | 332/840 [03:40<06:37,  1.28it/s]
 40%|███▉      | 334/840 [03:41<04:12,  2.00it/s]
 40%|███▉      | 335/840 [03:41<03:50,  2.19it/s]
 40%|████      | 336/840 [03:42<04:56,  1.70it/s]
 40%|████      | 337/840 [03:43<05:43,  1.47it/s]
 40%|████      | 338/840 [03:43<04:54,  1.70it/s][gen] 5100 rows (5100/12600 titles, 0 dropped, 340/840 batches)

 40%|████      | 340/840 [03:43<02:56,  2.84it/s]
 41%|████      | 341/840 [03:44<04:25,  1.88it/s]
 41%|████      | 342/840 [03:45<05:15,  1.58it/s]
 41%|████      | 343/840 [03:46<05:18,  1.56it/s]
 41%|████      | 344/840 [03:48<07:20,  1.13it/s]
 41%|████      | 345/840 [03:49<09:39,  1.17s/it]
 41%|████▏     | 347/840 [03:50<05:31,  1.49it/s]
 41%|████▏     | 348/840 [03:50<04:42,  1.74it/s]
 42%|████▏     | 349/840 [03:51<05:08,  1.59it/s]
 42%|████▏     | 350/840 [03:51<04:24,  1.85it/s]
 42%|████▏     | 351/840 [03:51<04:06,  1.99it/s]
 42%|████▏     | 352/840 [03:52<05:09,  1.58it/s]
 42%|████▏     | 353/840 [03:54<08:27,  1.04s/it]
 42%|████▏     | 354/840 [03:54<06:16,  1.29it/s]
 42%|████▏     | 356/840 [03:55<04:50,  1.66it/s]
 42%|████▎     | 357/840 [03:55<04:05,  1.97it/s]
 43%|████▎     | 358/840 [03:56<04:08,  1.94it/s]
 43%|████▎     | 359/840 [03:57<04:15,  1.88it/s][gen] 5400 rows (5400/12600 titles, 0 dropped, 360/840 batches)

 43%|████▎     | 360/840 [03:59<08:22,  1.05s/it]
 43%|████▎     | 361/840 [03:59<06:59,  1.14it/s]
 43%|████▎     | 362/840 [04:00<06:05,  1.31it/s]
 43%|████▎     | 363/840 [04:00<04:48,  1.65it/s]
 43%|████▎     | 364/840 [04:00<03:53,  2.04it/s]
 43%|████▎     | 365/840 [04:01<03:44,  2.12it/s]
 44%|████▎     | 366/840 [04:02<04:50,  1.63it/s]
 44%|████▎     | 367/840 [04:02<04:00,  1.97it/s]
 44%|████▍     | 368/840 [04:03<05:06,  1.54it/s]
 44%|████▍     | 369/840 [04:03<04:56,  1.59it/s]
 44%|████▍     | 370/840 [04:04<04:12,  1.86it/s]
 44%|████▍     | 372/840 [04:05<04:08,  1.88it/s]
 44%|████▍     | 373/840 [04:05<03:19,  2.35it/s]
 45%|████▍     | 374/840 [04:06<04:02,  1.92it/s]
 45%|████▍     | 375/840 [04:09<09:18,  1.20s/it]
 45%|████▍     | 376/840 [04:10<10:11,  1.32s/it]
 45%|████▍     | 377/840 [04:11<07:42,  1.00it/s]
 45%|████▌     | 378/840 [04:11<06:01,  1.28it/s]
 45%|████▌     | 379/840 [04:12<05:45,  1.33it/s][gen] 5700 rows (5700/12600 titles, 0 dropped, 380/840 batches)

 45%|████▌     | 380/840 [04:12<05:57,  1.29it/s]
 45%|████▌     | 381/840 [04:14<08:15,  1.08s/it]
 45%|████▌     | 382/840 [04:15<06:53,  1.11it/s]
 46%|████▌     | 383/840 [04:15<05:30,  1.38it/s]
 46%|████▌     | 384/840 [04:15<04:57,  1.53it/s]
 46%|████▌     | 385/840 [04:16<04:19,  1.75it/s]
 46%|████▌     | 387/840 [04:16<02:46,  2.71it/s]
 46%|████▋     | 389/840 [04:17<03:15,  2.30it/s]
 46%|████▋     | 390/840 [04:18<04:11,  1.79it/s]
 47%|████▋     | 391/840 [04:21<07:44,  1.04s/it]
 47%|████▋     | 392/840 [04:21<06:07,  1.22it/s]
 47%|████▋     | 393/840 [04:21<04:49,  1.54it/s]
 47%|████▋     | 394/840 [04:21<04:21,  1.71it/s]
 47%|████▋     | 395/840 [04:22<04:37,  1.60it/s]
 47%|████▋     | 396/840 [04:24<06:08,  1.21it/s]
 47%|████▋     | 397/840 [04:24<05:49,  1.27it/s]
 48%|████▊     | 399/840 [04:25<03:42,  1.98it/s][gen] 6000 rows (6000/12600 titles, 0 dropped, 400/840 batches)

 48%|████▊     | 400/840 [04:25<03:53,  1.88it/s]
 48%|████▊     | 401/840 [04:26<03:52,  1.89it/s]
 48%|████▊     | 402/840 [04:26<04:23,  1.66it/s]
 48%|████▊     | 403/840 [04:27<04:06,  1.77it/s]
 48%|████▊     | 404/840 [04:27<03:12,  2.26it/s]
 48%|████▊     | 405/840 [04:28<03:41,  1.97it/s]
 48%|████▊     | 406/840 [04:29<04:40,  1.55it/s]
 48%|████▊     | 407/840 [04:31<07:33,  1.05s/it]
 49%|████▊     | 408/840 [04:31<06:53,  1.04it/s]
 49%|████▊     | 409/840 [04:32<06:45,  1.06it/s]
 49%|████▉     | 410/840 [04:33<06:15,  1.15it/s]
 49%|████▉     | 411/840 [04:33<04:47,  1.49it/s]
 49%|████▉     | 412/840 [04:35<07:40,  1.08s/it]
 49%|████▉     | 414/840 [04:36<04:39,  1.52it/s]
 49%|████▉     | 415/840 [04:36<04:11,  1.69it/s]
 50%|████▉     | 416/840 [04:37<03:57,  1.78it/s]
 50%|████▉     | 417/840 [04:37<03:20,  2.11it/s]
 50%|████▉     | 418/840 [04:37<03:16,  2.14it/s]
 50%|████▉     | 419/840 [04:38<03:08,  2.23it/s][gen] 6300 rows (6300/12600 titles, 0 dropped, 420/840 batches)

 50%|█████     | 420/840 [04:39<04:40,  1.50it/s]
 50%|█████     | 421/840 [04:39<04:02,  1.72it/s]
 50%|█████     | 422/840 [04:40<04:40,  1.49it/s]
 50%|█████     | 423/840 [04:42<08:00,  1.15s/it]
 50%|█████     | 424/840 [04:43<06:34,  1.05it/s]
 51%|█████     | 425/840 [04:43<05:53,  1.17it/s]
 51%|█████     | 427/840 [04:45<05:50,  1.18it/s]
 51%|█████     | 429/840 [04:45<03:42,  1.84it/s]
 51%|█████     | 430/840 [04:46<03:52,  1.77it/s]
 51%|█████▏    | 431/840 [04:46<03:06,  2.19it/s]
 51%|█████▏    | 432/840 [04:47<04:33,  1.49it/s]
 52%|█████▏    | 433/840 [04:48<03:58,  1.71it/s]
 52%|█████▏    | 435/840 [04:49<03:42,  1.82it/s]
 52%|█████▏    | 436/840 [04:49<03:44,  1.80it/s]
 52%|█████▏    | 437/840 [04:50<04:02,  1.66it/s]
 52%|█████▏    | 438/840 [04:51<04:50,  1.39it/s]
 52%|█████▏    | 439/840 [04:52<04:29,  1.49it/s][gen] 6600 rows (6600/12600 titles, 0 dropped, 440/840 batches)

 52%|█████▏    | 440/840 [04:52<04:31,  1.47it/s]
 52%|█████▎    | 441/840 [04:53<04:06,  1.62it/s]
 53%|█████▎    | 442/840 [04:54<06:09,  1.08it/s]
 53%|█████▎    | 443/840 [04:55<04:40,  1.41it/s]
 53%|█████▎    | 444/840 [04:55<04:19,  1.53it/s]
 53%|█████▎    | 445/840 [04:56<04:17,  1.53it/s]
 53%|█████▎    | 446/840 [04:57<05:43,  1.15it/s]
 53%|█████▎    | 447/840 [04:58<05:06,  1.28it/s]
 53%|█████▎    | 449/840 [04:58<03:13,  2.02it/s]
 54%|█████▎    | 450/840 [04:59<04:06,  1.58it/s]
 54%|█████▎    | 451/840 [05:00<03:50,  1.69it/s]
 54%|█████▍    | 453/840 [05:00<02:29,  2.59it/s]
 54%|█████▍    | 454/840 [05:01<03:58,  1.62it/s]
 54%|█████▍    | 455/840 [05:02<03:26,  1.87it/s]
 54%|█████▍    | 456/840 [05:03<04:50,  1.32it/s]
 54%|█████▍    | 457/840 [05:03<03:50,  1.66it/s]
 55%|█████▍    | 458/840 [05:05<06:47,  1.07s/it]
 55%|█████▍    | 459/840 [05:06<05:26,  1.17it/s][gen] 6900 rows (6900/12600 titles, 0 dropped, 460/840 batches)

 55%|█████▍    | 460/840 [05:06<04:20,  1.46it/s]
 55%|█████▍    | 461/840 [05:07<04:53,  1.29it/s]
 55%|█████▌    | 462/840 [05:07<03:39,  1.72it/s]
 55%|█████▌    | 463/840 [05:08<04:24,  1.43it/s]
 55%|█████▌    | 464/840 [05:09<04:42,  1.33it/s]
 55%|█████▌    | 466/840 [05:10<03:48,  1.64it/s]
 56%|█████▌    | 467/840 [05:11<05:04,  1.22it/s]
 56%|█████▌    | 468/840 [05:12<04:30,  1.38it/s]
 56%|█████▌    | 469/840 [05:12<03:47,  1.63it/s]
 56%|█████▌    | 470/840 [05:12<03:07,  1.98it/s]
 56%|█████▌    | 471/840 [05:13<03:06,  1.98it/s]
 56%|█████▌    | 472/840 [05:13<02:50,  2.16it/s]
 56%|█████▋    | 474/840 [05:14<02:52,  2.12it/s]
 57%|█████▋    | 475/840 [05:16<04:19,  1.40it/s]
 57%|█████▋    | 476/840 [05:18<07:06,  1.17s/it]
 57%|█████▋    | 477/840 [05:18<05:26,  1.11it/s]
 57%|█████▋    | 478/840 [05:18<04:10,  1.44it/s]
 57%|█████▋    | 479/840 [05:19<04:51,  1.24it/s][gen] 7200 rows (7200/12600 titles, 0 dropped, 480/840 batches)

 57%|█████▋    | 480/840 [05:20<04:16,  1.40it/s]
 57%|█████▋    | 481/840 [05:20<03:46,  1.58it/s]
 57%|█████▋    | 482/840 [05:21<03:57,  1.51it/s]
 58%|█████▊    | 484/840 [05:21<02:30,  2.36it/s]
 58%|█████▊    | 485/840 [05:22<03:30,  1.69it/s]
 58%|█████▊    | 486/840 [05:23<03:39,  1.62it/s]
 58%|█████▊    | 487/840 [05:23<02:51,  2.06it/s]
 58%|█████▊    | 489/840 [05:25<03:27,  1.69it/s]
 58%|█████▊    | 491/840 [05:27<04:21,  1.33it/s]
 59%|█████▊    | 492/840 [05:29<05:54,  1.02s/it]
 59%|█████▉    | 494/840 [05:29<04:07,  1.40it/s]
 59%|█████▉    | 496/840 [05:30<03:37,  1.58it/s]
 59%|█████▉    | 497/840 [05:30<03:12,  1.78it/s]
 59%|█████▉    | 498/840 [05:31<03:07,  1.82it/s]
 59%|█████▉    | 499/840 [05:31<02:30,  2.26it/s][gen] 7500 rows (7500/12600 titles, 0 dropped, 500/840 batches)

 60%|█████▉    | 500/840 [05:32<03:12,  1.77it/s]
 60%|█████▉    | 501/840 [05:32<02:49,  2.00it/s]
 60%|█████▉    | 502/840 [05:33<03:27,  1.63it/s]
 60%|█████▉    | 503/840 [05:34<04:03,  1.38it/s]
 60%|██████    | 504/840 [05:35<04:05,  1.37it/s]
 60%|██████    | 506/840 [05:36<04:07,  1.35it/s]
 60%|██████    | 507/840 [05:37<04:04,  1.36it/s]
 60%|██████    | 508/840 [05:39<05:18,  1.04it/s]
 61%|██████    | 509/840 [05:39<04:22,  1.26it/s]
 61%|██████    | 510/840 [05:40<04:41,  1.17it/s]
 61%|██████    | 511/840 [05:40<03:40,  1.49it/s]
 61%|██████    | 512/840 [05:41<03:32,  1.55it/s]
 61%|██████    | 513/840 [05:41<02:42,  2.01it/s]
 61%|██████    | 514/840 [05:41<02:31,  2.15it/s]
 61%|██████▏   | 515/840 [05:42<02:21,  2.30it/s]
 61%|██████▏   | 516/840 [05:42<01:48,  2.98it/s]
 62%|██████▏   | 517/840 [05:42<02:10,  2.48it/s]
 62%|██████▏   | 518/840 [05:44<04:14,  1.27it/s][gen] 7800 rows (7800/12600 titles, 0 dropped, 520/840 batches)

 62%|██████▏   | 520/840 [05:45<02:42,  1.97it/s]
 62%|██████▏   | 521/840 [05:46<04:16,  1.24it/s]
 62%|██████▏   | 522/840 [05:46<03:26,  1.54it/s]
 62%|██████▏   | 523/840 [05:47<03:41,  1.43it/s]
 62%|██████▏   | 524/840 [05:49<05:16,  1.00s/it]
 62%|██████▎   | 525/840 [05:49<04:06,  1.28it/s]
 63%|██████▎   | 526/840 [05:50<03:23,  1.54it/s]
 63%|██████▎   | 527/840 [05:51<04:51,  1.08it/s]
 63%|██████▎   | 528/840 [05:53<05:24,  1.04s/it]
 63%|██████▎   | 530/840 [05:53<03:22,  1.53it/s]
 63%|██████▎   | 531/840 [05:54<03:22,  1.52it/s]
 63%|██████▎   | 532/840 [05:54<02:51,  1.80it/s]
 63%|██████▎   | 533/840 [05:55<02:59,  1.71it/s]
 64%|██████▎   | 535/840 [05:55<01:54,  2.65it/s]
 64%|██████▍   | 536/840 [05:56<03:11,  1.59it/s]
 64%|██████▍   | 537/840 [05:57<03:34,  1.42it/s]
 64%|██████▍   | 539/840 [05:59<03:32,  1.42it/s][gen] 8100 rows (8100/12600 titles, 0 dropped, 540/840 batches)

 64%|██████▍   | 540/840 [05:59<03:08,  1.59it/s]
 64%|██████▍   | 541/840 [05:59<02:39,  1.87it/s]
 65%|██████▍   | 542/840 [06:00<03:03,  1.63it/s]
 65%|██████▍   | 543/840 [06:02<04:51,  1.02it/s]
 65%|██████▍   | 544/840 [06:02<03:48,  1.30it/s]
 65%|██████▍   | 545/840 [06:02<03:02,  1.61it/s]
 65%|██████▌   | 546/840 [06:03<03:18,  1.48it/s]
 65%|██████▌   | 547/840 [06:04<03:04,  1.59it/s]
 65%|██████▌   | 548/840 [06:04<02:29,  1.96it/s]
 65%|██████▌   | 549/840 [06:04<01:57,  2.48it/s]
 66%|██████▌   | 551/840 [06:04<01:19,  3.65it/s]
 66%|██████▌   | 552/840 [06:06<03:17,  1.46it/s]
 66%|██████▌   | 553/840 [06:07<02:40,  1.79it/s]
 66%|██████▌   | 554/840 [06:07<02:36,  1.83it/s]
 66%|██████▌   | 555/840 [06:08<03:04,  1.54it/s]
 66%|██████▌   | 556/840 [06:10<04:27,  1.06it/s]
 66%|██████▋   | 557/840 [06:10<03:57,  1.19it/s]
 66%|██████▋   | 558/840 [06:10<03:09,  1.49it/s]
 67%|██████▋   | 559/840 [06:12<04:58,  1.06s/it][gen] 8400 rows (8400/12600 titles, 0 dropped, 560/840 batches)

 67%|██████▋   | 560/840 [06:13<03:53,  1.20it/s]
 67%|██████▋   | 561/840 [06:13<02:53,  1.61it/s]
 67%|██████▋   | 562/840 [06:13<02:19,  1.99it/s]
 67%|██████▋   | 563/840 [06:13<02:05,  2.21it/s]
 67%|██████▋   | 564/840 [06:14<01:50,  2.50it/s]
 67%|██████▋   | 565/840 [06:14<02:09,  2.13it/s]
 67%|██████▋   | 566/840 [06:15<02:05,  2.18it/s]
 68%|██████▊   | 567/840 [06:15<01:37,  2.80it/s]
 68%|██████▊   | 568/840 [06:16<02:45,  1.64it/s]
 68%|██████▊   | 569/840 [06:17<02:34,  1.75it/s]
 68%|██████▊   | 570/840 [06:18<03:45,  1.20it/s]
 68%|██████▊   | 571/840 [06:19<04:15,  1.05it/s]
 68%|██████▊   | 572/840 [06:20<03:43,  1.20it/s]
 68%|██████▊   | 573/840 [06:21<04:03,  1.10it/s]
 68%|██████▊   | 574/840 [06:22<04:08,  1.07it/s]
 68%|██████▊   | 575/840 [06:23<04:47,  1.09s/it]
 69%|██████▊   | 577/840 [06:24<03:02,  1.44it/s]
 69%|██████▉   | 578/840 [06:24<02:29,  1.75it/s]
 69%|██████▉   | 579/840 [06:25<02:46,  1.57it/s][gen] 8700 rows (8700/12600 titles, 0 dropped, 580/840 batches)

 69%|██████▉   | 580/840 [06:25<02:23,  1.81it/s]
 69%|██████▉   | 582/840 [06:26<02:03,  2.09it/s]
 69%|██████▉   | 583/840 [06:26<01:49,  2.36it/s]
 70%|██████▉   | 584/840 [06:26<01:33,  2.74it/s]
 70%|██████▉   | 585/840 [06:28<03:02,  1.40it/s]
 70%|██████▉   | 586/840 [06:28<02:31,  1.68it/s]
 70%|██████▉   | 587/840 [06:29<03:08,  1.34it/s]
 70%|███████   | 588/840 [06:30<02:30,  1.68it/s]
 70%|███████   | 589/840 [06:32<05:09,  1.23s/it]
 70%|███████   | 590/840 [06:33<04:07,  1.01it/s]
 70%|███████   | 592/840 [06:33<02:29,  1.66it/s]
 71%|███████   | 593/840 [06:34<02:36,  1.57it/s]
 71%|███████   | 594/840 [06:34<02:20,  1.75it/s]
 71%|███████   | 595/840 [06:35<02:12,  1.85it/s]
 71%|███████   | 596/840 [06:35<01:44,  2.34it/s]
 71%|███████   | 597/840 [06:35<01:46,  2.28it/s]
 71%|███████   | 598/840 [06:35<01:26,  2.81it/s][gen] 9000 rows (9000/12600 titles, 0 dropped, 600/840 batches)

 71%|███████▏  | 600/840 [06:36<00:55,  4.33it/s]
 72%|███████▏  | 601/840 [06:38<02:56,  1.36it/s]
 72%|███████▏  | 602/840 [06:38<02:26,  1.63it/s]
 72%|███████▏  | 603/840 [06:40<03:31,  1.12it/s]
 72%|███████▏  | 604/840 [06:42<05:23,  1.37s/it]
 72%|███████▏  | 605/840 [06:43<04:07,  1.05s/it]
 72%|███████▏  | 606/840 [06:43<03:26,  1.14it/s]
 72%|███████▏  | 608/840 [06:43<01:59,  1.95it/s]
 72%|███████▎  | 609/840 [06:45<02:48,  1.37it/s]
 73%|███████▎  | 610/840 [06:45<02:17,  1.68it/s]
 73%|███████▎  | 611/840 [06:45<01:55,  1.98it/s]
 73%|███████▎  | 612/840 [06:46<02:06,  1.81it/s]
 73%|███████▎  | 614/840 [06:47<01:45,  2.15it/s]
 73%|███████▎  | 615/840 [06:48<02:11,  1.71it/s]
 73%|███████▎  | 616/840 [06:48<02:19,  1.61it/s]
 73%|███████▎  | 617/840 [06:50<03:03,  1.22it/s]
 74%|███████▎  | 619/840 [06:50<02:20,  1.58it/s][gen] 9300 rows (9300/12600 titles, 0 dropped, 620/840 batches)

 74%|███████▍  | 620/840 [06:53<03:45,  1.03s/it]
 74%|███████▍  | 621/840 [06:53<03:09,  1.16it/s]
 74%|███████▍  | 622/840 [06:54<03:03,  1.19it/s]
 74%|███████▍  | 623/840 [06:54<02:32,  1.42it/s]
 74%|███████▍  | 624/840 [06:55<02:37,  1.37it/s]
 74%|███████▍  | 625/840 [06:55<02:03,  1.74it/s]
 75%|███████▍  | 626/840 [06:56<02:05,  1.70it/s]
 75%|███████▍  | 627/840 [06:56<02:08,  1.65it/s]
 75%|███████▍  | 628/840 [06:57<02:34,  1.38it/s]
 75%|███████▍  | 629/840 [06:59<03:05,  1.14it/s]
 75%|███████▌  | 630/840 [06:59<02:27,  1.42it/s]
 75%|███████▌  | 631/840 [07:00<02:23,  1.46it/s]
 75%|███████▌  | 632/840 [07:00<02:23,  1.45it/s]
 75%|███████▌  | 634/840 [07:01<01:32,  2.24it/s]
 76%|███████▌  | 635/840 [07:02<02:33,  1.33it/s]
 76%|███████▌  | 636/840 [07:04<03:11,  1.07it/s]
 76%|███████▌  | 638/840 [07:04<02:04,  1.62it/s]
 76%|███████▌  | 639/840 [07:05<02:22,  1.41it/s][gen] 9600 rows (9600/12600 titles, 0 dropped, 640/840 batches)

 76%|███████▌  | 640/840 [07:06<02:24,  1.39it/s]
 77%|███████▋  | 643/840 [07:08<02:05,  1.58it/s]
 77%|███████▋  | 644/840 [07:08<01:58,  1.65it/s]
 77%|███████▋  | 645/840 [07:08<01:43,  1.88it/s]
 77%|███████▋  | 646/840 [07:10<02:16,  1.42it/s]
 77%|███████▋  | 647/840 [07:10<01:56,  1.66it/s]
 77%|███████▋  | 648/840 [07:10<01:36,  1.98it/s]
 77%|███████▋  | 649/840 [07:10<01:22,  2.31it/s]
 77%|███████▋  | 650/840 [07:11<01:46,  1.79it/s]
 78%|███████▊  | 651/840 [07:12<01:49,  1.73it/s]
 78%|███████▊  | 652/840 [07:15<03:41,  1.18s/it]
 78%|███████▊  | 653/840 [07:15<02:48,  1.11it/s]
 78%|███████▊  | 654/840 [07:16<02:50,  1.09it/s]
 78%|███████▊  | 655/840 [07:16<02:27,  1.25it/s]
 78%|███████▊  | 657/840 [07:17<01:30,  2.02it/s]
 78%|███████▊  | 658/840 [07:17<01:48,  1.68it/s]
 78%|███████▊  | 659/840 [07:18<01:31,  1.97it/s][gen] 9900 rows (9900/12600 titles, 0 dropped, 660/840 batches)

 79%|███████▊  | 660/840 [07:18<01:29,  2.02it/s]
 79%|███████▊  | 661/840 [07:19<02:05,  1.42it/s]
 79%|███████▉  | 662/840 [07:21<02:47,  1.06it/s]
 79%|███████▉  | 663/840 [07:22<02:48,  1.05it/s]
 79%|███████▉  | 664/840 [07:24<03:33,  1.21s/it]
 79%|███████▉  | 665/840 [07:24<02:40,  1.09it/s]
 79%|███████▉  | 667/840 [07:24<01:39,  1.73it/s]
 80%|███████▉  | 669/840 [07:25<01:32,  1.84it/s]
 80%|███████▉  | 670/840 [07:26<01:39,  1.72it/s]
 80%|███████▉  | 671/840 [07:26<01:21,  2.08it/s]
 80%|████████  | 672/840 [07:27<01:16,  2.19it/s]
 80%|████████  | 673/840 [07:27<01:12,  2.29it/s]
 80%|████████  | 674/840 [07:27<01:12,  2.29it/s]
 80%|████████  | 675/840 [07:28<00:59,  2.79it/s]
 80%|████████  | 676/840 [07:29<02:10,  1.26it/s]
 81%|████████  | 678/840 [07:30<01:37,  1.66it/s]
 81%|████████  | 679/840 [07:32<02:25,  1.11it/s][gen] 10200 rows (10200/12600 titles, 0 dropped, 680/840 batches)

 81%|████████  | 680/840 [07:33<02:47,  1.05s/it]
 81%|████████  | 681/840 [07:34<02:25,  1.09it/s]
 81%|████████  | 682/840 [07:34<02:01,  1.30it/s]
 81%|████████▏ | 684/840 [07:35<01:24,  1.84it/s]
 82%|████████▏ | 685/840 [07:35<01:13,  2.11it/s]
 82%|████████▏ | 686/840 [07:36<01:27,  1.76it/s]
 82%|████████▏ | 687/840 [07:36<01:16,  1.99it/s]
 82%|████████▏ | 688/840 [07:38<01:57,  1.29it/s]
 82%|████████▏ | 689/840 [07:39<01:59,  1.26it/s]
 82%|████████▏ | 692/840 [07:40<01:26,  1.71it/s]
 82%|████████▎ | 693/840 [07:40<01:13,  2.00it/s]
 83%|████████▎ | 694/840 [07:41<01:26,  1.69it/s]
 83%|████████▎ | 695/840 [07:43<02:01,  1.19it/s]
 83%|████████▎ | 696/840 [07:43<01:43,  1.39it/s]
 83%|████████▎ | 697/840 [07:43<01:29,  1.60it/s]
 83%|████████▎ | 698/840 [07:45<02:23,  1.01s/it][gen] 10500 rows (10500/12600 titles, 0 dropped, 700/840 batches)

 83%|████████▎ | 700/840 [07:46<01:25,  1.63it/s]
 83%|████████▎ | 701/840 [07:46<01:10,  1.99it/s]
 84%|████████▎ | 702/840 [07:46<00:59,  2.33it/s]
 84%|████████▎ | 703/840 [07:47<01:23,  1.64it/s]
 84%|████████▍ | 704/840 [07:49<02:02,  1.11it/s]
 84%|████████▍ | 706/840 [07:49<01:11,  1.88it/s]
 84%|████████▍ | 707/840 [07:50<01:35,  1.39it/s]
 84%|████████▍ | 708/840 [07:51<01:39,  1.33it/s]
 84%|████████▍ | 709/840 [07:52<01:35,  1.37it/s]
 85%|████████▍ | 710/840 [07:54<02:20,  1.08s/it]
 85%|████████▍ | 711/840 [07:54<01:57,  1.10it/s]
 85%|████████▍ | 712/840 [07:55<02:11,  1.02s/it]
 85%|████████▍ | 713/840 [07:56<01:49,  1.16it/s]
 85%|████████▌ | 714/840 [07:56<01:21,  1.55it/s]
 85%|████████▌ | 715/840 [07:56<01:05,  1.91it/s]
 85%|████████▌ | 716/840 [07:58<01:48,  1.14it/s]
 85%|████████▌ | 717/840 [07:58<01:30,  1.36it/s]
 85%|████████▌ | 718/840 [07:59<01:13,  1.65it/s]
 86%|████████▌ | 719/840 [07:59<00:55,  2.19it/s][gen] 10800 rows (10800/12600 titles, 0 dropped, 720/840 batches)

 86%|████████▌ | 721/840 [08:00<00:57,  2.07it/s]
 86%|████████▌ | 722/840 [08:01<01:23,  1.41it/s]
 86%|████████▌ | 723/840 [08:02<01:33,  1.25it/s]
 86%|████████▋ | 725/840 [08:03<01:09,  1.65it/s]
 86%|████████▋ | 726/840 [08:04<01:27,  1.30it/s]
 87%|████████▋ | 727/840 [08:05<01:30,  1.25it/s]
 87%|████████▋ | 728/840 [08:06<01:35,  1.18it/s]
 87%|████████▋ | 729/840 [08:06<01:16,  1.44it/s]
 87%|████████▋ | 730/840 [08:07<01:17,  1.41it/s]
 87%|████████▋ | 731/840 [08:08<01:10,  1.55it/s]
 87%|████████▋ | 732/840 [08:08<01:01,  1.77it/s]
 87%|████████▋ | 733/840 [08:09<01:15,  1.42it/s]
 87%|████████▋ | 734/840 [08:09<01:00,  1.75it/s]
 88%|████████▊ | 735/840 [08:10<01:10,  1.50it/s]
 88%|████████▊ | 736/840 [08:10<00:56,  1.86it/s]
 88%|████████▊ | 738/840 [08:11<00:38,  2.68it/s]
 88%|████████▊ | 739/840 [08:13<01:15,  1.33it/s][gen] 11100 rows (11100/12600 titles, 0 dropped, 740/840 batches)

 88%|████████▊ | 740/840 [08:13<01:13,  1.36it/s]
 88%|████████▊ | 741/840 [08:14<01:22,  1.21it/s]
 88%|████████▊ | 742/840 [08:16<01:31,  1.07it/s]
 89%|████████▊ | 744/840 [08:17<01:10,  1.36it/s]
 89%|████████▊ | 745/840 [08:18<01:24,  1.13it/s]
 89%|████████▉ | 747/840 [08:18<00:56,  1.66it/s]
 89%|████████▉ | 748/840 [08:19<00:58,  1.57it/s]
 89%|████████▉ | 749/840 [08:20<01:05,  1.39it/s]
 89%|████████▉ | 751/840 [08:21<00:46,  1.92it/s]
 90%|████████▉ | 753/840 [08:21<00:42,  2.06it/s]
 90%|████████▉ | 754/840 [08:24<01:12,  1.18it/s]
 90%|████████▉ | 755/840 [08:25<01:21,  1.05it/s]
 90%|█████████ | 756/840 [08:25<01:10,  1.18it/s]
 90%|█████████ | 757/840 [08:27<01:21,  1.02it/s]
 90%|█████████ | 758/840 [08:27<01:02,  1.31it/s]
 90%|█████████ | 759/840 [08:28<01:05,  1.24it/s][gen] 11400 rows (11400/12600 titles, 0 dropped, 760/840 batches)

 91%|█████████ | 761/840 [08:29<00:46,  1.71it/s]
 91%|█████████ | 762/840 [08:29<00:47,  1.64it/s]
 91%|█████████ | 765/840 [08:29<00:25,  2.96it/s]
 91%|█████████ | 766/840 [08:30<00:26,  2.77it/s]
 91%|█████████▏| 767/840 [08:31<00:38,  1.91it/s]
 92%|█████████▏| 769/840 [08:32<00:29,  2.42it/s]
 92%|█████████▏| 770/840 [08:34<00:59,  1.18it/s]
 92%|█████████▏| 771/840 [08:36<01:13,  1.06s/it]
 92%|█████████▏| 772/840 [08:36<00:56,  1.20it/s]
 92%|█████████▏| 773/840 [08:37<00:56,  1.18it/s]
 92%|█████████▏| 774/840 [08:37<00:45,  1.44it/s]
 92%|█████████▏| 775/840 [08:38<00:42,  1.53it/s]
 92%|█████████▏| 776/840 [08:38<00:42,  1.51it/s]
 92%|█████████▎| 777/840 [08:38<00:31,  1.99it/s]
 93%|█████████▎| 778/840 [08:39<00:28,  2.14it/s][gen] 11700 rows (11700/12600 titles, 0 dropped, 780/840 batches)

 93%|█████████▎| 780/840 [08:39<00:20,  2.96it/s]
 93%|█████████▎| 781/840 [08:40<00:22,  2.61it/s]
 93%|█████████▎| 782/840 [08:42<00:47,  1.21it/s]
 93%|█████████▎| 783/840 [08:42<00:38,  1.47it/s]
 93%|█████████▎| 784/840 [08:42<00:29,  1.89it/s]
 93%|█████████▎| 785/840 [08:43<00:39,  1.38it/s]
 94%|█████████▎| 786/840 [08:44<00:33,  1.61it/s]
 94%|█████████▎| 787/840 [08:47<01:15,  1.42s/it]
 94%|█████████▍| 788/840 [08:48<01:00,  1.17s/it]
 94%|█████████▍| 789/840 [08:48<00:46,  1.10it/s]
 94%|█████████▍| 790/840 [08:49<00:43,  1.15it/s]
 94%|█████████▍| 791/840 [08:49<00:32,  1.52it/s]
 95%|█████████▍| 794/840 [08:51<00:27,  1.68it/s]
 95%|█████████▍| 795/840 [08:52<00:33,  1.33it/s]
 95%|█████████▍| 796/840 [08:52<00:26,  1.65it/s]
 95%|█████████▍| 797/840 [08:53<00:25,  1.70it/s]
 95%|█████████▌| 798/840 [08:53<00:20,  2.09it/s]
 95%|█████████▌| 799/840 [08:53<00:19,  2.14it/s][gen] 12000 rows (12000/12600 titles, 0 dropped, 800/840 batches)

 95%|█████████▌| 800/840 [08:54<00:21,  1.82it/s]
 95%|█████████▌| 801/840 [08:54<00:17,  2.19it/s]
 95%|█████████▌| 802/840 [08:55<00:21,  1.79it/s]
 96%|█████████▌| 803/840 [08:58<00:48,  1.31s/it]
 96%|█████████▌| 804/840 [08:58<00:34,  1.05it/s]
 96%|█████████▌| 806/840 [08:59<00:24,  1.41it/s]
 96%|█████████▌| 807/840 [09:00<00:27,  1.20it/s]
 96%|█████████▌| 808/840 [09:01<00:29,  1.09it/s]
 96%|█████████▋| 809/840 [09:02<00:24,  1.24it/s]
 96%|█████████▋| 810/840 [09:02<00:18,  1.59it/s]
 97%|█████████▋| 811/840 [09:03<00:17,  1.70it/s]
 97%|█████████▋| 812/840 [09:03<00:15,  1.79it/s]
 97%|█████████▋| 813/840 [09:03<00:11,  2.27it/s]
 97%|█████████▋| 814/840 [09:04<00:11,  2.25it/s]
 97%|█████████▋| 815/840 [09:04<00:11,  2.12it/s]
 97%|█████████▋| 817/840 [09:05<00:10,  2.14it/s]
 97%|█████████▋| 818/840 [09:07<00:20,  1.07it/s]
 98%|█████████▊| 819/840 [09:08<00:17,  1.20it/s][gen] 12300 rows (12300/12600 titles, 0 dropped, 820/840 batches)

 98%|█████████▊| 820/840 [09:08<00:14,  1.42it/s]
 98%|█████████▊| 821/840 [09:09<00:12,  1.58it/s]
 98%|█████████▊| 822/840 [09:09<00:09,  1.86it/s]
 98%|█████████▊| 823/840 [09:11<00:16,  1.03it/s]
 98%|█████████▊| 824/840 [09:12<00:13,  1.15it/s]
 98%|█████████▊| 825/840 [09:12<00:11,  1.30it/s]
 98%|█████████▊| 826/840 [09:13<00:08,  1.60it/s]
 98%|█████████▊| 827/840 [09:13<00:08,  1.51it/s]
 99%|█████████▊| 828/840 [09:13<00:06,  1.97it/s]
 99%|█████████▊| 829/840 [09:14<00:05,  2.04it/s]
 99%|█████████▉| 831/840 [09:15<00:04,  1.94it/s]
 99%|█████████▉| 832/840 [09:15<00:03,  2.06it/s]
 99%|█████████▉| 833/840 [09:18<00:07,  1.11s/it]
 99%|█████████▉| 834/840 [09:19<00:06,  1.12s/it]
 99%|█████████▉| 835/840 [09:20<00:04,  1.08it/s]
100%|█████████▉| 836/840 [09:20<00:02,  1.45it/s]
100%|█████████▉| 837/840 [09:20<00:01,  1.69it/s]
100%|█████████▉| 838/840 [09:20<00:00,  2.15it/s]
100%|█████████▉| 839/840 [09:24<00:01,  1.38s/it][gen] 12600 rows (12600/12600 titles, 0 dropped, 840/840 batches)

100%|██████████| 840/840 [09:24<00:00,  1.10s/it]
100%|██████████| 840/840 [09:24<00:00,  1.49it/s]
[gen] done. 12600 rows, 0 dropped for misalignment/empty across the run.

[modal] exit code: 0
