[modal] $ /usr/local/bin/python /workspace/track_b/modal_run/train_guides/generate_synthetic.py --source-csv /workspace/store/data/source_neutrals.csv --out-csv /workspace/store/data/synthetic_clickbait.csv --batch-size 15 --max-rows 12600 --seed 42 --workers 16 --no-resume
[gen] loaded 12600 titles (cap=12600)
[gen] raw generations -> /workspace/store/data/synthetic_clickbait.raw.jsonl
[gen] 12600 titles in 840 batches, 16 concurrent workers, wall-clock ETA ~3.9 min

  0%|          | 0/840 [00:00<?, ?it/s]
  0%|          | 1/840 [00:11<2:39:34, 11.41s/it]
  1%|          | 5/840 [00:11<24:09,  1.74s/it]  
  1%|          | 8/840 [00:12<14:51,  1.07s/it]
  1%|▏         | 11/840 [00:12<09:00,  1.53it/s]
  2%|▏         | 13/840 [00:13<07:36,  1.81it/s]
  2%|▏         | 15/840 [00:14<06:50,  2.01it/s]
  2%|▏         | 17/840 [00:22<21:30,  1.57s/it][gen] 300 rows (300/12600 titles, 0 dropped, 20/840 batches)

  2%|▏         | 20/840 [00:22<13:29,  1.01it/s]
  3%|▎         | 23/840 [00:22<08:55,  1.53it/s]
  3%|▎         | 25/840 [00:22<06:53,  1.97it/s]
  3%|▎         | 27/840 [00:23<05:40,  2.39it/s]
  3%|▎         | 29/840 [00:23<05:29,  2.46it/s]
  4%|▎         | 30/840 [00:24<04:54,  2.75it/s]
  4%|▎         | 31/840 [00:25<06:24,  2.10it/s]
  4%|▍         | 32/840 [00:25<07:41,  1.75it/s]
  4%|▍         | 33/840 [00:32<26:24,  1.96s/it]
  4%|▍         | 35/840 [00:32<16:14,  1.21s/it]
  4%|▍         | 36/840 [00:32<12:59,  1.03it/s]
  4%|▍         | 37/840 [00:32<10:14,  1.31it/s]
  5%|▍         | 38/840 [00:33<08:24,  1.59it/s]
  5%|▍         | 39/840 [00:33<07:21,  1.81it/s][gen] 600 rows (600/12600 titles, 0 dropped, 40/840 batches)

  5%|▍         | 40/840 [00:34<07:23,  1.80it/s]
  5%|▍         | 41/840 [00:34<07:27,  1.79it/s]
  5%|▌         | 42/840 [00:35<07:49,  1.70it/s]
  5%|▌         | 43/840 [00:35<06:05,  2.18it/s]
  5%|▌         | 44/840 [00:35<05:07,  2.59it/s]
  5%|▌         | 46/840 [00:36<04:54,  2.69it/s]
  6%|▌         | 47/840 [00:36<04:41,  2.82it/s]
  6%|▌         | 48/840 [00:37<07:25,  1.78it/s]
  6%|▌         | 49/840 [00:43<26:45,  2.03s/it]
  6%|▌         | 50/840 [00:44<20:54,  1.59s/it]
  6%|▌         | 51/840 [00:44<16:32,  1.26s/it]
  6%|▌         | 52/840 [00:45<13:08,  1.00s/it]
  6%|▋         | 53/840 [00:45<10:39,  1.23it/s]
  6%|▋         | 54/840 [00:45<09:37,  1.36it/s]
  7%|▋         | 55/840 [00:46<08:49,  1.48it/s]
  7%|▋         | 58/840 [00:47<05:39,  2.30it/s]
  7%|▋         | 59/840 [00:48<06:38,  1.96it/s][gen] 900 rows (900/12600 titles, 0 dropped, 60/840 batches)

  7%|▋         | 60/840 [00:48<05:29,  2.36it/s]
  7%|▋         | 62/840 [00:48<04:35,  2.82it/s]
  8%|▊         | 63/840 [00:48<04:17,  3.02it/s]
  8%|▊         | 64/840 [00:49<05:54,  2.19it/s]
  8%|▊         | 65/840 [00:54<20:33,  1.59s/it]
  8%|▊         | 66/840 [00:55<16:45,  1.30s/it]
  8%|▊         | 67/840 [00:56<15:32,  1.21s/it]
  8%|▊         | 68/840 [00:56<13:33,  1.05s/it]
  8%|▊         | 69/840 [00:58<14:50,  1.15s/it]
  8%|▊         | 70/840 [00:58<11:09,  1.15it/s]
  8%|▊         | 71/840 [00:58<08:23,  1.53it/s]
  9%|▊         | 72/840 [00:59<09:34,  1.34it/s]
  9%|▊         | 73/840 [00:59<07:55,  1.61it/s]
  9%|▉         | 74/840 [01:00<07:02,  1.81it/s]
  9%|▉         | 75/840 [01:00<05:30,  2.32it/s]
  9%|▉         | 77/840 [01:00<03:38,  3.49it/s]
  9%|▉         | 78/840 [01:00<03:07,  4.06it/s]
  9%|▉         | 79/840 [01:00<02:38,  4.80it/s][gen] 1200 rows (1200/12600 titles, 0 dropped, 80/840 batches)

 10%|▉         | 80/840 [01:02<07:23,  1.71it/s]
 10%|▉         | 81/840 [01:08<25:59,  2.05s/it]
 10%|▉         | 82/840 [01:08<20:24,  1.62s/it]
 10%|█         | 84/840 [01:09<13:30,  1.07s/it]
 10%|█         | 85/840 [01:10<14:08,  1.12s/it]
 10%|█         | 87/840 [01:11<10:41,  1.17it/s]
 11%|█         | 89/840 [01:11<07:16,  1.72it/s]
 11%|█         | 91/840 [01:13<06:57,  1.79it/s]
 11%|█         | 92/840 [01:13<06:02,  2.07it/s]
 11%|█         | 94/840 [01:13<05:00,  2.48it/s]
 11%|█▏        | 95/840 [01:13<04:20,  2.86it/s]
 11%|█▏        | 96/840 [01:14<05:16,  2.35it/s]
 12%|█▏        | 97/840 [01:19<20:14,  1.63s/it]
 12%|█▏        | 98/840 [01:21<18:29,  1.50s/it]
 12%|█▏        | 99/840 [01:21<14:16,  1.16s/it][gen] 1500 rows (1500/12600 titles, 0 dropped, 100/840 batches)

 12%|█▏        | 100/840 [01:21<11:14,  1.10it/s]
 12%|█▏        | 101/840 [01:22<10:49,  1.14it/s]
 12%|█▏        | 103/840 [01:22<07:22,  1.66it/s]
 12%|█▏        | 104/840 [01:23<06:06,  2.01it/s]
 12%|█▎        | 105/840 [01:23<05:55,  2.07it/s]
 13%|█▎        | 107/840 [01:23<03:41,  3.31it/s]
 13%|█▎        | 108/840 [01:24<04:40,  2.61it/s]
 13%|█▎        | 109/840 [01:24<04:10,  2.92it/s]
 13%|█▎        | 110/840 [01:24<04:03,  3.00it/s]
 13%|█▎        | 111/840 [01:24<03:29,  3.48it/s]
 13%|█▎        | 112/840 [01:25<03:36,  3.37it/s]
 13%|█▎        | 113/840 [01:32<26:06,  2.16s/it]
 14%|█▎        | 114/840 [01:32<19:50,  1.64s/it]
 14%|█▎        | 115/840 [01:33<17:04,  1.41s/it]
 14%|█▍        | 116/840 [01:34<14:56,  1.24s/it]
 14%|█▍        | 117/840 [01:34<12:19,  1.02s/it]
 14%|█▍        | 118/840 [01:34<09:04,  1.33it/s]
 14%|█▍        | 119/840 [01:35<07:35,  1.58it/s][gen] 1800 rows (1800/12600 titles, 0 dropped, 120/840 batches)

 14%|█▍        | 120/840 [01:35<05:42,  2.10it/s]
 14%|█▍        | 121/840 [01:35<06:24,  1.87it/s]
 15%|█▍        | 122/840 [01:36<05:38,  2.12it/s]
 15%|█▍        | 123/840 [01:36<04:30,  2.65it/s]
 15%|█▍        | 124/840 [01:36<05:01,  2.38it/s]
 15%|█▍        | 125/840 [01:37<04:02,  2.95it/s]
 15%|█▌        | 126/840 [01:38<09:34,  1.24it/s]
 15%|█▌        | 127/840 [01:38<07:03,  1.68it/s]
 15%|█▌        | 128/840 [01:39<08:00,  1.48it/s]
 15%|█▌        | 129/840 [01:43<19:28,  1.64s/it]
 15%|█▌        | 130/840 [01:44<16:21,  1.38s/it]
 16%|█▌        | 131/840 [01:45<15:35,  1.32s/it]
 16%|█▌        | 133/840 [01:45<08:50,  1.33it/s]
 16%|█▌        | 134/840 [01:46<07:18,  1.61it/s]
 16%|█▌        | 136/840 [01:46<04:46,  2.46it/s]
 16%|█▋        | 137/840 [01:46<04:52,  2.41it/s]
 16%|█▋        | 138/840 [01:47<04:54,  2.38it/s]
 17%|█▋        | 139/840 [01:47<05:24,  2.16it/s][gen] 2100 rows (2100/12600 titles, 0 dropped, 140/840 batches)

 17%|█▋        | 141/840 [01:48<04:13,  2.75it/s]
 17%|█▋        | 142/840 [01:49<06:48,  1.71it/s]
 17%|█▋        | 144/840 [01:51<08:25,  1.38it/s]
 17%|█▋        | 145/840 [01:55<17:18,  1.49s/it]
 17%|█▋        | 146/840 [01:56<14:34,  1.26s/it]
 18%|█▊        | 147/840 [01:57<13:31,  1.17s/it]
 18%|█▊        | 148/840 [01:57<10:50,  1.06it/s]
 18%|█▊        | 149/840 [01:58<10:39,  1.08it/s]
 18%|█▊        | 150/840 [01:58<08:29,  1.35it/s]
 18%|█▊        | 153/840 [01:59<06:13,  1.84it/s]
 18%|█▊        | 154/840 [02:00<05:56,  1.93it/s]
 18%|█▊        | 155/840 [02:00<04:52,  2.34it/s]
 19%|█▊        | 156/840 [02:00<05:06,  2.23it/s]
 19%|█▊        | 157/840 [02:02<09:20,  1.22it/s]
 19%|█▉        | 158/840 [02:02<07:42,  1.47it/s]
 19%|█▉        | 159/840 [02:03<06:15,  1.81it/s][gen] 2399 rows (2399/12600 titles, 0 dropped, 160/840 batches)

 19%|█▉        | 160/840 [02:03<06:08,  1.85it/s]
 19%|█▉        | 161/840 [02:04<08:42,  1.30it/s]
 19%|█▉        | 162/840 [02:07<15:37,  1.38s/it]
 19%|█▉        | 163/840 [02:08<12:59,  1.15s/it]
 20%|█▉        | 164/840 [02:08<09:41,  1.16it/s]
 20%|█▉        | 165/840 [02:08<07:40,  1.47it/s]
 20%|█▉        | 166/840 [02:08<05:51,  1.92it/s]
 20%|█▉        | 167/840 [02:09<06:08,  1.82it/s]
 20%|██        | 168/840 [02:10<08:42,  1.29it/s]
 20%|██        | 169/840 [02:11<06:49,  1.64it/s]
 20%|██        | 170/840 [02:11<05:25,  2.06it/s]
 20%|██        | 171/840 [02:11<04:47,  2.33it/s]
 20%|██        | 172/840 [02:12<04:35,  2.43it/s]
 21%|██        | 173/840 [02:13<08:20,  1.33it/s]
 21%|██        | 174/840 [02:13<06:43,  1.65it/s]
 21%|██        | 175/840 [02:14<07:51,  1.41it/s]
 21%|██        | 176/840 [02:15<06:16,  1.76it/s]
 21%|██        | 177/840 [02:18<15:34,  1.41s/it]
 21%|██▏       | 179/840 [02:18<08:43,  1.26it/s][gen] 2699 rows (2699/12600 titles, 0 dropped, 180/840 batches)

 21%|██▏       | 180/840 [02:18<07:27,  1.48it/s]
 22%|██▏       | 181/840 [02:19<06:32,  1.68it/s]
 22%|██▏       | 183/840 [02:19<04:57,  2.21it/s]
 22%|██▏       | 184/840 [02:21<07:51,  1.39it/s]
 22%|██▏       | 185/840 [02:22<08:23,  1.30it/s]
 22%|██▏       | 186/840 [02:22<06:30,  1.67it/s]
 22%|██▏       | 187/840 [02:22<05:16,  2.06it/s]
 22%|██▏       | 188/840 [02:23<06:47,  1.60it/s]
 23%|██▎       | 190/840 [02:23<04:49,  2.25it/s]
 23%|██▎       | 192/840 [02:25<05:48,  1.86it/s]
 23%|██▎       | 193/840 [02:28<11:59,  1.11s/it]
 23%|██▎       | 194/840 [02:28<10:12,  1.05it/s]
 23%|██▎       | 195/840 [02:29<09:23,  1.15it/s]
 23%|██▎       | 196/840 [02:29<08:01,  1.34it/s]
 23%|██▎       | 197/840 [02:30<06:07,  1.75it/s]
 24%|██▎       | 198/840 [02:30<06:00,  1.78it/s]
 24%|██▎       | 199/840 [02:30<04:52,  2.19it/s][gen] 2999 rows (2999/12600 titles, 0 dropped, 200/840 batches)

 24%|██▍       | 200/840 [02:31<06:58,  1.53it/s]
 24%|██▍       | 201/840 [02:32<05:37,  1.89it/s]
 24%|██▍       | 203/840 [02:33<05:22,  1.98it/s]
 24%|██▍       | 204/840 [02:33<05:28,  1.94it/s]
 24%|██▍       | 205/840 [02:34<05:02,  2.10it/s]
 25%|██▍       | 206/840 [02:34<05:01,  2.11it/s]
 25%|██▍       | 207/840 [02:35<06:51,  1.54it/s]
 25%|██▍       | 208/840 [02:36<07:29,  1.41it/s]
 25%|██▍       | 209/840 [02:39<14:12,  1.35s/it]
 25%|██▌       | 210/840 [02:39<10:57,  1.04s/it]
 25%|██▌       | 211/840 [02:39<08:03,  1.30it/s]
 25%|██▌       | 214/840 [02:40<04:40,  2.23it/s]
 26%|██▌       | 215/840 [02:41<06:33,  1.59it/s]
 26%|██▌       | 216/840 [02:42<05:49,  1.79it/s]
 26%|██▌       | 218/840 [02:43<06:17,  1.65it/s]
 26%|██▌       | 219/840 [02:44<08:01,  1.29it/s][gen] 3299 rows (3299/12600 titles, 0 dropped, 220/840 batches)

 26%|██▌       | 220/840 [02:44<06:32,  1.58it/s]
 26%|██▋       | 222/840 [02:46<07:48,  1.32it/s]
 27%|██▋       | 223/840 [02:47<07:32,  1.36it/s]
 27%|██▋       | 224/840 [02:48<08:32,  1.20it/s]
 27%|██▋       | 225/840 [02:48<07:00,  1.46it/s]
 27%|██▋       | 226/840 [02:49<07:35,  1.35it/s]
 27%|██▋       | 228/840 [02:50<04:48,  2.12it/s]
 27%|██▋       | 229/840 [02:50<04:39,  2.18it/s]
 27%|██▋       | 230/840 [02:51<04:56,  2.06it/s]
 28%|██▊       | 231/840 [02:52<08:39,  1.17it/s]
 28%|██▊       | 232/840 [02:53<07:15,  1.40it/s]
 28%|██▊       | 233/840 [02:54<10:03,  1.01it/s]
 28%|██▊       | 235/840 [02:55<06:05,  1.65it/s]
 28%|██▊       | 238/840 [02:58<08:22,  1.20it/s]
 28%|██▊       | 239/840 [02:58<07:37,  1.31it/s][gen] 3599 rows (3599/12600 titles, 0 dropped, 240/840 batches)

 29%|██▊       | 240/840 [02:59<08:22,  1.19it/s]
 29%|██▉       | 242/840 [03:00<06:05,  1.64it/s]
 29%|██▉       | 243/840 [03:00<05:00,  1.99it/s]
 29%|██▉       | 244/840 [03:01<06:56,  1.43it/s]
 29%|██▉       | 246/840 [03:03<07:20,  1.35it/s]
 29%|██▉       | 247/840 [03:03<06:22,  1.55it/s]
 30%|██▉       | 248/840 [03:04<07:00,  1.41it/s]
 30%|██▉       | 249/840 [03:04<05:43,  1.72it/s]
 30%|██▉       | 250/840 [03:05<04:47,  2.05it/s]
 30%|███       | 252/840 [03:06<05:47,  1.69it/s]
 30%|███       | 253/840 [03:06<04:45,  2.06it/s]
 30%|███       | 254/840 [03:08<06:55,  1.41it/s]
 30%|███       | 255/840 [03:09<08:23,  1.16it/s]
 30%|███       | 256/840 [03:09<07:16,  1.34it/s]
 31%|███       | 257/840 [03:10<06:08,  1.58it/s]
 31%|███       | 258/840 [03:10<05:18,  1.83it/s]
 31%|███       | 259/840 [03:11<05:08,  1.88it/s][gen] 3899 rows (3899/12600 titles, 0 dropped, 260/840 batches)

 31%|███       | 260/840 [03:11<05:42,  1.69it/s]
 31%|███       | 261/840 [03:11<04:41,  2.06it/s]
 31%|███       | 262/840 [03:13<07:07,  1.35it/s]
 31%|███▏      | 263/840 [03:14<07:43,  1.25it/s]
 31%|███▏      | 264/840 [03:15<07:46,  1.24it/s]
 32%|███▏      | 266/840 [03:15<05:07,  1.86it/s]
 32%|███▏      | 267/840 [03:16<06:09,  1.55it/s]
 32%|███▏      | 268/840 [03:16<04:56,  1.93it/s]
 32%|███▏      | 269/840 [03:17<06:57,  1.37it/s]
 32%|███▏      | 270/840 [03:18<05:57,  1.59it/s]
 32%|███▏      | 271/840 [03:18<05:29,  1.73it/s]
 32%|███▎      | 273/840 [03:19<04:06,  2.30it/s]
 33%|███▎      | 274/840 [03:21<07:02,  1.34it/s]
 33%|███▎      | 275/840 [03:21<05:54,  1.60it/s]
 33%|███▎      | 276/840 [03:21<04:56,  1.90it/s]
 33%|███▎      | 277/840 [03:23<07:23,  1.27it/s]
 33%|███▎      | 278/840 [03:23<06:59,  1.34it/s]
 33%|███▎      | 279/840 [03:24<06:08,  1.52it/s][gen] 4199 rows (4199/12600 titles, 0 dropped, 280/840 batches)

 33%|███▎      | 280/840 [03:24<06:36,  1.41it/s]
 33%|███▎      | 281/840 [03:25<05:07,  1.82it/s]
 34%|███▎      | 282/840 [03:25<05:21,  1.74it/s]
 34%|███▎      | 283/840 [03:26<05:57,  1.56it/s]
 34%|███▍      | 284/840 [03:26<04:30,  2.06it/s]
 34%|███▍      | 285/840 [03:28<07:03,  1.31it/s]
 34%|███▍      | 286/840 [03:28<05:35,  1.65it/s]
 34%|███▍      | 287/840 [03:29<07:14,  1.27it/s]
 34%|███▍      | 288/840 [03:29<05:46,  1.60it/s]
 34%|███▍      | 289/840 [03:30<06:23,  1.44it/s]
 35%|███▍      | 290/840 [03:30<05:05,  1.80it/s]
 35%|███▍      | 291/840 [03:31<04:19,  2.11it/s]
 35%|███▍      | 293/840 [03:32<04:37,  1.97it/s]
 35%|███▌      | 294/840 [03:34<08:04,  1.13it/s]
 35%|███▌      | 295/840 [03:35<08:23,  1.08it/s]
 35%|███▌      | 298/840 [03:35<04:39,  1.94it/s]
 36%|███▌      | 299/840 [03:36<04:36,  1.95it/s][gen] 4499 rows (4499/12600 titles, 0 dropped, 300/840 batches)

 36%|███▌      | 300/840 [03:36<04:04,  2.20it/s]
 36%|███▌      | 301/840 [03:37<05:59,  1.50it/s]
 36%|███▌      | 302/840 [03:39<08:09,  1.10it/s]
 36%|███▌      | 303/840 [03:40<07:45,  1.15it/s]
 36%|███▌      | 304/840 [03:40<05:55,  1.51it/s]
 36%|███▋      | 305/840 [03:40<04:57,  1.80it/s]
 36%|███▋      | 306/840 [03:41<04:37,  1.92it/s]
 37%|███▋      | 307/840 [03:41<03:45,  2.36it/s]
 37%|███▋      | 308/840 [03:41<04:13,  2.10it/s]
 37%|███▋      | 310/840 [03:44<07:53,  1.12it/s]
 37%|███▋      | 312/840 [03:45<06:56,  1.27it/s]
 37%|███▋      | 313/840 [03:46<06:07,  1.43it/s]
 38%|███▊      | 315/840 [03:46<03:59,  2.20it/s]
 38%|███▊      | 316/840 [03:47<05:28,  1.59it/s]
 38%|███▊      | 317/840 [03:47<04:32,  1.92it/s]
 38%|███▊      | 318/840 [03:49<07:22,  1.18it/s]
 38%|███▊      | 319/840 [03:50<06:50,  1.27it/s][gen] 4799 rows (4799/12600 titles, 0 dropped, 320/840 batches)

 38%|███▊      | 321/840 [03:51<05:42,  1.51it/s]
 38%|███▊      | 322/840 [03:51<04:42,  1.83it/s]
 38%|███▊      | 323/840 [03:51<04:21,  1.97it/s]
 39%|███▊      | 324/840 [03:52<03:56,  2.18it/s]
 39%|███▊      | 325/840 [03:53<05:12,  1.65it/s]
 39%|███▉      | 326/840 [03:54<07:26,  1.15it/s]
 39%|███▉      | 328/840 [03:55<04:47,  1.78it/s]
 39%|███▉      | 329/840 [03:55<03:55,  2.17it/s]
 39%|███▉      | 330/840 [03:56<06:31,  1.30it/s]
 39%|███▉      | 331/840 [03:57<06:08,  1.38it/s]
 40%|███▉      | 332/840 [03:57<05:30,  1.54it/s]
 40%|███▉      | 333/840 [03:59<06:44,  1.25it/s]
 40%|███▉      | 334/840 [04:00<08:43,  1.03s/it]
 40%|███▉      | 335/840 [04:02<10:09,  1.21s/it]
 40%|████      | 338/840 [04:02<05:09,  1.62it/s]
 40%|████      | 339/840 [04:02<04:14,  1.97it/s][gen] 5099 rows (5099/12600 titles, 0 dropped, 340/840 batches)

 40%|████      | 340/840 [04:03<05:12,  1.60it/s]
 41%|████      | 341/840 [04:04<04:37,  1.80it/s]
 41%|████      | 342/840 [04:04<04:55,  1.69it/s]
 41%|████      | 343/840 [04:05<04:33,  1.81it/s]
 41%|████      | 344/840 [04:06<05:09,  1.60it/s]
 41%|████      | 345/840 [04:07<05:41,  1.45it/s]
 41%|████      | 346/840 [04:07<04:48,  1.71it/s]
 41%|████▏     | 347/840 [04:09<08:02,  1.02it/s]
 41%|████▏     | 348/840 [04:09<07:15,  1.13it/s]
 42%|████▏     | 349/840 [04:11<08:17,  1.01s/it]
 42%|████▏     | 350/840 [04:12<08:37,  1.06s/it]
 42%|████▏     | 351/840 [04:12<06:30,  1.25it/s]
 42%|████▏     | 352/840 [04:12<05:26,  1.49it/s]
 42%|████▏     | 353/840 [04:13<05:14,  1.55it/s]
 42%|████▏     | 355/840 [04:13<03:09,  2.55it/s]
 42%|████▏     | 356/840 [04:14<03:12,  2.51it/s]
 42%|████▎     | 357/840 [04:15<06:07,  1.32it/s]
 43%|████▎     | 358/840 [04:16<05:28,  1.47it/s]
 43%|████▎     | 359/840 [04:16<05:06,  1.57it/s][gen] 5399 rows (5399/12600 titles, 0 dropped, 360/840 batches)

 43%|████▎     | 360/840 [04:18<07:25,  1.08it/s]
 43%|████▎     | 361/840 [04:19<07:21,  1.09it/s]
 43%|████▎     | 362/840 [04:20<07:09,  1.11it/s]
 43%|████▎     | 363/840 [04:21<06:55,  1.15it/s]
 43%|████▎     | 364/840 [04:21<05:14,  1.51it/s]
 43%|████▎     | 365/840 [04:21<04:08,  1.91it/s]
 44%|████▎     | 366/840 [04:22<05:18,  1.49it/s]
 44%|████▎     | 367/840 [04:23<05:36,  1.41it/s]
 44%|████▍     | 368/840 [04:24<07:11,  1.09it/s]
 44%|████▍     | 369/840 [04:24<05:30,  1.42it/s]
 44%|████▍     | 371/840 [04:25<03:53,  2.00it/s]
 44%|████▍     | 372/840 [04:27<05:54,  1.32it/s]
 44%|████▍     | 373/840 [04:27<05:55,  1.31it/s]
 45%|████▍     | 374/840 [04:28<05:58,  1.30it/s]
 45%|████▍     | 375/840 [04:28<04:31,  1.71it/s]
 45%|████▍     | 376/840 [04:30<07:32,  1.03it/s]
 45%|████▍     | 377/840 [04:31<06:16,  1.23it/s]
 45%|████▌     | 378/840 [04:31<04:59,  1.54it/s]
 45%|████▌     | 379/840 [04:31<03:58,  1.93it/s][gen] 5699 rows (5699/12600 titles, 0 dropped, 380/840 batches)

 45%|████▌     | 380/840 [04:32<04:23,  1.74it/s]
 45%|████▌     | 381/840 [04:33<07:01,  1.09it/s]
 45%|████▌     | 382/840 [04:34<05:14,  1.45it/s]
 46%|████▌     | 383/840 [04:34<04:30,  1.69it/s]
 46%|████▌     | 384/840 [04:35<04:29,  1.69it/s]
 46%|████▌     | 385/840 [04:35<04:05,  1.85it/s]
 46%|████▌     | 386/840 [04:36<04:07,  1.84it/s]
 46%|████▌     | 387/840 [04:36<03:24,  2.22it/s]
 46%|████▌     | 388/840 [04:37<05:45,  1.31it/s]
 46%|████▋     | 389/840 [04:38<05:04,  1.48it/s]
 47%|████▋     | 391/840 [04:38<03:11,  2.35it/s]
 47%|████▋     | 392/840 [04:39<04:49,  1.55it/s]
 47%|████▋     | 393/840 [04:40<04:37,  1.61it/s]
 47%|████▋     | 394/840 [04:40<04:35,  1.62it/s]
 47%|████▋     | 395/840 [04:41<04:22,  1.69it/s]
 47%|████▋     | 396/840 [04:42<05:17,  1.40it/s]
 47%|████▋     | 397/840 [04:43<06:02,  1.22it/s]
 47%|████▋     | 398/840 [04:44<05:14,  1.41it/s]
 48%|████▊     | 399/840 [04:44<04:13,  1.74it/s][gen] 5999 rows (5999/12600 titles, 0 dropped, 400/840 batches)

 48%|████▊     | 400/840 [04:46<07:45,  1.06s/it]
 48%|████▊     | 402/840 [04:46<04:33,  1.60it/s]
 48%|████▊     | 404/840 [04:47<03:38,  1.99it/s]
 48%|████▊     | 405/840 [04:47<02:59,  2.42it/s]
 48%|████▊     | 406/840 [04:48<03:40,  1.97it/s]
 48%|████▊     | 407/840 [04:48<03:53,  1.85it/s]
 49%|████▊     | 408/840 [04:49<03:41,  1.95it/s]
 49%|████▊     | 409/840 [04:49<03:41,  1.95it/s]
 49%|████▉     | 410/840 [04:50<04:24,  1.62it/s]
 49%|████▉     | 411/840 [04:51<04:39,  1.53it/s]
 49%|████▉     | 412/840 [04:53<07:50,  1.10s/it]
 49%|████▉     | 413/840 [04:54<06:52,  1.04it/s]
 49%|████▉     | 414/840 [04:56<08:46,  1.24s/it]
 50%|████▉     | 416/840 [04:56<05:01,  1.41it/s]
 50%|████▉     | 417/840 [04:56<04:04,  1.73it/s]
 50%|████▉     | 418/840 [04:56<03:43,  1.89it/s][gen] 6299 rows (6299/12600 titles, 0 dropped, 420/840 batches)

 50%|█████     | 420/840 [04:57<02:35,  2.69it/s]
 50%|█████     | 421/840 [04:58<03:34,  1.95it/s]
 50%|█████     | 422/840 [04:58<03:16,  2.12it/s]
 50%|█████     | 423/840 [04:59<04:33,  1.53it/s]
 50%|█████     | 424/840 [04:59<03:30,  1.98it/s]
 51%|█████     | 425/840 [05:00<03:04,  2.24it/s]
 51%|█████     | 426/840 [05:01<04:55,  1.40it/s]
 51%|█████     | 427/840 [05:02<05:07,  1.34it/s]
 51%|█████     | 428/840 [05:04<08:04,  1.18s/it]
 51%|█████     | 429/840 [05:05<07:32,  1.10s/it]
 51%|█████     | 430/840 [05:05<05:45,  1.19it/s]
 51%|█████▏    | 431/840 [05:05<04:18,  1.58it/s]
 51%|█████▏    | 432/840 [05:06<04:26,  1.53it/s]
 52%|█████▏    | 433/840 [05:07<04:08,  1.64it/s]
 52%|█████▏    | 435/840 [05:07<02:26,  2.76it/s]
 52%|█████▏    | 436/840 [05:07<02:53,  2.33it/s]
 52%|█████▏    | 437/840 [05:08<03:16,  2.05it/s]
 52%|█████▏    | 438/840 [05:08<02:47,  2.39it/s]
 52%|█████▏    | 439/840 [05:09<02:54,  2.30it/s][gen] 6599 rows (6599/12600 titles, 0 dropped, 440/840 batches)

 52%|█████▏    | 440/840 [05:09<03:34,  1.87it/s]
 52%|█████▎    | 441/840 [05:10<03:29,  1.90it/s]
 53%|█████▎    | 442/840 [05:11<04:33,  1.46it/s]
 53%|█████▎    | 443/840 [05:11<03:58,  1.67it/s]
 53%|█████▎    | 444/840 [05:14<07:31,  1.14s/it]
 53%|█████▎    | 445/840 [05:14<06:30,  1.01it/s]
 53%|█████▎    | 446/840 [05:15<05:08,  1.28it/s]
 53%|█████▎    | 447/840 [05:16<05:18,  1.23it/s]
 53%|█████▎    | 448/840 [05:16<03:59,  1.63it/s]
 53%|█████▎    | 449/840 [05:16<03:00,  2.17it/s]
 54%|█████▎    | 450/840 [05:16<02:23,  2.71it/s]
 54%|█████▎    | 451/840 [05:17<04:27,  1.45it/s]
 54%|█████▍    | 453/840 [05:18<03:31,  1.83it/s]
 54%|█████▍    | 455/840 [05:20<03:42,  1.73it/s]
 54%|█████▍    | 456/840 [05:20<03:20,  1.92it/s]
 54%|█████▍    | 457/840 [05:20<02:45,  2.32it/s]
 55%|█████▍    | 458/840 [05:21<04:29,  1.42it/s]
 55%|█████▍    | 459/840 [05:22<03:54,  1.62it/s][gen] 6899 rows (6899/12600 titles, 0 dropped, 460/840 batches)

 55%|█████▍    | 460/840 [05:23<04:43,  1.34it/s]
 55%|█████▍    | 461/840 [05:24<05:33,  1.14it/s]
 55%|█████▌    | 462/840 [05:25<06:08,  1.03it/s]
 55%|█████▌    | 463/840 [05:26<04:41,  1.34it/s]
 55%|█████▌    | 464/840 [05:27<05:45,  1.09it/s]
 55%|█████▌    | 465/840 [05:27<04:25,  1.41it/s]
 56%|█████▌    | 467/840 [05:28<03:37,  1.71it/s]
 56%|█████▌    | 468/840 [05:29<03:52,  1.60it/s]
 56%|█████▌    | 470/840 [05:29<02:25,  2.54it/s]
 56%|█████▌    | 471/840 [05:30<03:36,  1.71it/s]
 56%|█████▌    | 472/840 [05:31<03:20,  1.83it/s]
 56%|█████▋    | 474/840 [05:31<02:13,  2.75it/s]
 57%|█████▋    | 475/840 [05:33<05:02,  1.21it/s]
 57%|█████▋    | 476/840 [05:34<04:23,  1.38it/s]
 57%|█████▋    | 477/840 [05:34<04:13,  1.43it/s]
 57%|█████▋    | 478/840 [05:35<03:56,  1.53it/s]
 57%|█████▋    | 479/840 [05:35<03:16,  1.84it/s][gen] 7199 rows (7199/12600 titles, 0 dropped, 480/840 batches)

 57%|█████▋    | 480/840 [05:38<07:26,  1.24s/it]
 57%|█████▋    | 482/840 [05:39<05:10,  1.15it/s]
 58%|█████▊    | 484/840 [05:39<03:37,  1.64it/s]
 58%|█████▊    | 485/840 [05:40<03:31,  1.68it/s]
 58%|█████▊    | 486/840 [05:40<02:48,  2.10it/s]
 58%|█████▊    | 487/840 [05:40<02:42,  2.17it/s]
 58%|█████▊    | 488/840 [05:41<03:07,  1.88it/s]
 58%|█████▊    | 489/840 [05:41<02:34,  2.27it/s]
 58%|█████▊    | 490/840 [05:42<03:20,  1.74it/s]
 58%|█████▊    | 491/840 [05:42<03:06,  1.87it/s]
 59%|█████▊    | 492/840 [05:43<02:36,  2.23it/s]
 59%|█████▊    | 493/840 [05:44<03:29,  1.66it/s]
 59%|█████▉    | 494/840 [05:44<02:47,  2.07it/s]
 59%|█████▉    | 495/840 [05:45<04:01,  1.43it/s]
 59%|█████▉    | 496/840 [05:47<06:34,  1.15s/it]
 59%|█████▉    | 497/840 [05:48<05:49,  1.02s/it]
 59%|█████▉    | 498/840 [05:49<04:58,  1.14it/s]
 59%|█████▉    | 499/840 [05:49<03:50,  1.48it/s][gen] 7499 rows (7499/12600 titles, 0 dropped, 500/840 batches)

 60%|█████▉    | 500/840 [05:49<02:59,  1.89it/s]
 60%|█████▉    | 501/840 [05:49<02:47,  2.02it/s]
 60%|█████▉    | 502/840 [05:50<03:19,  1.70it/s]
 60%|█████▉    | 503/840 [05:51<04:06,  1.37it/s]
 60%|██████    | 504/840 [05:52<03:20,  1.68it/s]
 60%|██████    | 505/840 [05:52<03:30,  1.59it/s]
 60%|██████    | 506/840 [05:52<02:40,  2.08it/s]
 60%|██████    | 507/840 [05:54<03:46,  1.47it/s]
 60%|██████    | 508/840 [05:54<03:07,  1.77it/s]
 61%|██████    | 509/840 [05:55<03:33,  1.55it/s]
 61%|██████    | 510/840 [05:56<04:37,  1.19it/s]
 61%|██████    | 511/840 [05:57<04:16,  1.28it/s]
 61%|██████    | 512/840 [05:57<04:14,  1.29it/s]
 61%|██████    | 513/840 [05:58<04:20,  1.25it/s]
 61%|██████    | 514/840 [06:00<06:04,  1.12s/it]
 61%|██████▏   | 515/840 [06:00<04:44,  1.14it/s]
 61%|██████▏   | 516/840 [06:01<03:31,  1.53it/s]
 62%|██████▏   | 518/840 [06:01<02:52,  1.86it/s][gen] 7799 rows (7799/12600 titles, 0 dropped, 520/840 batches)

 62%|██████▏   | 520/840 [06:01<01:53,  2.82it/s]
 62%|██████▏   | 521/840 [06:02<01:38,  3.25it/s]
 62%|██████▏   | 522/840 [06:02<01:25,  3.73it/s]
 62%|██████▏   | 523/840 [06:03<02:38,  2.00it/s]
 62%|██████▏   | 524/840 [06:04<03:46,  1.39it/s]
 62%|██████▎   | 525/840 [06:04<02:59,  1.76it/s]
 63%|██████▎   | 526/840 [06:06<04:15,  1.23it/s]
 63%|██████▎   | 527/840 [06:06<03:42,  1.41it/s]
 63%|██████▎   | 528/840 [06:06<02:48,  1.85it/s]
 63%|██████▎   | 529/840 [06:07<03:17,  1.58it/s]
 63%|██████▎   | 530/840 [06:09<05:01,  1.03it/s]
 63%|██████▎   | 532/840 [06:10<04:11,  1.22it/s]
 63%|██████▎   | 533/840 [06:10<03:17,  1.55it/s]
 64%|██████▎   | 534/840 [06:11<02:53,  1.76it/s]
 64%|██████▎   | 535/840 [06:12<03:46,  1.35it/s]
 64%|██████▍   | 536/840 [06:12<02:58,  1.71it/s]
 64%|██████▍   | 537/840 [06:12<02:22,  2.12it/s]
 64%|██████▍   | 538/840 [06:14<04:13,  1.19it/s]
 64%|██████▍   | 539/840 [06:14<03:25,  1.46it/s][gen] 8099 rows (8099/12600 titles, 0 dropped, 540/840 batches)

 64%|██████▍   | 540/840 [06:16<04:35,  1.09it/s]
 64%|██████▍   | 541/840 [06:17<04:31,  1.10it/s]
 65%|██████▍   | 542/840 [06:17<04:00,  1.24it/s]
 65%|██████▍   | 543/840 [06:18<03:29,  1.42it/s]
 65%|██████▍   | 544/840 [06:18<02:40,  1.85it/s]
 65%|██████▍   | 545/840 [06:18<02:13,  2.21it/s]
 65%|██████▌   | 546/840 [06:20<03:40,  1.34it/s]
 65%|██████▌   | 547/840 [06:20<03:31,  1.39it/s]
 65%|██████▌   | 548/840 [06:21<03:20,  1.46it/s]
 65%|██████▌   | 550/840 [06:21<02:21,  2.05it/s]
 66%|██████▌   | 551/840 [06:22<02:57,  1.63it/s]
 66%|██████▌   | 552/840 [06:23<02:22,  2.02it/s]
 66%|██████▌   | 553/840 [06:24<04:06,  1.17it/s]
 66%|██████▌   | 556/840 [06:26<03:35,  1.32it/s]
 66%|██████▋   | 557/840 [06:27<03:00,  1.56it/s]
 66%|██████▋   | 558/840 [06:27<02:58,  1.58it/s]
 67%|██████▋   | 559/840 [06:28<03:38,  1.29it/s][gen] 8399 rows (8399/12600 titles, 0 dropped, 560/840 batches)

 67%|██████▋   | 560/840 [06:30<04:30,  1.03it/s]
 67%|██████▋   | 561/840 [06:32<05:38,  1.21s/it]
 67%|██████▋   | 562/840 [06:32<04:17,  1.08it/s]
 67%|██████▋   | 564/840 [06:32<02:39,  1.74it/s]
 67%|██████▋   | 565/840 [06:33<02:12,  2.07it/s]
 67%|██████▋   | 566/840 [06:33<01:50,  2.49it/s]
 68%|██████▊   | 567/840 [06:33<01:49,  2.49it/s]
 68%|██████▊   | 568/840 [06:33<01:37,  2.80it/s]
 68%|██████▊   | 569/840 [06:34<01:40,  2.69it/s]
 68%|██████▊   | 570/840 [06:35<02:21,  1.91it/s]
 68%|██████▊   | 571/840 [06:36<03:11,  1.40it/s]
 68%|██████▊   | 572/840 [06:38<04:36,  1.03s/it]
 68%|██████▊   | 574/840 [06:39<03:26,  1.29it/s]
 68%|██████▊   | 575/840 [06:39<03:23,  1.30it/s]
 69%|██████▊   | 576/840 [06:41<04:59,  1.13s/it]
 69%|██████▊   | 577/840 [06:42<03:53,  1.13it/s]
 69%|██████▉   | 578/840 [06:42<03:38,  1.20it/s][gen] 8699 rows (8699/12600 titles, 0 dropped, 580/840 batches)

 69%|██████▉   | 580/840 [06:43<02:08,  2.02it/s]
 69%|██████▉   | 581/840 [06:43<02:15,  1.92it/s]
 69%|██████▉   | 583/840 [06:44<01:48,  2.37it/s]
 70%|██████▉   | 584/840 [06:44<01:40,  2.54it/s]
 70%|██████▉   | 586/840 [06:45<01:34,  2.68it/s]
 70%|██████▉   | 587/840 [06:47<03:41,  1.14it/s]
 70%|███████   | 588/840 [06:48<03:34,  1.17it/s]
 70%|███████   | 589/840 [06:49<03:12,  1.30it/s]
 70%|███████   | 591/840 [06:49<02:00,  2.06it/s]
 70%|███████   | 592/840 [06:52<04:27,  1.08s/it]
 71%|███████   | 593/840 [06:52<03:32,  1.16it/s]
 71%|███████   | 595/840 [06:53<02:54,  1.41it/s]
 71%|███████   | 597/840 [06:54<02:08,  1.89it/s]
 71%|███████   | 598/840 [06:55<02:59,  1.35it/s]
 71%|███████▏  | 599/840 [06:55<02:23,  1.68it/s][gen] 8999 rows (8999/12600 titles, 0 dropped, 600/840 batches)

 71%|███████▏  | 600/840 [06:55<02:02,  1.96it/s]
 72%|███████▏  | 601/840 [06:57<03:00,  1.32it/s]
 72%|███████▏  | 602/840 [06:58<02:59,  1.33it/s]
 72%|███████▏  | 603/840 [06:59<03:51,  1.03it/s]
 72%|███████▏  | 604/840 [07:00<03:20,  1.18it/s]
 72%|███████▏  | 605/840 [07:00<02:48,  1.40it/s]
 72%|███████▏  | 606/840 [07:01<03:10,  1.23it/s]
 72%|███████▏  | 607/840 [07:03<03:49,  1.02it/s]
 72%|███████▏  | 608/840 [07:04<03:51,  1.00it/s]
 73%|███████▎  | 610/840 [07:04<02:27,  1.56it/s]
 73%|███████▎  | 611/840 [07:05<02:32,  1.51it/s]
 73%|███████▎  | 612/840 [07:05<01:59,  1.91it/s]
 73%|███████▎  | 613/840 [07:06<02:09,  1.75it/s]
 73%|███████▎  | 615/840 [07:06<01:32,  2.44it/s]
 73%|███████▎  | 616/840 [07:07<01:44,  2.14it/s]
 73%|███████▎  | 617/840 [07:07<01:37,  2.29it/s]
 74%|███████▎  | 618/840 [07:08<02:39,  1.39it/s]
 74%|███████▎  | 619/840 [07:09<02:54,  1.27it/s][gen] 9299 rows (9299/12600 titles, 0 dropped, 620/840 batches)

 74%|███████▍  | 620/840 [07:10<02:38,  1.38it/s]
 74%|███████▍  | 621/840 [07:11<02:39,  1.37it/s]
 74%|███████▍  | 622/840 [07:11<02:14,  1.62it/s]
 74%|███████▍  | 623/840 [07:13<03:50,  1.06s/it]
 74%|███████▍  | 625/840 [07:14<02:29,  1.44it/s]
 75%|███████▍  | 626/840 [07:14<02:28,  1.44it/s]
 75%|███████▍  | 627/840 [07:15<02:44,  1.29it/s]
 75%|███████▍  | 628/840 [07:16<02:18,  1.53it/s]
 75%|███████▍  | 629/840 [07:16<01:47,  1.96it/s]
 75%|███████▌  | 630/840 [07:16<01:32,  2.26it/s]
 75%|███████▌  | 631/840 [07:16<01:17,  2.69it/s]
 75%|███████▌  | 632/840 [07:17<01:19,  2.61it/s]
 75%|███████▌  | 634/840 [07:18<01:34,  2.18it/s]
 76%|███████▌  | 635/840 [07:20<02:46,  1.23it/s]
 76%|███████▌  | 637/840 [07:20<01:56,  1.74it/s]
 76%|███████▌  | 638/840 [07:20<01:35,  2.12it/s]
 76%|███████▌  | 639/840 [07:23<03:17,  1.02it/s][gen] 9599 rows (9599/12600 titles, 0 dropped, 640/840 batches)

 76%|███████▌  | 640/840 [07:24<03:02,  1.10it/s]
 77%|███████▋  | 643/840 [07:26<02:34,  1.27it/s]
 77%|███████▋  | 645/840 [07:26<02:08,  1.52it/s]
 77%|███████▋  | 646/840 [07:27<01:55,  1.68it/s]
 77%|███████▋  | 648/840 [07:27<01:24,  2.26it/s]
 77%|███████▋  | 649/840 [07:27<01:21,  2.34it/s]
 77%|███████▋  | 650/840 [07:28<01:31,  2.07it/s]
 78%|███████▊  | 651/840 [07:30<02:15,  1.40it/s]
 78%|███████▊  | 652/840 [07:30<01:50,  1.70it/s]
 78%|███████▊  | 653/840 [07:31<02:17,  1.36it/s]
 78%|███████▊  | 654/840 [07:33<03:32,  1.14s/it]
 78%|███████▊  | 656/840 [07:33<02:06,  1.46it/s]
 78%|███████▊  | 657/840 [07:34<01:42,  1.78it/s]
 78%|███████▊  | 658/840 [07:34<01:24,  2.15it/s]
 78%|███████▊  | 659/840 [07:36<02:33,  1.18it/s][gen] 9899 rows (9899/12600 titles, 0 dropped, 660/840 batches)

 79%|███████▊  | 660/840 [07:36<02:00,  1.49it/s]
 79%|███████▊  | 661/840 [07:36<01:44,  1.71it/s]
 79%|███████▉  | 663/840 [07:37<01:41,  1.75it/s]
 79%|███████▉  | 665/840 [07:39<02:07,  1.37it/s]
 79%|███████▉  | 666/840 [07:40<01:56,  1.49it/s]
 79%|███████▉  | 667/840 [07:40<01:36,  1.80it/s]
 80%|███████▉  | 669/840 [07:41<01:24,  2.02it/s]
 80%|███████▉  | 670/840 [07:43<02:18,  1.23it/s]
 80%|███████▉  | 671/840 [07:43<01:51,  1.52it/s]
 80%|████████  | 673/840 [07:43<01:16,  2.19it/s]
 80%|████████  | 674/840 [07:43<01:11,  2.31it/s]
 80%|████████  | 675/840 [07:45<01:39,  1.66it/s]
 80%|████████  | 676/840 [07:45<01:40,  1.64it/s]
 81%|████████  | 677/840 [07:46<01:29,  1.82it/s]
 81%|████████  | 678/840 [07:46<01:40,  1.62it/s]
 81%|████████  | 679/840 [07:47<01:51,  1.45it/s][gen] 10199 rows (10199/12600 titles, 0 dropped, 680/840 batches)

 81%|████████  | 680/840 [07:48<01:46,  1.50it/s]
 81%|████████  | 681/840 [07:49<01:47,  1.48it/s]
 81%|████████  | 682/840 [07:50<02:12,  1.19it/s]
 81%|████████▏ | 683/840 [07:50<01:52,  1.40it/s]
 81%|████████▏ | 684/840 [07:51<01:51,  1.40it/s]
 82%|████████▏ | 685/840 [07:52<02:17,  1.13it/s]
 82%|████████▏ | 686/840 [07:53<01:54,  1.35it/s]
 82%|████████▏ | 687/840 [07:53<01:31,  1.67it/s]
 82%|████████▏ | 688/840 [07:54<01:34,  1.61it/s]
 82%|████████▏ | 689/840 [07:55<02:03,  1.22it/s]
 82%|████████▏ | 690/840 [07:55<01:52,  1.33it/s]
 82%|████████▏ | 691/840 [07:56<01:37,  1.53it/s]
 82%|████████▏ | 692/840 [07:57<02:01,  1.22it/s]
 82%|████████▎ | 693/840 [07:57<01:36,  1.53it/s]
 83%|████████▎ | 694/840 [07:58<01:30,  1.62it/s]
 83%|████████▎ | 695/840 [08:00<02:47,  1.16s/it]
 83%|████████▎ | 696/840 [08:00<02:01,  1.18it/s]
 83%|████████▎ | 697/840 [08:01<01:30,  1.58it/s]
 83%|████████▎ | 698/840 [08:01<01:11,  2.00it/s][gen] 10499 rows (10499/12600 titles, 0 dropped, 700/840 batches)

 83%|████████▎ | 700/840 [08:01<00:47,  2.98it/s]
 83%|████████▎ | 701/840 [08:02<01:13,  1.88it/s]
 84%|████████▎ | 702/840 [08:03<01:17,  1.78it/s]
 84%|████████▍ | 704/840 [08:03<00:50,  2.70it/s]
 84%|████████▍ | 705/840 [08:05<01:46,  1.27it/s]
 84%|████████▍ | 706/840 [08:06<01:42,  1.31it/s]
 84%|████████▍ | 707/840 [08:07<01:45,  1.27it/s]
 84%|████████▍ | 708/840 [08:07<01:33,  1.42it/s]
 84%|████████▍ | 709/840 [08:07<01:16,  1.72it/s]
 85%|████████▍ | 710/840 [08:09<02:06,  1.03it/s]
 85%|████████▍ | 711/840 [08:10<01:36,  1.34it/s]
 85%|████████▌ | 714/840 [08:10<00:47,  2.67it/s]
 85%|████████▌ | 716/840 [08:11<01:03,  1.94it/s]
 85%|████████▌ | 717/840 [08:12<01:09,  1.76it/s]
 85%|████████▌ | 718/840 [08:13<01:08,  1.79it/s]
 86%|████████▌ | 719/840 [08:14<01:17,  1.56it/s][gen] 10799 rows (10799/12600 titles, 0 dropped, 720/840 batches)

 86%|████████▌ | 720/840 [08:14<01:00,  1.97it/s]
 86%|████████▌ | 721/840 [08:14<00:56,  2.11it/s]
 86%|████████▌ | 722/840 [08:15<01:18,  1.50it/s]
 86%|████████▌ | 723/840 [08:16<01:16,  1.53it/s]
 86%|████████▌ | 724/840 [08:16<01:04,  1.79it/s]
 86%|████████▋ | 725/840 [08:17<01:22,  1.39it/s]
 86%|████████▋ | 726/840 [08:19<01:43,  1.10it/s]
 87%|████████▋ | 727/840 [08:19<01:17,  1.46it/s]
 87%|████████▋ | 728/840 [08:19<01:03,  1.77it/s]
 87%|████████▋ | 729/840 [08:20<00:57,  1.94it/s]
 87%|████████▋ | 730/840 [08:20<00:44,  2.49it/s]
 87%|████████▋ | 731/840 [08:21<01:16,  1.43it/s]
 87%|████████▋ | 732/840 [08:21<00:58,  1.85it/s]
 87%|████████▋ | 733/840 [08:22<01:02,  1.72it/s]
 87%|████████▋ | 734/840 [08:22<00:48,  2.19it/s]
 88%|████████▊ | 735/840 [08:23<01:13,  1.43it/s]
 88%|████████▊ | 736/840 [08:24<01:04,  1.62it/s]
 88%|████████▊ | 737/840 [08:24<01:00,  1.69it/s]
 88%|████████▊ | 738/840 [08:25<00:58,  1.74it/s]
 88%|████████▊ | 739/840 [08:26<01:11,  1.41it/s][gen] 11099 rows (11099/12600 titles, 0 dropped, 740/840 batches)

 88%|████████▊ | 740/840 [08:27<01:23,  1.20it/s]
 88%|████████▊ | 741/840 [08:28<01:24,  1.17it/s]
 88%|████████▊ | 742/840 [08:28<01:13,  1.33it/s]
 88%|████████▊ | 743/840 [08:29<00:54,  1.79it/s]
 89%|████████▊ | 745/840 [08:30<00:55,  1.72it/s]
 89%|████████▉ | 746/840 [08:31<01:09,  1.35it/s]
 89%|████████▉ | 748/840 [08:31<00:47,  1.93it/s]
 89%|████████▉ | 749/840 [08:32<00:58,  1.55it/s]
 89%|████████▉ | 750/840 [08:33<01:01,  1.47it/s]
 89%|████████▉ | 751/840 [08:35<01:17,  1.14it/s]
 90%|████████▉ | 752/840 [08:35<01:09,  1.27it/s]
 90%|████████▉ | 754/840 [08:36<00:51,  1.67it/s]
 90%|████████▉ | 755/840 [08:36<00:47,  1.80it/s]
 90%|█████████ | 756/840 [08:36<00:37,  2.22it/s]
 90%|█████████ | 757/840 [08:38<00:52,  1.59it/s]
 90%|█████████ | 758/840 [08:38<00:49,  1.67it/s]
 90%|█████████ | 759/840 [08:38<00:37,  2.14it/s][gen] 11399 rows (11399/12600 titles, 0 dropped, 760/840 batches)

 91%|█████████ | 761/840 [08:39<00:33,  2.35it/s]
 91%|█████████ | 762/840 [08:40<00:53,  1.46it/s]
 91%|█████████ | 763/840 [08:41<00:52,  1.46it/s]
 91%|█████████ | 764/840 [08:42<00:53,  1.42it/s]
 91%|█████████ | 765/840 [08:44<01:23,  1.12s/it]
 91%|█████████ | 766/840 [08:46<01:28,  1.20s/it]
 91%|█████████▏| 767/840 [08:46<01:11,  1.02it/s]
 91%|█████████▏| 768/840 [08:46<00:53,  1.35it/s]
 92%|█████████▏| 769/840 [08:47<00:46,  1.53it/s]
 92%|█████████▏| 770/840 [08:48<01:02,  1.12it/s]
 92%|█████████▏| 771/840 [08:48<00:46,  1.49it/s]
 92%|█████████▏| 772/840 [08:48<00:34,  1.94it/s]
 92%|█████████▏| 773/840 [08:49<00:42,  1.56it/s]
 92%|█████████▏| 774/840 [08:50<00:41,  1.58it/s]
 92%|█████████▏| 776/840 [08:50<00:23,  2.74it/s]
 92%|█████████▎| 777/840 [08:51<00:28,  2.23it/s]
 93%|█████████▎| 778/840 [08:52<00:40,  1.51it/s][gen] 11699 rows (11699/12600 titles, 0 dropped, 780/840 batches)

 93%|█████████▎| 780/840 [08:53<00:39,  1.53it/s]
 93%|█████████▎| 781/840 [08:54<00:41,  1.42it/s]
 93%|█████████▎| 782/840 [08:55<00:41,  1.38it/s]
 93%|█████████▎| 783/840 [08:55<00:37,  1.53it/s]
 93%|█████████▎| 784/840 [08:56<00:34,  1.62it/s]
 93%|█████████▎| 785/840 [08:56<00:26,  2.06it/s]
 94%|█████████▎| 786/840 [08:56<00:23,  2.30it/s]
 94%|█████████▎| 787/840 [08:57<00:22,  2.34it/s]
 94%|█████████▍| 788/840 [08:57<00:22,  2.33it/s]
 94%|█████████▍| 789/840 [09:00<00:55,  1.09s/it]
 94%|█████████▍| 790/840 [09:00<00:40,  1.23it/s]
 94%|█████████▍| 791/840 [09:01<00:42,  1.16it/s]
 94%|█████████▍| 792/840 [09:01<00:35,  1.37it/s]
 94%|█████████▍| 793/840 [09:02<00:37,  1.27it/s]
 95%|█████████▍| 794/840 [09:03<00:37,  1.21it/s]
 95%|█████████▍| 795/840 [09:03<00:28,  1.59it/s]
 95%|█████████▍| 796/840 [09:05<00:35,  1.24it/s]
 95%|█████████▍| 797/840 [09:05<00:27,  1.57it/s]
 95%|█████████▌| 798/840 [09:07<00:41,  1.01it/s]
 95%|█████████▌| 799/840 [09:08<00:39,  1.03it/s][gen] 11999 rows (11999/12600 titles, 0 dropped, 800/840 batches)

 95%|█████████▌| 800/840 [09:09<00:49,  1.24s/it]
 95%|█████████▌| 802/840 [09:11<00:39,  1.05s/it]
 96%|█████████▌| 804/840 [09:12<00:25,  1.39it/s]
 96%|█████████▌| 805/840 [09:13<00:33,  1.05it/s]
 96%|█████████▌| 806/840 [09:14<00:27,  1.24it/s]
 96%|█████████▌| 807/840 [09:14<00:21,  1.54it/s]
 96%|█████████▌| 808/840 [09:15<00:24,  1.33it/s]
 96%|█████████▋| 809/840 [09:15<00:18,  1.66it/s]
 96%|█████████▋| 810/840 [09:15<00:15,  1.99it/s]
 97%|█████████▋| 811/840 [09:16<00:19,  1.47it/s]
 97%|█████████▋| 813/840 [09:20<00:32,  1.19s/it]
 97%|█████████▋| 814/840 [09:20<00:24,  1.07it/s]
 97%|█████████▋| 815/840 [09:21<00:25,  1.02s/it]
 97%|█████████▋| 817/840 [09:22<00:17,  1.32it/s]
 97%|█████████▋| 818/840 [09:23<00:15,  1.38it/s]
 98%|█████████▊| 819/840 [09:23<00:12,  1.62it/s][gen] 12299 rows (12299/12600 titles, 0 dropped, 820/840 batches)

 98%|█████████▊| 820/840 [09:25<00:17,  1.12it/s]
 98%|█████████▊| 821/840 [09:25<00:14,  1.34it/s]
 98%|█████████▊| 822/840 [09:26<00:15,  1.17it/s]
 98%|█████████▊| 823/840 [09:27<00:13,  1.24it/s]
 98%|█████████▊| 824/840 [09:29<00:18,  1.13s/it]
 98%|█████████▊| 825/840 [09:31<00:20,  1.34s/it]
 98%|█████████▊| 826/840 [09:32<00:18,  1.32s/it]
 98%|█████████▊| 827/840 [09:32<00:13,  1.04s/it]
 99%|█████████▊| 828/840 [09:33<00:10,  1.15it/s]
 99%|█████████▊| 829/840 [09:34<00:10,  1.10it/s]
 99%|█████████▉| 830/840 [09:34<00:06,  1.43it/s]
 99%|█████████▉| 832/840 [09:35<00:04,  1.64it/s]
 99%|█████████▉| 834/840 [09:35<00:02,  2.31it/s]
 99%|█████████▉| 835/840 [09:36<00:02,  2.37it/s]
100%|█████████▉| 836/840 [09:36<00:01,  2.50it/s]
100%|█████████▉| 837/840 [09:37<00:01,  2.18it/s]
100%|█████████▉| 838/840 [09:38<00:01,  1.85it/s]
100%|█████████▉| 839/840 [09:38<00:00,  2.30it/s][gen] 12599 rows (12599/12600 titles, 0 dropped, 840/840 batches)

100%|██████████| 840/840 [09:38<00:00,  2.02it/s]
100%|██████████| 840/840 [09:38<00:00,  1.45it/s]
[gen] done. 12599 rows, 0 dropped for misalignment/empty across the run.

[modal] exit code: 0
