[modal] $ /usr/local/bin/python /workspace/track_b/b2_held_out_rewrite_eval/run_rewrites.py --test-csv /workspace/store/data/source_neutrals.csv --n-items 3 --seeds 42 --top-k 50 --objective log --out-dir /workspace/store/results/b2
[b2] 4-cell ablation with on-weights alpha_on=2.0, beta_on=2.0
[b2] objective = log
[b2] test set: /workspace/store/data/source_neutrals.csv column=title n=3
[b2] decoding = GREEDY (deterministic, faithful to the paper). Multiple seeds would only replicate identical rows, so replication is over ITEMS via bootstrap in score_rewrites.py, NOT over seeds. Use --sample if you want seed-level variance.
[b2] planned rewrites: 36
[b2] ETA @ 7 s/rewrite on GPU: 0.1 h
[b2] ETA @ 30 s/rewrite on CPU: 0.3 h
[b2] STRONGLY RECOMMEND running via gpu2modal for anything above N=50.
[b2] device = cuda
/usr/local/lib/python3.11/site-packages/transformers/utils/hub.py:124: FutureWarning: Using `TRANSFORMERS_CACHE` is deprecated and will be removed in v5 of Transformers. Use `HF_HOME` instead.
  warnings.warn(
Special tokens have been added in the vocabulary, make sure the associated word embeddings are fine-tuned or trained.

Loading checkpoint shards:   0%|          | 0/4 [00:00<?, ?it/s]
Loading checkpoint shards:  25%|██▌       | 1/4 [00:08<00:25,  8.42s/it]
Loading checkpoint shards:  50%|█████     | 2/4 [00:17<00:17,  8.83s/it]
Loading checkpoint shards:  75%|███████▌  | 3/4 [00:25<00:08,  8.54s/it]
Loading checkpoint shards: 100%|██████████| 4/4 [00:27<00:00,  6.04s/it]
Loading checkpoint shards: 100%|██████████| 4/4 [00:27<00:00,  6.99s/it]
[b2] -> /workspace/store/results/b2/rewrites_a0.0_b0.0_s42.csv
[b2] -> /workspace/store/results/b2/rewrites_a2.0_b0.0_s42.csv
[b2] -> /workspace/store/results/b2/rewrites_a0.0_b2.0_s42.csv
[b2] 25/36 rate=0.06/s ETA=3.0 min
[b2] -> /workspace/store/results/b2/rewrites_a2.0_b2.0_s42.csv
[b2] done in 10.0 min

[modal] exit code: 0
