[modal] $ /usr/local/bin/python /workspace/track_b/b2_held_out_rewrite_eval/run_rewrites.py --test-csv /workspace/store/data/source_neutrals.csv --n-items 40 --seeds 42 --top-k 50 --objective log --sweep 0,1,2,4 --out-dir /workspace/store/results/b2_sweep
[b2] raw generations -> /workspace/store/results/b2_sweep/generations.jsonl
[b2] SWEEP mode: 16 (alpha,beta) cells from [0.0, 1.0, 2.0, 4.0]
[b2] objective = log
[b2] test set: /workspace/store/data/source_neutrals.csv column=title rows=40 (item_id 0..39)
[b2] decoding = GREEDY (deterministic, faithful to the paper). Multiple seeds would only replicate identical rows, so replication is over ITEMS via bootstrap in score_rewrites.py, NOT over seeds. Use --sample if you want seed-level variance.
[b2] planned rewrites: 1920
[b2] ETA @ 7 s/rewrite on GPU: 3.7 h
[b2] ETA @ 30 s/rewrite on CPU: 16.0 h
[b2] STRONGLY RECOMMEND running via gpu2modal for anything above N=50.
[b2] device = cuda
/usr/local/lib/python3.11/site-packages/transformers/utils/hub.py:124: FutureWarning: Using `TRANSFORMERS_CACHE` is deprecated and will be removed in v5 of Transformers. Use `HF_HOME` instead.
  warnings.warn(
Special tokens have been added in the vocabulary, make sure the associated word embeddings are fine-tuned or trained.

Loading checkpoint shards:   0%|          | 0/4 [00:00<?, ?it/s]
Loading checkpoint shards:  25%|██▌       | 1/4 [00:06<00:18,  6.25s/it]
Loading checkpoint shards:  50%|█████     | 2/4 [00:12<00:12,  6.38s/it]
Loading checkpoint shards:  75%|███████▌  | 3/4 [00:19<00:06,  6.37s/it]
Loading checkpoint shards: 100%|██████████| 4/4 [00:20<00:00,  4.48s/it]
Loading checkpoint shards: 100%|██████████| 4/4 [00:20<00:00,  5.17s/it]
[b2] -> /workspace/store/results/b2_sweep/rewrites_a0.0_b0.0_s42.csv (resume: 6 rows already present)
[b2] 25/1920 rate=0.66/s ETA=48.2 min
[b2] 50/1920 rate=0.65/s ETA=47.7 min
[b2] 75/1920 rate=0.67/s ETA=45.8 min
[b2] 100/1920 rate=0.68/s ETA=44.8 min
[b2] -> /workspace/store/results/b2_sweep/rewrites_a0.0_b1.0_s42.csv (resume: 0 rows already present)
[b2] 125/1920 rate=0.69/s ETA=43.2 min
[b2] 150/1920 rate=0.69/s ETA=42.6 min
[b2] 175/1920 rate=0.69/s ETA=42.3 min
[b2] 200/1920 rate=0.69/s ETA=41.6 min
[b2] 225/1920 rate=0.69/s ETA=41.1 min
[b2] -> /workspace/store/results/b2_sweep/rewrites_a0.0_b2.0_s42.csv (resume: 6 rows already present)
[b2] 250/1920 rate=0.69/s ETA=40.1 min
[b2] 275/1920 rate=0.69/s ETA=39.6 min
[b2] 300/1920 rate=0.69/s ETA=39.3 min
[b2] 325/1920 rate=0.69/s ETA=38.7 min
[b2] -> /workspace/store/results/b2_sweep/rewrites_a0.0_b4.0_s42.csv (resume: 0 rows already present)
[b2] 350/1920 rate=0.69/s ETA=37.9 min
[b2] 375/1920 rate=0.69/s ETA=37.3 min
[b2] 400/1920 rate=0.68/s ETA=37.0 min
[b2] 425/1920 rate=0.68/s ETA=36.6 min
[b2] 450/1920 rate=0.68/s ETA=35.9 min
[b2] -> /workspace/store/results/b2_sweep/rewrites_a1.0_b0.0_s42.csv (resume: 0 rows already present)
[b2] 475/1920 rate=0.68/s ETA=35.4 min
[b2] 500/1920 rate=0.68/s ETA=34.8 min
[b2] 525/1920 rate=0.68/s ETA=34.2 min
[b2] 550/1920 rate=0.68/s ETA=33.6 min
[b2] 575/1920 rate=0.68/s ETA=33.0 min
[b2] -> /workspace/store/results/b2_sweep/rewrites_a1.0_b1.0_s42.csv (resume: 0 rows already present)
[b2] 600/1920 rate=0.68/s ETA=32.4 min
[b2] 625/1920 rate=0.68/s ETA=31.9 min
[b2] 650/1920 rate=0.68/s ETA=31.3 min
[b2] 675/1920 rate=0.68/s ETA=30.7 min
[b2] 700/1920 rate=0.68/s ETA=30.1 min
[b2] -> /workspace/store/results/b2_sweep/rewrites_a1.0_b2.0_s42.csv (resume: 0 rows already present)
[b2] 725/1920 rate=0.68/s ETA=29.5 min
[b2] 750/1920 rate=0.67/s ETA=28.9 min
[b2] 775/1920 rate=0.67/s ETA=28.3 min
[b2] 800/1920 rate=0.67/s ETA=27.7 min
[b2] 825/1920 rate=0.67/s ETA=27.1 min
[b2] -> /workspace/store/results/b2_sweep/rewrites_a1.0_b4.0_s42.csv (resume: 0 rows already present)
[b2] 850/1920 rate=0.67/s ETA=26.5 min
[b2] 875/1920 rate=0.67/s ETA=25.9 min
[b2] 900/1920 rate=0.67/s ETA=25.4 min
[b2] 925/1920 rate=0.67/s ETA=24.8 min
[b2] -> /workspace/store/results/b2_sweep/rewrites_a2.0_b0.0_s42.csv (resume: 6 rows already present)
[b2] 950/1920 rate=0.67/s ETA=24.2 min
[b2] 975/1920 rate=0.67/s ETA=23.6 min
[b2] 1000/1920 rate=0.67/s ETA=23.0 min
[b2] 1025/1920 rate=0.67/s ETA=22.4 min
[b2] 1050/1920 rate=0.67/s ETA=21.8 min
[b2] -> /workspace/store/results/b2_sweep/rewrites_a2.0_b1.0_s42.csv (resume: 0 rows already present)
[b2] 1075/1920 rate=0.67/s ETA=21.1 min
[b2] 1100/1920 rate=0.66/s ETA=20.6 min
[b2] 1125/1920 rate=0.66/s ETA=19.9 min
[b2] 1150/1920 rate=0.66/s ETA=19.3 min
[b2] 1175/1920 rate=0.66/s ETA=18.7 min
[b2] -> /workspace/store/results/b2_sweep/rewrites_a2.0_b2.0_s42.csv (resume: 6 rows already present)
[b2] 1200/1920 rate=0.66/s ETA=18.1 min
[b2] 1225/1920 rate=0.66/s ETA=17.6 min
[b2] 1250/1920 rate=0.66/s ETA=17.0 min
[b2] 1275/1920 rate=0.66/s ETA=16.4 min
[b2] -> /workspace/store/results/b2_sweep/rewrites_a2.0_b4.0_s42.csv (resume: 0 rows already present)
[b2] 1300/1920 rate=0.66/s ETA=15.7 min
[b2] 1325/1920 rate=0.66/s ETA=15.1 min
[b2] 1350/1920 rate=0.65/s ETA=14.5 min
[b2] 1375/1920 rate=0.65/s ETA=13.9 min
[b2] 1400/1920 rate=0.65/s ETA=13.3 min
[b2] -> /workspace/store/results/b2_sweep/rewrites_a4.0_b0.0_s42.csv (resume: 0 rows already present)
[b2] 1425/1920 rate=0.65/s ETA=12.7 min
[b2] 1450/1920 rate=0.65/s ETA=12.1 min
[b2] 1475/1920 rate=0.65/s ETA=11.5 min
[b2] 1500/1920 rate=0.64/s ETA=10.9 min
[b2] 1525/1920 rate=0.64/s ETA=10.3 min
[b2] -> /workspace/store/results/b2_sweep/rewrites_a4.0_b1.0_s42.csv (resume: 0 rows already present)
[b2] 1550/1920 rate=0.64/s ETA=9.6 min
[b2] 1575/1920 rate=0.64/s ETA=9.0 min
[b2] 1600/1920 rate=0.64/s ETA=8.4 min
[b2] 1625/1920 rate=0.64/s ETA=7.7 min
[b2] 1650/1920 rate=0.63/s ETA=7.1 min
[b2] -> /workspace/store/results/b2_sweep/rewrites_a4.0_b2.0_s42.csv (resume: 0 rows already present)
[b2] 1675/1920 rate=0.63/s ETA=6.5 min
[b2] 1700/1920 rate=0.63/s ETA=5.8 min
[b2] 1725/1920 rate=0.63/s ETA=5.2 min
[b2] 1750/1920 rate=0.62/s ETA=4.5 min
[b2] 1775/1920 rate=0.62/s ETA=3.9 min
[b2] -> /workspace/store/results/b2_sweep/rewrites_a4.0_b4.0_s42.csv (resume: 0 rows already present)
[b2] 1800/1920 rate=0.62/s ETA=3.2 min
[b2] 1825/1920 rate=0.62/s ETA=2.6 min
[b2] 1850/1920 rate=0.62/s ETA=1.9 min
[b2] 1875/1920 rate=0.61/s ETA=1.2 min
[b2] done in 51.6 min

[modal] exit code: 0
