[modal] $ /usr/local/bin/python /workspace/track_b/b2_held_out_rewrite_eval/run_rewrites.py --test-csv /workspace/store/data/source_neutrals.csv --n-items 300 --seeds 42 --top-k 50 --objective log --item-start 150 --item-end 225 --shard-tag _sh2 --out-dir /workspace/store/results/b2 --alpha-on 4.0
[b2] raw generations -> /workspace/store/results/b2/generations.jsonl
[b2] 4-cell ablation with on-weights alpha_on=4.0, beta_on=2.0
[b2] objective = log
[b2] test set: /workspace/store/data/source_neutrals.csv column=title rows=75 (item_id 150..224)
[b2] decoding = GREEDY (deterministic, faithful to the paper). Multiple seeds would only replicate identical rows, so replication is over ITEMS via bootstrap in score_rewrites.py, NOT over seeds. Use --sample if you want seed-level variance.
[b2] planned rewrites: 900
[b2] ETA @ 7 s/rewrite on GPU: 1.8 h
[b2] ETA @ 30 s/rewrite on CPU: 7.5 h
[b2] STRONGLY RECOMMEND running via gpu2modal for anything above N=50.
[b2] device = cuda
/usr/local/lib/python3.11/site-packages/transformers/utils/hub.py:124: FutureWarning: Using `TRANSFORMERS_CACHE` is deprecated and will be removed in v5 of Transformers. Use `HF_HOME` instead.
  warnings.warn(
Special tokens have been added in the vocabulary, make sure the associated word embeddings are fine-tuned or trained.

Loading checkpoint shards:   0%|          | 0/4 [00:00<?, ?it/s]
Loading checkpoint shards:  25%|██▌       | 1/4 [00:05<00:15,  5.29s/it]
Loading checkpoint shards:  50%|█████     | 2/4 [00:12<00:13,  6.69s/it]
Loading checkpoint shards:  75%|███████▌  | 3/4 [00:18<00:06,  6.38s/it]
Loading checkpoint shards: 100%|██████████| 4/4 [00:20<00:00,  4.35s/it]
Loading checkpoint shards: 100%|██████████| 4/4 [00:20<00:00,  5.05s/it]
[b2] -> /workspace/store/results/b2/rewrites_a0.0_b0.0_s42_sh2.csv (resume: 225 rows already present)
[b2] -> /workspace/store/results/b2/rewrites_a4.0_b0.0_s42_sh2.csv (resume: 225 rows already present)
[b2] -> /workspace/store/results/b2/rewrites_a0.0_b2.0_s42_sh2.csv (resume: 225 rows already present)
[b2] -> /workspace/store/results/b2/rewrites_a4.0_b2.0_s42_sh2.csv (resume: 225 rows already present)
[b2] done in 0.0 min

[modal] exit code: 0
