[modal] $ /usr/local/bin/python /workspace/track_b/b2_held_out_rewrite_eval/run_rewrites.py --test-csv /workspace/store/data/source_neutrals.csv --n-items 300 --seeds 42 --top-k 50 --objective log --item-start 250 --item-end 300 --shard-tag _sh5 --out-dir /workspace/store/results/b2 --alpha-on 4.0 --beta-on 2.0
[b2] raw generations -> /workspace/store/results/b2/generations.jsonl
[b2] 4-cell ablation with on-weights alpha_on=4.0, beta_on=2.0
[b2] objective = log
[b2] test set: /workspace/store/data/source_neutrals.csv column=title rows=50 (item_id 250..299)
[b2] decoding = GREEDY (deterministic, faithful to the paper). Multiple seeds would only replicate identical rows, so replication is over ITEMS via bootstrap in score_rewrites.py, NOT over seeds. Use --sample if you want seed-level variance.
[b2] planned rewrites: 600
[b2] ETA @ 7 s/rewrite on GPU: 1.2 h
[b2] ETA @ 30 s/rewrite on CPU: 5.0 h
[b2] STRONGLY RECOMMEND running via gpu2modal for anything above N=50.
[b2] device = cuda
/usr/local/lib/python3.11/site-packages/transformers/utils/hub.py:124: FutureWarning: Using `TRANSFORMERS_CACHE` is deprecated and will be removed in v5 of Transformers. Use `HF_HOME` instead.
  warnings.warn(
Special tokens have been added in the vocabulary, make sure the associated word embeddings are fine-tuned or trained.

Loading checkpoint shards:   0%|          | 0/4 [00:00<?, ?it/s]
Loading checkpoint shards:  25%|██▌       | 1/4 [00:05<00:16,  5.52s/it]
Loading checkpoint shards:  50%|█████     | 2/4 [00:11<00:11,  5.52s/it]
Loading checkpoint shards:  75%|███████▌  | 3/4 [00:16<00:05,  5.33s/it]
Loading checkpoint shards: 100%|██████████| 4/4 [00:17<00:00,  3.72s/it]
Loading checkpoint shards: 100%|██████████| 4/4 [00:17<00:00,  4.35s/it]
[b2] -> /workspace/store/results/b2/rewrites_a0.0_b0.0_s42_sh5.csv (resume: 0 rows already present)
[b2] 25/600 rate=0.63/s ETA=15.2 min
[b2] 50/600 rate=0.63/s ETA=14.5 min
[b2] 75/600 rate=0.64/s ETA=13.7 min
[b2] 100/600 rate=0.63/s ETA=13.2 min
[b2] 125/600 rate=0.62/s ETA=12.8 min
[b2] 150/600 rate=0.62/s ETA=12.2 min
[b2] -> /workspace/store/results/b2/rewrites_a4.0_b0.0_s42_sh5.csv (resume: 0 rows already present)
[b2] 175/600 rate=0.60/s ETA=11.8 min
[b2] 200/600 rate=0.59/s ETA=11.3 min
[b2] 225/600 rate=0.58/s ETA=10.8 min
[b2] 250/600 rate=0.58/s ETA=10.1 min
[b2] 275/600 rate=0.58/s ETA=9.4 min
[b2] 300/600 rate=0.57/s ETA=8.8 min
[b2] -> /workspace/store/results/b2/rewrites_a0.0_b2.0_s42_sh5.csv (resume: 0 rows already present)
[b2] 325/600 rate=0.57/s ETA=8.0 min
[b2] 350/600 rate=0.58/s ETA=7.2 min
[b2] 375/600 rate=0.58/s ETA=6.5 min
[b2] 400/600 rate=0.58/s ETA=5.7 min
[b2] 425/600 rate=0.59/s ETA=5.0 min
[b2] 450/600 rate=0.59/s ETA=4.3 min
[b2] -> /workspace/store/results/b2/rewrites_a4.0_b2.0_s42_sh5.csv (resume: 0 rows already present)
[b2] 475/600 rate=0.58/s ETA=3.6 min
[b2] 500/600 rate=0.56/s ETA=3.0 min
[b2] 525/600 rate=0.56/s ETA=2.2 min
[b2] 550/600 rate=0.56/s ETA=1.5 min
[b2] 575/600 rate=0.56/s ETA=0.7 min
[b2] 600/600 rate=0.56/s ETA=0.0 min
[b2] done in 17.9 min

[modal] exit code: 0
