[modal] $ /usr/local/bin/python /workspace/track_b/b2_held_out_rewrite_eval/run_rewrites.py --test-csv /workspace/store/data/source_neutrals.csv --n-items 300 --seeds 42 --top-k 50 --objective log --item-start 150 --item-end 225 --shard-tag _sh2 --out-dir /workspace/store/results/b2 --alpha-on 4.0
[b2] raw generations -> /workspace/store/results/b2/generations.jsonl
[b2] 4-cell ablation with on-weights alpha_on=4.0, beta_on=2.0
[b2] objective = log
[b2] test set: /workspace/store/data/source_neutrals.csv column=title rows=75 (item_id 150..224)
[b2] decoding = GREEDY (deterministic, faithful to the paper). Multiple seeds would only replicate identical rows, so replication is over ITEMS via bootstrap in score_rewrites.py, NOT over seeds. Use --sample if you want seed-level variance.
[b2] planned rewrites: 900
[b2] ETA @ 7 s/rewrite on GPU: 1.8 h
[b2] ETA @ 30 s/rewrite on CPU: 7.5 h
[b2] STRONGLY RECOMMEND running via gpu2modal for anything above N=50.
[b2] device = cuda
/usr/local/lib/python3.11/site-packages/transformers/utils/hub.py:124: FutureWarning: Using `TRANSFORMERS_CACHE` is deprecated and will be removed in v5 of Transformers. Use `HF_HOME` instead.
  warnings.warn(
Special tokens have been added in the vocabulary, make sure the associated word embeddings are fine-tuned or trained.

Loading checkpoint shards:   0%|          | 0/4 [00:00<?, ?it/s]
Loading checkpoint shards:  25%|██▌       | 1/4 [00:05<00:17,  5.69s/it]
Loading checkpoint shards:  50%|█████     | 2/4 [00:11<00:11,  5.74s/it]
Loading checkpoint shards:  75%|███████▌  | 3/4 [00:17<00:05,  5.72s/it]
Loading checkpoint shards: 100%|██████████| 4/4 [00:18<00:00,  3.99s/it]
Loading checkpoint shards: 100%|██████████| 4/4 [00:18<00:00,  4.62s/it]
[b2] -> /workspace/store/results/b2/rewrites_a0.0_b0.0_s42_sh2.csv (resume: 0 rows already present)
[b2] 25/900 rate=0.64/s ETA=22.8 min
[b2] 50/900 rate=0.65/s ETA=21.9 min
[b2] 75/900 rate=0.66/s ETA=21.0 min
[b2] 100/900 rate=0.67/s ETA=19.8 min
[b2] 125/900 rate=0.67/s ETA=19.3 min
[b2] 150/900 rate=0.68/s ETA=18.4 min
[b2] 175/900 rate=0.68/s ETA=17.8 min
[b2] 200/900 rate=0.68/s ETA=17.1 min
[b2] 225/900 rate=0.68/s ETA=16.4 min
[b2] -> /workspace/store/results/b2/rewrites_a4.0_b0.0_s42_sh2.csv (resume: 0 rows already present)
[b2] 250/900 rate=0.67/s ETA=16.2 min
[b2] 275/900 rate=0.65/s ETA=15.9 min
[b2] 300/900 rate=0.65/s ETA=15.5 min
[b2] 325/900 rate=0.64/s ETA=15.0 min
[b2] 350/900 rate=0.63/s ETA=14.4 min
[b2] 375/900 rate=0.63/s ETA=13.8 min
[b2] 400/900 rate=0.63/s ETA=13.2 min
[b2] 425/900 rate=0.63/s ETA=12.6 min
[b2] 450/900 rate=0.62/s ETA=12.0 min
[b2] -> /workspace/store/results/b2/rewrites_a0.0_b2.0_s42_sh2.csv (resume: 0 rows already present)
[b2] 475/900 rate=0.62/s ETA=11.4 min
[b2] 500/900 rate=0.62/s ETA=10.7 min
[b2] 525/900 rate=0.62/s ETA=10.0 min
[b2] 550/900 rate=0.63/s ETA=9.3 min
[b2] 575/900 rate=0.63/s ETA=8.7 min
[b2] 600/900 rate=0.63/s ETA=7.9 min
[b2] 625/900 rate=0.63/s ETA=7.3 min
[b2] 650/900 rate=0.63/s ETA=6.6 min
[b2] 675/900 rate=0.63/s ETA=5.9 min
[b2] -> /workspace/store/results/b2/rewrites_a4.0_b2.0_s42_sh2.csv (resume: 0 rows already present)
[b2] 700/900 rate=0.63/s ETA=5.3 min
[b2] 725/900 rate=0.62/s ETA=4.7 min
[b2] 750/900 rate=0.62/s ETA=4.0 min
[b2] 775/900 rate=0.62/s ETA=3.4 min
[b2] 800/900 rate=0.61/s ETA=2.7 min
[b2] 825/900 rate=0.61/s ETA=2.0 min
[b2] 850/900 rate=0.61/s ETA=1.4 min
[b2] 875/900 rate=0.61/s ETA=0.7 min
[b2] 900/900 rate=0.61/s ETA=0.0 min
[b2] done in 24.7 min

[modal] exit code: 0
