[modal] $ /usr/local/bin/python /workspace/track_b/b2_held_out_rewrite_eval/score_rewrites.py --gpu --in-dir /workspace/store/results/b2 --out-json /workspace/store/results/b2/summary.json --out-md /workspace/store/results/b2/summary.md --per-item-csv /workspace/store/results/b2/per_item_scores.csv --external-clickbait-dir /workspace/store/models/external_clickbait_distilbert
[b2-score] ETA: 2-15 min per rewrite CSV depending on device.
[b2-score] rewrites: 36
[b2-score] empty/whitespace rewrites flagged: 0
[b2-score] STS...
/usr/local/lib/python3.11/site-packages/transformers/utils/hub.py:124: FutureWarning: Using `TRANSFORMERS_CACHE` is deprecated and will be removed in v5 of Transformers. Use `HF_HOME` instead.
  warnings.warn(
/usr/local/lib/python3.11/site-packages/huggingface_hub/file_download.py:949: FutureWarning: `resume_download` is deprecated and will be removed in version 1.0.0. Downloads always resume when possible. If you want to force a new download, use `force_download=True`.
  warnings.warn(
[b2-score] BERTScore...
Some weights of RobertaModel were not initialized from the model checkpoint at roberta-large and are newly initialized: ['roberta.pooler.dense.bias', 'roberta.pooler.dense.weight']
You should probably TRAIN this model on a down-stream task to be able to use it for predictions and inference.
/usr/local/lib/python3.11/site-packages/bert_score/score.py:149: UserWarning: The given NumPy array is not writable, and PyTorch does not support non-writable tensors. This means writing to this tensor will result in undefined behavior. You may want to copy the array to protect its data or make it writable before converting it to a tensor. This type of warning will be suppressed for the rest of this program. (Triggered internally at ../torch/csrc/utils/tensor_numpy.cpp:206.)
  baselines = torch.from_numpy(
[b2-score] NLI both directions...
Some weights of the model checkpoint at roberta-large-mnli were not used when initializing RobertaForSequenceClassification: ['roberta.pooler.dense.bias', 'roberta.pooler.dense.weight']
- This IS expected if you are initializing RobertaForSequenceClassification from the checkpoint of a model trained on another task or with another architecture (e.g. initializing a BertForSequenceClassification model from a BertForPreTraining model).
- This IS NOT expected if you are initializing RobertaForSequenceClassification from the checkpoint of a model that you expect to be exactly identical (initializing a BertForSequenceClassification model from a BertForSequenceClassification model).
[b2-score] clickbait probability (GUIDE model, CIRCULAR)...
[b2-score] WARNING: clickbait_prob_guide_circular is the FUDGE beta-guide itself. It is CIRCULAR and must NOT be reported as the independent clickbait metric.
[b2-score] clickbait probability (INDEPENDENT detector: /workspace/store/models/external_clickbait_distilbert)...
[b2-score] tactics probs...
Traceback (most recent call last):
  File "/usr/local/lib/python3.11/site-packages/pandas/core/internals/blocks.py", line 1115, in setitem
    casted = np_can_hold_element(values.dtype, value)
             ^^^^^^^^^^^^^^^^^^^^^^^^^^^^^^^^^^^^^^^^
  File "/usr/local/lib/python3.11/site-packages/pandas/core/dtypes/cast.py", line 1830, in np_can_hold_element
    raise LossySetitemError
pandas.errors.LossySetitemError

During handling of the above exception, another exception occurred:

Traceback (most recent call last):
  File "/workspace/track_b/b2_held_out_rewrite_eval/score_rewrites.py", line 401, in <module>
    raise SystemExit(main())
                     ^^^^^^
  File "/workspace/track_b/b2_held_out_rewrite_eval/score_rewrites.py", line 305, in main
    df.loc[df["is_empty"], m] = np.nan
    ~~~~~~^^^^^^^^^^^^^^^^^^^
  File "/usr/local/lib/python3.11/site-packages/pandas/core/indexing.py", line 938, in __setitem__
    iloc._setitem_with_indexer(indexer, value, self.name)
  File "/usr/local/lib/python3.11/site-packages/pandas/core/indexing.py", line 1953, in _setitem_with_indexer
    self._setitem_with_indexer_split_path(indexer, value, name)
  File "/usr/local/lib/python3.11/site-packages/pandas/core/indexing.py", line 2044, in _setitem_with_indexer_split_path
    self._setitem_single_column(loc, value, pi)
  File "/usr/local/lib/python3.11/site-packages/pandas/core/indexing.py", line 2181, in _setitem_single_column
    self.obj._mgr.column_setitem(loc, plane_indexer, value)
  File "/usr/local/lib/python3.11/site-packages/pandas/core/internals/managers.py", line 1541, in column_setitem
    new_mgr = col_mgr.setitem((idx,), value)
              ^^^^^^^^^^^^^^^^^^^^^^^^^^^^^^
  File "/usr/local/lib/python3.11/site-packages/pandas/core/internals/managers.py", line 620, in setitem
    return self.apply("setitem", indexer=indexer, value=value)
           ^^^^^^^^^^^^^^^^^^^^^^^^^^^^^^^^^^^^^^^^^^^^^^^^^^^
  File "/usr/local/lib/python3.11/site-packages/pandas/core/internals/managers.py", line 445, in apply
    applied = getattr(b, f)(**kwargs)
              ^^^^^^^^^^^^^^^^^^^^^^^
  File "/usr/local/lib/python3.11/site-packages/pandas/core/internals/blocks.py", line 1118, in setitem
    nb = self.coerce_to_target_dtype(value, raise_on_upcast=True)
         ^^^^^^^^^^^^^^^^^^^^^^^^^^^^^^^^^^^^^^^^^^^^^^^^^^^^^^^^
  File "/usr/local/lib/python3.11/site-packages/pandas/core/internals/blocks.py", line 468, in coerce_to_target_dtype
    raise TypeError(f"Invalid value '{other}' for dtype '{self.values.dtype}'")
TypeError: Invalid value 'nan' for dtype 'bool'

[modal] exit code: 1
