[modal] $ /usr/local/bin/python /workspace/track_b/modal_run/train_guides/train_tactics.py --trainval-csv /workspace/store/data/prefix_splits/trainval_tactics.csv --test-csv /workspace/store/data/prefix_splits/test_tactics.csv --out-dir /workspace/store/models/bert_tactics_prefix_finetuned
/usr/local/lib/python3.11/site-packages/transformers/utils/hub.py:124: FutureWarning: Using `TRANSFORMERS_CACHE` is deprecated and will be removed in v5 of Transformers. Use `HF_HOME` instead.
  warnings.warn(
[tac] trainval size 80632 labels=10 pos_per_label=[8064.0, 8224.0, 7920.0, 7960.0, 7936.0, 7796.0, 8476.0, 8236.0, 7892.0, 8088.0]
[tac] internal split train=68537 val=12095
Some weights of BertForSequenceClassification were not initialized from the model checkpoint at bert-base-uncased and are newly initialized: ['classifier.bias', 'classifier.weight']
You should probably TRAIN this model on a down-stream task to be able to use it for predictions and inference.
/usr/local/lib/python3.11/site-packages/transformers/training_args.py:1474: FutureWarning: `evaluation_strategy` is deprecated and will be removed in version 4.46 of 🤗 Transformers. Use `eval_strategy` instead
  warnings.warn(
[RANK 0] Detected kernel version 4.19.0, which is below the recommended minimum of 5.5.0; this can cause the process to hang. It is recommended to upgrade the kernel to the minimum version or higher.

  0%|          | 0/12852 [00:00<?, ?it/s]
  0%|          | 1/12852 [00:01<4:21:51,  1.22s/it]
  0%|          | 2/12852 [00:01<2:31:54,  1.41it/s]
  0%|          | 3/12852 [00:01<1:38:11,  2.18it/s]
  0%|          | 4/12852 [00:01<1:18:55,  2.71it/s]
  0%|          | 5/12852 [00:02<1:09:53,  3.06it/s]
  0%|          | 6/12852 [00:02<1:14:14,  2.88it/s]
  0%|          | 7/12852 [00:03<1:21:30,  2.63it/s]
  0%|          | 8/12852 [00:03<1:18:10,  2.74it/s]
  0%|          | 9/12852 [00:03<1:06:13,  3.23it/s]
  0%|          | 10/12852 [00:03<1:04:27,  3.32it/s]
  0%|          | 11/12852 [00:04<1:04:51,  3.30it/s]
  0%|          | 12/12852 [00:04<1:11:23,  3.00it/s]
  0%|          | 13/12852 [00:05<1:21:58,  2.61it/s]
  0%|          | 14/12852 [00:05<1:16:33,  2.80it/s]
  0%|          | 15/12852 [00:05<1:06:44,  3.21it/s]
  0%|          | 16/12852 [00:05<53:37,  3.99it/s]  
  0%|          | 17/12852 [00:05<57:38,  3.71it/s]
  0%|          | 18/12852 [00:06<55:40,  3.84it/s]
  0%|          | 19/12852 [00:06<1:04:19,  3.33it/s]
  0%|          | 20/12852 [00:06<1:06:42,  3.21it/s]
  0%|          | 21/12852 [00:07<1:03:24,  3.37it/s]
  0%|          | 22/12852 [00:07<51:21,  4.16it/s]  
  0%|          | 23/12852 [00:07<48:54,  4.37it/s]
  0%|          | 24/12852 [00:07<45:24,  4.71it/s]
  0%|          | 25/12852 [00:07<49:25,  4.33it/s]
  0%|          | 26/12852 [00:08<54:50,  3.90it/s]
  0%|          | 27/12852 [00:08<1:06:35,  3.21it/s]
  0%|          | 28/12852 [00:09<1:13:27,  2.91it/s]
  0%|          | 29/12852 [00:09<1:10:38,  3.03it/s]
  0%|          | 30/12852 [00:09<1:02:11,  3.44it/s]
  0%|          | 31/12852 [00:09<1:02:18,  3.43it/s]
  0%|          | 32/12852 [00:10<1:00:04,  3.56it/s]
  0%|          | 33/12852 [00:10<1:04:25,  3.32it/s]
  0%|          | 34/12852 [00:10<1:01:27,  3.48it/s]
  0%|          | 35/12852 [00:11<1:01:58,  3.45it/s]
  0%|          | 36/12852 [00:11<54:06,  3.95it/s]  
  0%|          | 37/12852 [00:11<48:21,  4.42it/s]
  0%|          | 38/12852 [00:11<40:50,  5.23it/s]
  0%|          | 39/12852 [00:11<42:22,  5.04it/s]
  0%|          | 40/12852 [00:12<46:33,  4.59it/s]
  0%|          | 41/12852 [00:12<50:15,  4.25it/s]
  0%|          | 42/12852 [00:12<1:03:47,  3.35it/s]
  0%|          | 43/12852 [00:13<1:14:57,  2.85it/s]
  0%|          | 44/12852 [00:13<1:09:06,  3.09it/s]
  0%|          | 45/12852 [00:13<1:06:10,  3.23it/s]
  0%|          | 46/12852 [00:13<1:01:08,  3.49it/s]
  0%|          | 47/12852 [00:14<57:10,  3.73it/s]  
  0%|          | 48/12852 [00:14<1:09:10,  3.08it/s]
  0%|          | 49/12852 [00:15<1:27:11,  2.45it/s]
  0%|          | 50/12852 [00:15<1:24:18,  2.53it/s]
                                                    
{'loss': 0.4797, 'grad_norm': 0.5465216040611267, 'learning_rate': 1.992219109866169e-05, 'epoch': 0.01}

  0%|          | 50/12852 [00:15<1:24:18,  2.53it/s]
  0%|          | 51/12852 [00:15<1:14:24,  2.87it/s]
  0%|          | 52/12852 [00:16<1:08:20,  3.12it/s]
  0%|          | 53/12852 [00:16<1:12:40,  2.94it/s]
  0%|          | 54/12852 [00:17<1:22:43,  2.58it/s]
  0%|          | 55/12852 [00:17<1:22:34,  2.58it/s]
  0%|          | 56/12852 [00:17<1:15:52,  2.81it/s]
  0%|          | 57/12852 [00:18<1:16:25,  2.79it/s]
  0%|          | 58/12852 [00:18<1:27:23,  2.44it/s]
  0%|          | 59/12852 [00:19<1:52:46,  1.89it/s]
  0%|          | 60/12852 [00:19<1:48:34,  1.96it/s]
  0%|          | 61/12852 [00:20<1:53:08,  1.88it/s]
  0%|          | 62/12852 [00:20<1:53:38,  1.88it/s]
  0%|          | 63/12852 [00:21<1:56:34,  1.83it/s]
  0%|          | 64/12852 [00:21<1:35:52,  2.22it/s]
  1%|          | 65/12852 [00:22<1:27:05,  2.45it/s]
  1%|          | 66/12852 [00:22<1:26:53,  2.45it/s]
  1%|          | 67/12852 [00:23<1:34:32,  2.25it/s]
  1%|          | 68/12852 [00:23<1:24:44,  2.51it/s]
  1%|          | 69/12852 [00:23<1:23:04,  2.56it/s]
  1%|          | 70/12852 [00:24<1:19:12,  2.69it/s]
  1%|          | 71/12852 [00:24<1:18:32,  2.71it/s]
  1%|          | 72/12852 [00:25<1:40:01,  2.13it/s]
  1%|          | 73/12852 [00:25<1:37:33,  2.18it/s]
  1%|          | 74/12852 [00:25<1:20:18,  2.65it/s]
  1%|          | 75/12852 [00:26<1:22:06,  2.59it/s]
  1%|          | 76/12852 [00:26<1:17:41,  2.74it/s]
  1%|          | 77/12852 [00:26<1:29:30,  2.38it/s]
  1%|          | 78/12852 [00:27<1:22:37,  2.58it/s]
  1%|          | 79/12852 [00:27<1:10:06,  3.04it/s]
  1%|          | 80/12852 [00:27<1:00:48,  3.50it/s]
  1%|          | 81/12852 [00:27<1:00:05,  3.54it/s]
  1%|          | 82/12852 [00:28<55:30,  3.83it/s]  
  1%|          | 83/12852 [00:28<1:04:13,  3.31it/s]
  1%|          | 84/12852 [00:29<1:20:41,  2.64it/s]
  1%|          | 85/12852 [00:29<1:14:58,  2.84it/s]
  1%|          | 86/12852 [00:29<1:12:38,  2.93it/s]
  1%|          | 87/12852 [00:29<1:08:11,  3.12it/s]
  1%|          | 88/12852 [00:30<1:06:45,  3.19it/s]
  1%|          | 89/12852 [00:30<1:17:34,  2.74it/s]
  1%|          | 90/12852 [00:31<1:17:16,  2.75it/s]
  1%|          | 91/12852 [00:31<1:07:21,  3.16it/s]
  1%|          | 92/12852 [00:31<58:37,  3.63it/s]  
  1%|          | 93/12852 [00:31<49:19,  4.31it/s]
  1%|          | 94/12852 [00:31<42:29,  5.00it/s]
  1%|          | 95/12852 [00:31<44:13,  4.81it/s]
  1%|          | 96/12852 [00:32<50:15,  4.23it/s]
  1%|          | 97/12852 [00:32<1:03:29,  3.35it/s]
  1%|          | 98/12852 [00:33<1:10:59,  2.99it/s]
  1%|          | 99/12852 [00:33<1:13:11,  2.90it/s]
  1%|          | 100/12852 [00:33<1:15:40,  2.81it/s]
                                                     
{'loss': 0.3342, 'grad_norm': 0.6934816837310791, 'learning_rate': 1.9844382197323376e-05, 'epoch': 0.02}

  1%|          | 100/12852 [00:33<1:15:40,  2.81it/s]
  1%|          | 101/12852 [00:34<1:08:32,  3.10it/s]
  1%|          | 102/12852 [00:34<1:16:41,  2.77it/s]
  1%|          | 103/12852 [00:35<1:34:01,  2.26it/s]
  1%|          | 104/12852 [00:35<1:30:15,  2.35it/s]
  1%|          | 105/12852 [00:35<1:15:00,  2.83it/s]
  1%|          | 106/12852 [00:36<1:06:30,  3.19it/s]
  1%|          | 107/12852 [00:36<1:05:34,  3.24it/s]
  1%|          | 108/12852 [00:36<1:14:58,  2.83it/s]
  1%|          | 109/12852 [00:37<1:18:16,  2.71it/s]
  1%|          | 110/12852 [00:37<1:04:08,  3.31it/s]
  1%|          | 111/12852 [00:37<59:43,  3.56it/s]  
  1%|          | 112/12852 [00:37<53:01,  4.00it/s]
  1%|          | 113/12852 [00:37<51:08,  4.15it/s]
  1%|          | 114/12852 [00:38<49:47,  4.26it/s]
  1%|          | 115/12852 [00:38<56:12,  3.78it/s]
  1%|          | 116/12852 [00:39<1:12:45,  2.92it/s]
  1%|          | 117/12852 [00:39<1:32:08,  2.30it/s]
  1%|          | 118/12852 [00:40<1:42:39,  2.07it/s]
  1%|          | 119/12852 [00:40<1:53:33,  1.87it/s]
  1%|          | 120/12852 [00:41<2:03:07,  1.72it/s]
  1%|          | 121/12852 [00:41<1:49:07,  1.94it/s]
  1%|          | 122/12852 [00:42<1:43:30,  2.05it/s]
  1%|          | 123/12852 [00:42<1:47:53,  1.97it/s]
  1%|          | 124/12852 [00:43<1:55:32,  1.84it/s]
  1%|          | 125/12852 [00:43<1:39:44,  2.13it/s]
  1%|          | 126/12852 [00:44<1:22:50,  2.56it/s]
  1%|          | 127/12852 [00:44<1:16:07,  2.79it/s]
  1%|          | 128/12852 [00:44<1:26:26,  2.45it/s]
  1%|          | 129/12852 [00:45<1:24:56,  2.50it/s]
  1%|          | 130/12852 [00:45<1:11:26,  2.97it/s]
  1%|          | 131/12852 [00:45<56:52,  3.73it/s]  
  1%|          | 132/12852 [00:45<48:42,  4.35it/s]
  1%|          | 133/12852 [00:45<50:38,  4.19it/s]
  1%|          | 134/12852 [00:46<53:47,  3.94it/s]
  1%|          | 135/12852 [00:47<1:24:14,  2.52it/s]
  1%|          | 136/12852 [00:47<1:23:39,  2.53it/s]
  1%|          | 137/12852 [00:47<1:15:40,  2.80it/s]
  1%|          | 138/12852 [00:47<1:07:07,  3.16it/s]
  1%|          | 139/12852 [00:48<1:03:50,  3.32it/s]
  1%|          | 140/12852 [00:48<1:07:26,  3.14it/s]
  1%|          | 141/12852 [00:49<1:31:11,  2.32it/s]
  1%|          | 142/12852 [00:49<1:37:28,  2.17it/s]
  1%|          | 143/12852 [00:50<1:31:13,  2.32it/s]
  1%|          | 144/12852 [00:50<1:34:03,  2.25it/s]
  1%|          | 145/12852 [00:51<1:50:59,  1.91it/s]
  1%|          | 146/12852 [00:52<2:16:17,  1.55it/s]
  1%|          | 147/12852 [00:52<2:20:23,  1.51it/s]
  1%|          | 148/12852 [00:53<2:29:41,  1.41it/s]
  1%|          | 149/12852 [00:54<2:19:18,  1.52it/s]
  1%|          | 150/12852 [00:54<2:06:28,  1.67it/s]
                                                     
{'loss': 0.2999, 'grad_norm': 0.5956128835678101, 'learning_rate': 1.9766573295985063e-05, 'epoch': 0.04}

  1%|          | 150/12852 [00:54<2:06:28,  1.67it/s]
  1%|          | 151/12852 [00:55<2:02:41,  1.73it/s]
  1%|          | 152/12852 [00:55<1:40:45,  2.10it/s]
  1%|          | 153/12852 [00:55<1:23:40,  2.53it/s]
  1%|          | 154/12852 [00:55<1:15:25,  2.81it/s]
  1%|          | 155/12852 [00:56<1:10:49,  2.99it/s]
  1%|          | 156/12852 [00:56<1:10:10,  3.02it/s]
  1%|          | 157/12852 [00:56<1:09:26,  3.05it/s]
  1%|          | 158/12852 [00:57<1:26:13,  2.45it/s]
  1%|          | 159/12852 [00:57<1:23:36,  2.53it/s]
  1%|          | 160/12852 [00:58<1:26:18,  2.45it/s]
  1%|▏         | 161/12852 [00:58<1:32:53,  2.28it/s]
  1%|▏         | 162/12852 [00:59<1:52:06,  1.89it/s]
  1%|▏         | 163/12852 [01:00<1:57:12,  1.80it/s]
  1%|▏         | 164/12852 [01:00<1:57:46,  1.80it/s]
  1%|▏         | 165/12852 [01:01<2:10:07,  1.63it/s]
  1%|▏         | 166/12852 [01:02<2:08:47,  1.64it/s]
  1%|▏         | 167/12852 [01:02<2:14:55,  1.57it/s]
  1%|▏         | 168/12852 [01:03<2:35:48,  1.36it/s]
  1%|▏         | 169/12852 [01:04<2:28:10,  1.43it/s]
  1%|▏         | 170/12852 [01:05<2:25:10,  1.46it/s]
  1%|▏         | 171/12852 [01:05<2:25:36,  1.45it/s]
  1%|▏         | 172/12852 [01:06<2:12:43,  1.59it/s]
  1%|▏         | 173/12852 [01:06<2:11:21,  1.61it/s]
  1%|▏         | 174/12852 [01:07<2:09:40,  1.63it/s]
  1%|▏         | 175/12852 [01:07<2:05:18,  1.69it/s]
  1%|▏         | 176/12852 [01:08<1:59:32,  1.77it/s]
  1%|▏         | 177/12852 [01:08<1:56:52,  1.81it/s]
  1%|▏         | 178/12852 [01:09<2:05:10,  1.69it/s]
  1%|▏         | 179/12852 [01:10<2:20:14,  1.51it/s]
  1%|▏         | 180/12852 [01:11<2:23:56,  1.47it/s]
  1%|▏         | 181/12852 [01:11<2:28:58,  1.42it/s]
  1%|▏         | 182/12852 [01:12<2:24:19,  1.46it/s]
  1%|▏         | 183/12852 [01:13<2:22:44,  1.48it/s]
  1%|▏         | 184/12852 [01:13<2:05:47,  1.68it/s]
  1%|▏         | 185/12852 [01:14<1:52:02,  1.88it/s]
  1%|▏         | 186/12852 [01:14<1:57:49,  1.79it/s]
  1%|▏         | 187/12852 [01:15<2:18:50,  1.52it/s]
  1%|▏         | 188/12852 [01:16<2:15:16,  1.56it/s]
  1%|▏         | 189/12852 [01:17<2:38:56,  1.33it/s]
  1%|▏         | 190/12852 [01:17<2:31:30,  1.39it/s]
  1%|▏         | 191/12852 [01:18<2:23:40,  1.47it/s]
  1%|▏         | 192/12852 [01:19<2:19:16,  1.51it/s]
  2%|▏         | 193/12852 [01:19<2:25:16,  1.45it/s]
  2%|▏         | 194/12852 [01:20<2:15:40,  1.55it/s]
  2%|▏         | 195/12852 [01:21<2:19:36,  1.51it/s]
  2%|▏         | 196/12852 [01:21<2:27:24,  1.43it/s]
  2%|▏         | 197/12852 [01:22<2:05:13,  1.68it/s]
  2%|▏         | 198/12852 [01:22<1:59:30,  1.76it/s]
  2%|▏         | 199/12852 [01:23<2:09:28,  1.63it/s]
  2%|▏         | 200/12852 [01:23<2:08:25,  1.64it/s]
                                                     
{'loss': 0.2957, 'grad_norm': 0.5762964487075806, 'learning_rate': 1.968876439464675e-05, 'epoch': 0.05}

  2%|▏         | 200/12852 [01:23<2:08:25,  1.64it/s]
  2%|▏         | 201/12852 [01:24<2:14:57,  1.56it/s]
  2%|▏         | 202/12852 [01:25<2:32:27,  1.38it/s]
  2%|▏         | 203/12852 [01:26<2:32:29,  1.38it/s]
  2%|▏         | 204/12852 [01:27<2:39:26,  1.32it/s]
  2%|▏         | 205/12852 [01:27<2:25:32,  1.45it/s]
  2%|▏         | 206/12852 [01:28<2:19:42,  1.51it/s]
  2%|▏         | 207/12852 [01:28<2:20:41,  1.50it/s]
  2%|▏         | 208/12852 [01:29<2:13:37,  1.58it/s]
  2%|▏         | 209/12852 [01:29<1:58:54,  1.77it/s]
  2%|▏         | 210/12852 [01:30<1:59:51,  1.76it/s]
  2%|▏         | 211/12852 [01:31<2:09:12,  1.63it/s]
  2%|▏         | 212/12852 [01:31<2:11:42,  1.60it/s]
  2%|▏         | 213/12852 [01:32<2:02:38,  1.72it/s]
  2%|▏         | 214/12852 [01:33<2:11:17,  1.60it/s]
  2%|▏         | 215/12852 [01:33<2:28:53,  1.41it/s]
  2%|▏         | 216/12852 [01:34<2:32:03,  1.39it/s]
  2%|▏         | 217/12852 [01:35<2:33:13,  1.37it/s]
  2%|▏         | 218/12852 [01:36<2:38:22,  1.33it/s]
  2%|▏         | 219/12852 [01:37<2:42:18,  1.30it/s]
  2%|▏         | 220/12852 [01:37<2:43:38,  1.29it/s]
  2%|▏         | 221/12852 [01:38<2:31:56,  1.39it/s]
  2%|▏         | 222/12852 [01:39<2:35:27,  1.35it/s]
  2%|▏         | 223/12852 [01:40<2:42:05,  1.30it/s]
  2%|▏         | 224/12852 [01:40<2:37:03,  1.34it/s]
  2%|▏         | 225/12852 [01:41<2:36:55,  1.34it/s]
  2%|▏         | 226/12852 [01:42<2:31:54,  1.39it/s]
  2%|▏         | 227/12852 [01:42<2:29:04,  1.41it/s]
  2%|▏         | 228/12852 [01:43<2:24:12,  1.46it/s]
  2%|▏         | 229/12852 [01:44<2:43:17,  1.29it/s]
  2%|▏         | 230/12852 [01:45<2:28:19,  1.42it/s]
  2%|▏         | 231/12852 [01:45<2:27:27,  1.43it/s]
  2%|▏         | 232/12852 [01:46<2:33:20,  1.37it/s]
  2%|▏         | 233/12852 [01:47<2:45:10,  1.27it/s]
  2%|▏         | 234/12852 [01:48<2:54:08,  1.21it/s]
  2%|▏         | 235/12852 [01:49<3:00:04,  1.17it/s]
  2%|▏         | 236/12852 [01:50<2:57:59,  1.18it/s]
  2%|▏         | 237/12852 [01:50<2:47:42,  1.25it/s]
  2%|▏         | 238/12852 [01:51<2:48:27,  1.25it/s]
  2%|▏         | 239/12852 [01:52<2:36:37,  1.34it/s]
  2%|▏         | 240/12852 [01:52<2:32:38,  1.38it/s]
  2%|▏         | 241/12852 [01:53<2:39:37,  1.32it/s]
  2%|▏         | 242/12852 [01:54<2:31:24,  1.39it/s]
  2%|▏         | 243/12852 [01:55<2:32:46,  1.38it/s]
  2%|▏         | 244/12852 [01:55<2:20:24,  1.50it/s]
  2%|▏         | 245/12852 [01:56<2:09:19,  1.62it/s]
  2%|▏         | 246/12852 [01:56<2:02:34,  1.71it/s]
  2%|▏         | 247/12852 [01:57<1:54:49,  1.83it/s]
  2%|▏         | 248/12852 [01:57<1:43:19,  2.03it/s]
  2%|▏         | 249/12852 [01:57<1:42:28,  2.05it/s]
  2%|▏         | 250/12852 [01:58<1:50:39,  1.90it/s]
                                                     
{'loss': 0.2661, 'grad_norm': 0.5034429430961609, 'learning_rate': 1.9610955493308437e-05, 'epoch': 0.06}

  2%|▏         | 250/12852 [01:58<1:50:39,  1.90it/s]
  2%|▏         | 251/12852 [01:59<2:34:35,  1.36it/s]
  2%|▏         | 252/12852 [02:00<2:23:56,  1.46it/s]
  2%|▏         | 253/12852 [02:01<2:30:29,  1.40it/s]
  2%|▏         | 254/12852 [02:01<2:17:45,  1.52it/s]
  2%|▏         | 255/12852 [02:02<2:20:30,  1.49it/s]
  2%|▏         | 256/12852 [02:02<2:15:03,  1.55it/s]
  2%|▏         | 257/12852 [02:03<2:27:58,  1.42it/s]
  2%|▏         | 258/12852 [02:04<2:17:22,  1.53it/s]
  2%|▏         | 259/12852 [02:04<2:11:08,  1.60it/s]
  2%|▏         | 260/12852 [02:05<2:17:17,  1.53it/s]
  2%|▏         | 261/12852 [02:05<1:56:38,  1.80it/s]
  2%|▏         | 262/12852 [02:06<1:54:48,  1.83it/s]
  2%|▏         | 263/12852 [02:07<2:15:22,  1.55it/s]
  2%|▏         | 264/12852 [02:07<2:07:10,  1.65it/s]
  2%|▏         | 265/12852 [02:08<2:00:16,  1.74it/s]
  2%|▏         | 266/12852 [02:09<2:32:11,  1.38it/s]
  2%|▏         | 267/12852 [02:10<3:04:12,  1.14it/s]
  2%|▏         | 268/12852 [02:12<3:39:50,  1.05s/it]
  2%|▏         | 269/12852 [02:12<3:12:33,  1.09it/s]
  2%|▏         | 270/12852 [02:13<3:09:22,  1.11it/s]
  2%|▏         | 271/12852 [02:14<3:03:33,  1.14it/s]
  2%|▏         | 272/12852 [02:15<2:56:37,  1.19it/s]
  2%|▏         | 273/12852 [02:16<3:09:30,  1.11it/s]
  2%|▏         | 274/12852 [02:16<2:57:23,  1.18it/s]
  2%|▏         | 275/12852 [02:17<3:00:09,  1.16it/s]
  2%|▏         | 276/12852 [02:18<2:39:30,  1.31it/s]
  2%|▏         | 277/12852 [02:18<2:27:38,  1.42it/s]
  2%|▏         | 278/12852 [02:19<2:31:35,  1.38it/s]
  2%|▏         | 279/12852 [02:20<2:15:40,  1.54it/s]
  2%|▏         | 280/12852 [02:20<2:08:25,  1.63it/s]
  2%|▏         | 281/12852 [02:21<2:23:45,  1.46it/s]
  2%|▏         | 282/12852 [02:22<2:17:11,  1.53it/s]
  2%|▏         | 283/12852 [02:22<2:21:26,  1.48it/s]
  2%|▏         | 284/12852 [02:23<2:32:11,  1.38it/s]
  2%|▏         | 285/12852 [02:24<2:28:23,  1.41it/s]
  2%|▏         | 286/12852 [02:25<2:40:21,  1.31it/s]
  2%|▏         | 287/12852 [02:25<2:32:33,  1.37it/s]
  2%|▏         | 288/12852 [02:26<2:18:51,  1.51it/s]
  2%|▏         | 289/12852 [02:26<2:12:14,  1.58it/s]
  2%|▏         | 290/12852 [02:27<2:31:02,  1.39it/s]
  2%|▏         | 291/12852 [02:28<2:24:51,  1.45it/s]
  2%|▏         | 292/12852 [02:29<2:36:33,  1.34it/s]
  2%|▏         | 293/12852 [02:30<2:33:49,  1.36it/s]
  2%|▏         | 294/12852 [02:30<2:23:28,  1.46it/s]
  2%|▏         | 295/12852 [02:31<2:29:17,  1.40it/s]
  2%|▏         | 296/12852 [02:32<2:40:09,  1.31it/s]
  2%|▏         | 297/12852 [02:33<2:52:36,  1.21it/s]
  2%|▏         | 298/12852 [02:34<3:09:12,  1.11it/s]
  2%|▏         | 299/12852 [02:35<2:52:24,  1.21it/s]
  2%|▏         | 300/12852 [02:36<3:03:02,  1.14it/s]
                                                     
{'loss': 0.2534, 'grad_norm': 0.4265424907207489, 'learning_rate': 1.953314659197012e-05, 'epoch': 0.07}

  2%|▏         | 300/12852 [02:36<3:03:02,  1.14it/s]
  2%|▏         | 301/12852 [02:36<2:44:16,  1.27it/s]
  2%|▏         | 302/12852 [02:37<3:08:48,  1.11it/s]
  2%|▏         | 303/12852 [02:38<2:49:28,  1.23it/s]
  2%|▏         | 304/12852 [02:38<2:21:57,  1.47it/s]
  2%|▏         | 305/12852 [02:39<2:32:21,  1.37it/s]
  2%|▏         | 306/12852 [02:40<2:22:24,  1.47it/s]
  2%|▏         | 307/12852 [02:40<2:18:29,  1.51it/s]
  2%|▏         | 308/12852 [02:41<2:34:35,  1.35it/s]
  2%|▏         | 309/12852 [02:42<2:27:08,  1.42it/s]
  2%|▏         | 310/12852 [02:43<2:33:02,  1.37it/s]
  2%|▏         | 311/12852 [02:44<2:44:56,  1.27it/s]
  2%|▏         | 312/12852 [02:44<2:32:47,  1.37it/s]
  2%|▏         | 313/12852 [02:45<3:07:37,  1.11it/s]
  2%|▏         | 314/12852 [02:46<2:49:26,  1.23it/s]
  2%|▏         | 315/12852 [02:47<2:48:37,  1.24it/s]
  2%|▏         | 316/12852 [02:48<2:55:30,  1.19it/s]
  2%|▏         | 317/12852 [02:49<2:55:02,  1.19it/s]
  2%|▏         | 318/12852 [02:49<2:55:53,  1.19it/s]
  2%|▏         | 319/12852 [02:50<2:54:39,  1.20it/s]
  2%|▏         | 320/12852 [02:51<2:57:42,  1.18it/s]
  2%|▏         | 321/12852 [02:52<2:49:09,  1.23it/s]
  3%|▎         | 322/12852 [02:53<2:47:13,  1.25it/s]
  3%|▎         | 323/12852 [02:54<2:53:52,  1.20it/s]
  3%|▎         | 324/12852 [02:55<3:16:13,  1.06it/s]
  3%|▎         | 325/12852 [02:55<3:02:43,  1.14it/s]
  3%|▎         | 326/12852 [02:56<2:48:58,  1.24it/s]
  3%|▎         | 327/12852 [02:57<2:45:20,  1.26it/s]
  3%|▎         | 328/12852 [02:58<2:54:16,  1.20it/s]
  3%|▎         | 329/12852 [02:58<2:45:23,  1.26it/s]
  3%|▎         | 330/12852 [02:59<2:41:02,  1.30it/s]
  3%|▎         | 331/12852 [03:00<2:27:57,  1.41it/s]
  3%|▎         | 332/12852 [03:01<2:31:25,  1.38it/s]
  3%|▎         | 333/12852 [03:01<2:25:20,  1.44it/s]
  3%|▎         | 334/12852 [03:02<2:20:56,  1.48it/s]
  3%|▎         | 335/12852 [03:03<2:33:23,  1.36it/s]
  3%|▎         | 336/12852 [03:03<2:36:15,  1.33it/s]
  3%|▎         | 337/12852 [03:04<2:24:34,  1.44it/s]
  3%|▎         | 338/12852 [03:05<2:29:49,  1.39it/s]
  3%|▎         | 339/12852 [03:05<2:18:59,  1.50it/s]
  3%|▎         | 340/12852 [03:06<2:07:53,  1.63it/s]
  3%|▎         | 341/12852 [03:07<2:26:39,  1.42it/s]
  3%|▎         | 342/12852 [03:07<2:29:40,  1.39it/s]
  3%|▎         | 343/12852 [03:08<2:38:44,  1.31it/s]
  3%|▎         | 344/12852 [03:09<2:52:56,  1.21it/s]
  3%|▎         | 345/12852 [03:10<2:48:15,  1.24it/s]
  3%|▎         | 346/12852 [03:11<3:08:06,  1.11it/s]
  3%|▎         | 347/12852 [03:12<3:07:25,  1.11it/s]
  3%|▎         | 348/12852 [03:13<2:55:24,  1.19it/s]
  3%|▎         | 349/12852 [03:14<2:54:56,  1.19it/s]
  3%|▎         | 350/12852 [03:14<2:47:58,  1.24it/s]
                                                     
{'loss': 0.2409, 'grad_norm': 0.47916802763938904, 'learning_rate': 1.945533769063181e-05, 'epoch': 0.08}

  3%|▎         | 350/12852 [03:14<2:47:58,  1.24it/s]
  3%|▎         | 351/12852 [03:15<2:52:14,  1.21it/s]
  3%|▎         | 352/12852 [03:16<2:39:34,  1.31it/s]
  3%|▎         | 353/12852 [03:17<2:45:40,  1.26it/s]
  3%|▎         | 354/12852 [03:18<2:54:26,  1.19it/s]
  3%|▎         | 355/12852 [03:18<2:53:00,  1.20it/s]
  3%|▎         | 356/12852 [03:19<2:59:40,  1.16it/s]
  3%|▎         | 357/12852 [03:20<2:57:53,  1.17it/s]
  3%|▎         | 358/12852 [03:21<3:05:05,  1.13it/s]
  3%|▎         | 359/12852 [03:22<3:13:30,  1.08it/s]
  3%|▎         | 360/12852 [03:23<3:09:26,  1.10it/s]
  3%|▎         | 361/12852 [03:24<3:01:25,  1.15it/s]
  3%|▎         | 362/12852 [03:25<2:53:18,  1.20it/s]
  3%|▎         | 363/12852 [03:26<2:58:10,  1.17it/s]
  3%|▎         | 364/12852 [03:26<2:41:42,  1.29it/s]
  3%|▎         | 365/12852 [03:27<2:51:04,  1.22it/s]
  3%|▎         | 366/12852 [03:28<2:45:20,  1.26it/s]
  3%|▎         | 367/12852 [03:29<2:40:26,  1.30it/s]
  3%|▎         | 368/12852 [03:29<2:46:37,  1.25it/s]
  3%|▎         | 369/12852 [03:30<2:45:33,  1.26it/s]
  3%|▎         | 370/12852 [03:31<2:52:10,  1.21it/s]
  3%|▎         | 371/12852 [03:32<2:57:57,  1.17it/s]
  3%|▎         | 372/12852 [03:33<2:58:01,  1.17it/s]
  3%|▎         | 373/12852 [03:34<3:17:25,  1.05it/s]
  3%|▎         | 374/12852 [03:35<3:03:21,  1.13it/s]
  3%|▎         | 375/12852 [03:36<3:07:17,  1.11it/s]
  3%|▎         | 376/12852 [03:36<2:58:05,  1.17it/s]
  3%|▎         | 377/12852 [03:37<2:59:18,  1.16it/s]
  3%|▎         | 378/12852 [03:38<2:41:17,  1.29it/s]
  3%|▎         | 379/12852 [03:39<2:41:35,  1.29it/s]
  3%|▎         | 380/12852 [03:39<2:36:30,  1.33it/s]
  3%|▎         | 381/12852 [03:40<2:11:35,  1.58it/s]
  3%|▎         | 382/12852 [03:40<2:07:13,  1.63it/s]
  3%|▎         | 383/12852 [03:41<2:08:45,  1.61it/s]
  3%|▎         | 384/12852 [03:41<1:56:34,  1.78it/s]
  3%|▎         | 385/12852 [03:42<1:43:25,  2.01it/s]
  3%|▎         | 386/12852 [03:42<1:37:33,  2.13it/s]
  3%|▎         | 387/12852 [03:43<1:45:09,  1.98it/s]
  3%|▎         | 388/12852 [03:43<1:50:19,  1.88it/s]
  3%|▎         | 389/12852 [03:44<1:59:29,  1.74it/s]
  3%|▎         | 390/12852 [03:45<2:08:17,  1.62it/s]
  3%|▎         | 391/12852 [03:45<2:11:27,  1.58it/s]
  3%|▎         | 392/12852 [03:46<2:11:30,  1.58it/s]
  3%|▎         | 393/12852 [03:47<2:14:54,  1.54it/s]
  3%|▎         | 394/12852 [03:47<2:01:59,  1.70it/s]
  3%|▎         | 395/12852 [03:48<1:49:08,  1.90it/s]
  3%|▎         | 396/12852 [03:48<1:43:56,  2.00it/s]
  3%|▎         | 397/12852 [03:48<1:45:16,  1.97it/s]
  3%|▎         | 398/12852 [03:49<1:45:37,  1.97it/s]
  3%|▎         | 399/12852 [03:49<1:41:48,  2.04it/s]
  3%|▎         | 400/12852 [03:50<1:32:08,  2.25it/s]
                                                     
{'loss': 0.2469, 'grad_norm': 0.6152510046958923, 'learning_rate': 1.9377528789293495e-05, 'epoch': 0.09}

  3%|▎         | 400/12852 [03:50<1:32:08,  2.25it/s]
  3%|▎         | 401/12852 [03:50<1:39:56,  2.08it/s]
  3%|▎         | 402/12852 [03:51<1:55:46,  1.79it/s]
  3%|▎         | 403/12852 [03:52<1:55:58,  1.79it/s]
  3%|▎         | 404/12852 [03:52<1:52:22,  1.85it/s]
  3%|▎         | 405/12852 [03:53<2:08:12,  1.62it/s]
  3%|▎         | 406/12852 [03:53<2:01:06,  1.71it/s]
  3%|▎         | 407/12852 [03:54<1:46:52,  1.94it/s]
  3%|▎         | 408/12852 [03:54<1:52:03,  1.85it/s]
  3%|▎         | 409/12852 [03:55<1:45:02,  1.97it/s]
  3%|▎         | 410/12852 [03:55<1:29:40,  2.31it/s]
  3%|▎         | 411/12852 [03:55<1:11:59,  2.88it/s]
  3%|▎         | 412/12852 [03:55<1:06:58,  3.10it/s]
  3%|▎         | 413/12852 [03:56<1:02:01,  3.34it/s]
  3%|▎         | 414/12852 [03:56<1:28:26,  2.34it/s]
  3%|▎         | 415/12852 [03:57<1:49:32,  1.89it/s]
  3%|▎         | 416/12852 [03:58<1:47:36,  1.93it/s]
  3%|▎         | 417/12852 [03:58<1:49:29,  1.89it/s]
  3%|▎         | 418/12852 [03:59<1:55:08,  1.80it/s]
  3%|▎         | 419/12852 [03:59<1:45:04,  1.97it/s]
  3%|▎         | 420/12852 [04:00<1:47:57,  1.92it/s]
  3%|▎         | 421/12852 [04:00<1:54:18,  1.81it/s]
  3%|▎         | 422/12852 [04:01<2:04:07,  1.67it/s]
  3%|▎         | 423/12852 [04:02<1:58:40,  1.75it/s]
  3%|▎         | 424/12852 [04:02<2:07:48,  1.62it/s]
  3%|▎         | 425/12852 [04:03<2:17:24,  1.51it/s]
  3%|▎         | 426/12852 [04:04<1:59:50,  1.73it/s]
  3%|▎         | 427/12852 [04:04<2:04:24,  1.66it/s]
  3%|▎         | 428/12852 [04:05<2:10:54,  1.58it/s]
  3%|▎         | 429/12852 [04:05<2:03:37,  1.67it/s]
  3%|▎         | 430/12852 [04:06<1:58:31,  1.75it/s]
  3%|▎         | 431/12852 [04:07<2:01:36,  1.70it/s]
  3%|▎         | 432/12852 [04:07<1:50:58,  1.87it/s]
  3%|▎         | 433/12852 [04:07<1:33:23,  2.22it/s]
  3%|▎         | 434/12852 [04:07<1:21:12,  2.55it/s]
  3%|▎         | 435/12852 [04:08<1:16:05,  2.72it/s]
  3%|▎         | 436/12852 [04:08<1:22:07,  2.52it/s]
  3%|▎         | 437/12852 [04:09<1:28:56,  2.33it/s]
  3%|▎         | 438/12852 [04:09<1:31:47,  2.25it/s]
  3%|▎         | 439/12852 [04:10<1:24:35,  2.45it/s]
  3%|▎         | 440/12852 [04:10<1:15:20,  2.75it/s]
  3%|▎         | 441/12852 [04:10<1:18:33,  2.63it/s]
  3%|▎         | 442/12852 [04:11<1:25:06,  2.43it/s]
  3%|▎         | 443/12852 [04:11<1:14:58,  2.76it/s]
  3%|▎         | 444/12852 [04:11<1:04:00,  3.23it/s]
  3%|▎         | 445/12852 [04:11<1:00:40,  3.41it/s]
  3%|▎         | 446/12852 [04:12<54:19,  3.81it/s]  
  3%|▎         | 447/12852 [04:12<1:04:55,  3.18it/s]
  3%|▎         | 448/12852 [04:13<1:30:00,  2.30it/s]
  3%|▎         | 449/12852 [04:13<1:36:59,  2.13it/s]
  4%|▎         | 450/12852 [04:14<1:37:53,  2.11it/s]
                                                     
{'loss': 0.2562, 'grad_norm': 0.5470754504203796, 'learning_rate': 1.9299719887955185e-05, 'epoch': 0.11}

  4%|▎         | 450/12852 [04:14<1:37:53,  2.11it/s]
  4%|▎         | 451/12852 [04:14<1:47:26,  1.92it/s]
  4%|▎         | 452/12852 [04:15<1:58:18,  1.75it/s]
  4%|▎         | 453/12852 [04:16<1:51:41,  1.85it/s]
  4%|▎         | 454/12852 [04:16<1:33:43,  2.20it/s]
  4%|▎         | 455/12852 [04:16<1:34:59,  2.17it/s]
  4%|▎         | 456/12852 [04:17<1:31:19,  2.26it/s]
  4%|▎         | 457/12852 [04:17<1:15:54,  2.72it/s]
  4%|▎         | 458/12852 [04:17<1:17:29,  2.67it/s]
  4%|▎         | 459/12852 [04:18<1:09:51,  2.96it/s]
  4%|▎         | 460/12852 [04:18<1:08:30,  3.01it/s]
  4%|▎         | 461/12852 [04:18<1:11:38,  2.88it/s]
  4%|▎         | 462/12852 [04:19<1:23:06,  2.48it/s]
  4%|▎         | 463/12852 [04:19<1:19:06,  2.61it/s]
  4%|▎         | 464/12852 [04:19<1:04:15,  3.21it/s]
  4%|▎         | 465/12852 [04:20<1:01:26,  3.36it/s]
  4%|▎         | 466/12852 [04:20<1:10:17,  2.94it/s]
  4%|▎         | 467/12852 [04:20<1:19:32,  2.60it/s]
  4%|▎         | 468/12852 [04:21<1:36:36,  2.14it/s]
  4%|▎         | 469/12852 [04:22<1:41:46,  2.03it/s]
  4%|▎         | 470/12852 [04:22<1:48:04,  1.91it/s]
  4%|▎         | 471/12852 [04:23<2:04:26,  1.66it/s]
  4%|▎         | 472/12852 [04:24<2:31:41,  1.36it/s]
  4%|▎         | 473/12852 [04:25<2:39:06,  1.30it/s]
  4%|▎         | 474/12852 [04:26<2:30:27,  1.37it/s]
  4%|▎         | 475/12852 [04:26<2:16:18,  1.51it/s]
  4%|▎         | 476/12852 [04:27<2:24:21,  1.43it/s]
  4%|▎         | 477/12852 [04:28<2:26:56,  1.40it/s]
  4%|▎         | 478/12852 [04:28<2:21:25,  1.46it/s]
  4%|▎         | 479/12852 [04:29<2:24:19,  1.43it/s]
  4%|▎         | 480/12852 [04:29<2:10:52,  1.58it/s]
  4%|▎         | 481/12852 [04:30<2:11:09,  1.57it/s]
  4%|▍         | 482/12852 [04:31<2:16:32,  1.51it/s]
  4%|▍         | 483/12852 [04:32<2:28:02,  1.39it/s]
  4%|▍         | 484/12852 [04:32<2:29:42,  1.38it/s]
  4%|▍         | 485/12852 [04:33<2:38:33,  1.30it/s]
  4%|▍         | 486/12852 [04:34<2:34:09,  1.34it/s]
  4%|▍         | 487/12852 [04:35<2:29:13,  1.38it/s]
  4%|▍         | 488/12852 [04:36<2:36:46,  1.31it/s]
  4%|▍         | 489/12852 [04:36<2:26:21,  1.41it/s]
  4%|▍         | 490/12852 [04:37<2:44:18,  1.25it/s]
  4%|▍         | 491/12852 [04:38<2:41:43,  1.27it/s]
  4%|▍         | 492/12852 [04:39<2:37:28,  1.31it/s]
  4%|▍         | 493/12852 [04:39<2:47:34,  1.23it/s]
  4%|▍         | 494/12852 [04:40<2:37:35,  1.31it/s]
  4%|▍         | 495/12852 [04:41<2:35:59,  1.32it/s]
  4%|▍         | 496/12852 [04:42<2:36:54,  1.31it/s]
  4%|▍         | 497/12852 [04:42<2:25:33,  1.41it/s]
  4%|▍         | 498/12852 [04:43<2:32:09,  1.35it/s]
  4%|▍         | 499/12852 [04:44<2:14:54,  1.53it/s]
  4%|▍         | 500/12852 [04:44<2:10:10,  1.58it/s]
                                                     
{'loss': 0.2179, 'grad_norm': 0.5014435052871704, 'learning_rate': 1.922191098661687e-05, 'epoch': 0.12}

  4%|▍         | 500/12852 [04:44<2:10:10,  1.58it/s]
  4%|▍         | 501/12852 [04:45<2:11:16,  1.57it/s]
  4%|▍         | 502/12852 [04:45<2:05:52,  1.64it/s]
  4%|▍         | 503/12852 [04:46<1:52:22,  1.83it/s]
  4%|▍         | 504/12852 [04:46<1:50:05,  1.87it/s]
  4%|▍         | 505/12852 [04:47<1:48:12,  1.90it/s]
  4%|▍         | 506/12852 [04:47<1:23:58,  2.45it/s]
  4%|▍         | 507/12852 [04:47<1:11:09,  2.89it/s]
  4%|▍         | 508/12852 [04:47<1:02:21,  3.30it/s]
  4%|▍         | 509/12852 [04:47<58:08,  3.54it/s]  
  4%|▍         | 510/12852 [04:48<56:01,  3.67it/s]
  4%|▍         | 511/12852 [04:48<58:20,  3.53it/s]
  4%|▍         | 512/12852 [04:48<1:05:12,  3.15it/s]
  4%|▍         | 513/12852 [04:49<1:00:33,  3.40it/s]
  4%|▍         | 514/12852 [04:49<54:07,  3.80it/s]  
  4%|▍         | 515/12852 [04:49<48:09,  4.27it/s]
  4%|▍         | 516/12852 [04:49<41:35,  4.94it/s]
  4%|▍         | 517/12852 [04:49<41:50,  4.91it/s]
  4%|▍         | 518/12852 [04:50<47:56,  4.29it/s]
  4%|▍         | 519/12852 [04:50<56:06,  3.66it/s]
  4%|▍         | 520/12852 [04:51<1:20:38,  2.55it/s]
  4%|▍         | 521/12852 [04:51<1:32:04,  2.23it/s]
  4%|▍         | 522/12852 [04:52<1:31:45,  2.24it/s]
  4%|▍         | 523/12852 [04:52<1:39:10,  2.07it/s]
  4%|▍         | 524/12852 [04:53<1:50:51,  1.85it/s]
  4%|▍         | 525/12852 [04:53<1:26:31,  2.37it/s]
  4%|▍         | 526/12852 [04:53<1:09:46,  2.94it/s]
  4%|▍         | 527/12852 [04:54<1:05:48,  3.12it/s]
  4%|▍         | 528/12852 [04:54<1:10:40,  2.91it/s]
  4%|▍         | 529/12852 [04:54<1:18:32,  2.61it/s]
  4%|▍         | 530/12852 [04:55<1:43:17,  1.99it/s]
  4%|▍         | 531/12852 [04:56<1:40:58,  2.03it/s]
  4%|▍         | 532/12852 [04:56<1:45:57,  1.94it/s]
  4%|▍         | 533/12852 [04:57<2:05:23,  1.64it/s]
  4%|▍         | 534/12852 [04:58<2:18:53,  1.48it/s]
  4%|▍         | 535/12852 [04:59<2:30:12,  1.37it/s]
  4%|▍         | 536/12852 [05:00<2:54:03,  1.18it/s]
  4%|▍         | 537/12852 [05:01<2:58:55,  1.15it/s]
  4%|▍         | 538/12852 [05:02<2:52:26,  1.19it/s]
  4%|▍         | 539/12852 [05:02<2:37:59,  1.30it/s]
  4%|▍         | 540/12852 [05:03<2:31:06,  1.36it/s]
  4%|▍         | 541/12852 [05:03<2:23:32,  1.43it/s]
  4%|▍         | 542/12852 [05:04<2:07:13,  1.61it/s]
  4%|▍         | 543/12852 [05:05<2:33:41,  1.33it/s]
  4%|▍         | 544/12852 [05:06<3:21:12,  1.02it/s]
  4%|▍         | 545/12852 [05:07<3:07:00,  1.10it/s]
  4%|▍         | 546/12852 [05:08<3:07:26,  1.09it/s]
  4%|▍         | 547/12852 [05:09<2:49:41,  1.21it/s]
  4%|▍         | 548/12852 [05:10<3:02:23,  1.12it/s]
  4%|▍         | 549/12852 [05:11<3:10:51,  1.07it/s]
  4%|▍         | 550/12852 [05:11<2:53:01,  1.18it/s]
                                                     
{'loss': 0.2354, 'grad_norm': 0.7573152184486389, 'learning_rate': 1.9144102085278556e-05, 'epoch': 0.13}

  4%|▍         | 550/12852 [05:11<2:53:01,  1.18it/s]
  4%|▍         | 551/12852 [05:12<2:47:06,  1.23it/s]
  4%|▍         | 552/12852 [05:13<2:46:32,  1.23it/s]
  4%|▍         | 553/12852 [05:14<2:41:02,  1.27it/s]
  4%|▍         | 554/12852 [05:14<2:37:07,  1.30it/s]
  4%|▍         | 555/12852 [05:15<2:24:01,  1.42it/s]
  4%|▍         | 556/12852 [05:16<2:21:47,  1.45it/s]
  4%|▍         | 557/12852 [05:16<2:21:09,  1.45it/s]
  4%|▍         | 558/12852 [05:17<2:32:53,  1.34it/s]
  4%|▍         | 559/12852 [05:18<2:43:43,  1.25it/s]
  4%|▍         | 560/12852 [05:19<2:52:05,  1.19it/s]
  4%|▍         | 561/12852 [05:20<2:50:55,  1.20it/s]
  4%|▍         | 562/12852 [05:21<2:40:30,  1.28it/s]
  4%|▍         | 563/12852 [05:21<2:26:12,  1.40it/s]
  4%|▍         | 564/12852 [05:21<2:02:14,  1.68it/s]
  4%|▍         | 565/12852 [05:22<1:53:39,  1.80it/s]
  4%|▍         | 566/12852 [05:22<1:40:30,  2.04it/s]
  4%|▍         | 567/12852 [05:23<1:50:45,  1.85it/s]
  4%|▍         | 568/12852 [05:23<1:32:28,  2.21it/s]
  4%|▍         | 569/12852 [05:23<1:24:47,  2.41it/s]
  4%|▍         | 570/12852 [05:24<1:22:58,  2.47it/s]
  4%|▍         | 571/12852 [05:24<1:14:08,  2.76it/s]
  4%|▍         | 572/12852 [05:24<1:15:43,  2.70it/s]
  4%|▍         | 573/12852 [05:25<1:07:33,  3.03it/s]
  4%|▍         | 574/12852 [05:25<1:01:47,  3.31it/s]
  4%|▍         | 575/12852 [05:25<1:04:28,  3.17it/s]
  4%|▍         | 576/12852 [05:26<1:56:11,  1.76it/s]
  4%|▍         | 577/12852 [05:27<2:14:39,  1.52it/s]
  4%|▍         | 578/12852 [05:29<2:46:38,  1.23it/s]
  5%|▍         | 579/12852 [05:29<2:51:26,  1.19it/s]
  5%|▍         | 580/12852 [05:30<2:56:18,  1.16it/s]
  5%|▍         | 581/12852 [05:31<2:51:42,  1.19it/s]
  5%|▍         | 582/12852 [05:32<2:49:16,  1.21it/s]
  5%|▍         | 583/12852 [05:33<2:56:56,  1.16it/s]
  5%|▍         | 584/12852 [05:34<2:57:19,  1.15it/s]
  5%|▍         | 585/12852 [05:35<2:58:55,  1.14it/s]
  5%|▍         | 586/12852 [05:35<2:44:49,  1.24it/s]
  5%|▍         | 587/12852 [05:36<2:33:01,  1.34it/s]
  5%|▍         | 588/12852 [05:36<2:15:13,  1.51it/s]
  5%|▍         | 589/12852 [05:37<2:36:26,  1.31it/s]
  5%|▍         | 590/12852 [05:38<2:40:46,  1.27it/s]
  5%|▍         | 591/12852 [05:39<2:57:10,  1.15it/s]
  5%|▍         | 592/12852 [05:40<3:05:41,  1.10it/s]
  5%|▍         | 593/12852 [05:41<3:02:06,  1.12it/s]
  5%|▍         | 594/12852 [05:42<3:11:25,  1.07it/s]
  5%|▍         | 595/12852 [05:43<3:16:07,  1.04it/s]
  5%|▍         | 596/12852 [05:45<4:11:32,  1.23s/it]
  5%|▍         | 597/12852 [05:47<4:38:17,  1.36s/it]
  5%|▍         | 598/12852 [05:47<4:01:29,  1.18s/it]
  5%|▍         | 599/12852 [05:48<3:45:06,  1.10s/it]
  5%|▍         | 600/12852 [05:49<3:25:24,  1.01s/it]
                                                     
{'loss': 0.2311, 'grad_norm': 0.9226377010345459, 'learning_rate': 1.9066293183940247e-05, 'epoch': 0.14}

  5%|▍         | 600/12852 [05:49<3:25:24,  1.01s/it]
  5%|▍         | 601/12852 [05:50<3:20:45,  1.02it/s]
  5%|▍         | 602/12852 [05:51<3:06:30,  1.09it/s]
  5%|▍         | 603/12852 [05:52<3:07:23,  1.09it/s]
  5%|▍         | 604/12852 [05:53<2:57:25,  1.15it/s]
  5%|▍         | 605/12852 [05:53<2:57:43,  1.15it/s]
  5%|▍         | 606/12852 [05:55<3:17:15,  1.03it/s]
  5%|▍         | 607/12852 [05:56<3:16:02,  1.04it/s]
  5%|▍         | 608/12852 [05:56<3:15:25,  1.04it/s]
  5%|▍         | 609/12852 [05:57<2:47:20,  1.22it/s]
  5%|▍         | 610/12852 [05:58<2:44:06,  1.24it/s]
  5%|▍         | 611/12852 [05:59<2:57:34,  1.15it/s]
  5%|▍         | 612/12852 [05:59<2:36:57,  1.30it/s]
  5%|▍         | 613/12852 [06:00<2:43:27,  1.25it/s]
  5%|▍         | 614/12852 [06:01<2:25:01,  1.41it/s]
  5%|▍         | 615/12852 [06:01<2:19:18,  1.46it/s]
  5%|▍         | 616/12852 [06:02<2:21:09,  1.44it/s]
  5%|▍         | 617/12852 [06:03<2:23:35,  1.42it/s]
  5%|▍         | 618/12852 [06:03<2:18:34,  1.47it/s]
  5%|▍         | 619/12852 [06:04<2:27:25,  1.38it/s]
  5%|▍         | 620/12852 [06:05<2:22:44,  1.43it/s]
  5%|▍         | 621/12852 [06:05<2:04:07,  1.64it/s]
  5%|▍         | 622/12852 [06:06<2:13:53,  1.52it/s]
  5%|▍         | 623/12852 [06:07<2:24:51,  1.41it/s]
  5%|▍         | 624/12852 [06:07<2:20:26,  1.45it/s]
  5%|▍         | 625/12852 [06:08<2:39:51,  1.27it/s]
  5%|▍         | 626/12852 [06:09<2:37:19,  1.30it/s]
  5%|▍         | 627/12852 [06:10<2:45:41,  1.23it/s]
  5%|▍         | 628/12852 [06:11<3:15:05,  1.04it/s]
  5%|▍         | 629/12852 [06:13<3:23:12,  1.00it/s]
  5%|▍         | 630/12852 [06:14<3:42:19,  1.09s/it]
  5%|▍         | 631/12852 [06:15<3:51:14,  1.14s/it]
  5%|▍         | 632/12852 [06:16<3:49:27,  1.13s/it]
  5%|▍         | 633/12852 [06:17<3:42:21,  1.09s/it]
  5%|▍         | 634/12852 [06:18<3:52:17,  1.14s/it]
  5%|▍         | 635/12852 [06:19<3:34:49,  1.06s/it]
  5%|▍         | 636/12852 [06:21<4:08:28,  1.22s/it]
  5%|▍         | 637/12852 [06:22<3:47:41,  1.12s/it]
  5%|▍         | 638/12852 [06:23<3:50:30,  1.13s/it]
  5%|▍         | 639/12852 [06:24<3:48:26,  1.12s/it]
  5%|▍         | 640/12852 [06:26<4:11:45,  1.24s/it]
  5%|▍         | 641/12852 [06:27<4:24:49,  1.30s/it]
  5%|▍         | 642/12852 [06:29<4:52:57,  1.44s/it]
  5%|▌         | 643/12852 [06:30<4:42:51,  1.39s/it]
  5%|▌         | 644/12852 [06:32<5:00:05,  1.47s/it]
  5%|▌         | 645/12852 [06:33<4:47:16,  1.41s/it]
  5%|▌         | 646/12852 [06:35<5:04:17,  1.50s/it]
  5%|▌         | 647/12852 [06:35<4:20:52,  1.28s/it]
  5%|▌         | 648/12852 [06:37<4:06:23,  1.21s/it]
  5%|▌         | 649/12852 [06:38<3:54:20,  1.15s/it]
  5%|▌         | 650/12852 [06:39<4:13:40,  1.25s/it]
                                                     
{'loss': 0.2437, 'grad_norm': 0.5426380038261414, 'learning_rate': 1.898848428260193e-05, 'epoch': 0.15}

  5%|▌         | 650/12852 [06:39<4:13:40,  1.25s/it]
  5%|▌         | 651/12852 [06:40<3:56:17,  1.16s/it]
  5%|▌         | 652/12852 [06:41<4:02:24,  1.19s/it]
  5%|▌         | 653/12852 [06:42<3:34:57,  1.06s/it]
  5%|▌         | 654/12852 [06:43<3:55:46,  1.16s/it]
  5%|▌         | 655/12852 [06:44<3:29:26,  1.03s/it]
  5%|▌         | 656/12852 [06:45<3:34:50,  1.06s/it]
  5%|▌         | 657/12852 [06:46<3:03:11,  1.11it/s]
  5%|▌         | 658/12852 [06:47<3:16:30,  1.03it/s]
  5%|▌         | 659/12852 [06:47<2:54:03,  1.17it/s]
  5%|▌         | 660/12852 [06:48<2:58:30,  1.14it/s]
  5%|▌         | 661/12852 [06:49<2:54:28,  1.16it/s]
  5%|▌         | 662/12852 [06:50<3:08:07,  1.08it/s]
  5%|▌         | 663/12852 [06:51<2:52:52,  1.18it/s]
  5%|▌         | 664/12852 [06:52<2:42:33,  1.25it/s]
  5%|▌         | 665/12852 [06:53<3:02:17,  1.11it/s]
  5%|▌         | 666/12852 [06:53<2:43:16,  1.24it/s]
  5%|▌         | 667/12852 [06:54<2:52:30,  1.18it/s]
  5%|▌         | 668/12852 [06:55<2:38:35,  1.28it/s]
  5%|▌         | 669/12852 [06:56<2:31:47,  1.34it/s]
  5%|▌         | 670/12852 [06:56<2:38:41,  1.28it/s]
  5%|▌         | 671/12852 [06:57<2:40:28,  1.27it/s]
  5%|▌         | 672/12852 [06:58<2:33:24,  1.32it/s]
  5%|▌         | 673/12852 [06:59<2:40:58,  1.26it/s]
  5%|▌         | 674/12852 [07:00<2:34:08,  1.32it/s]
  5%|▌         | 675/12852 [07:00<2:17:27,  1.48it/s]
  5%|▌         | 676/12852 [07:01<2:27:06,  1.38it/s]
  5%|▌         | 677/12852 [07:01<2:14:25,  1.51it/s]
  5%|▌         | 678/12852 [07:02<2:29:28,  1.36it/s]
  5%|▌         | 679/12852 [07:03<2:23:39,  1.41it/s]
  5%|▌         | 680/12852 [07:04<2:25:54,  1.39it/s]
  5%|▌         | 681/12852 [07:05<2:39:27,  1.27it/s]
  5%|▌         | 682/12852 [07:05<2:29:31,  1.36it/s]
  5%|▌         | 683/12852 [07:06<2:17:28,  1.48it/s]
  5%|▌         | 684/12852 [07:07<2:22:48,  1.42it/s]
  5%|▌         | 685/12852 [07:07<2:08:00,  1.58it/s]
  5%|▌         | 686/12852 [07:07<1:59:36,  1.70it/s]
  5%|▌         | 687/12852 [07:08<2:10:03,  1.56it/s]
  5%|▌         | 688/12852 [07:09<2:23:28,  1.41it/s]
  5%|▌         | 689/12852 [07:10<2:45:45,  1.22it/s]
  5%|▌         | 690/12852 [07:11<2:52:09,  1.18it/s]
  5%|▌         | 691/12852 [07:12<2:51:01,  1.19it/s]
  5%|▌         | 692/12852 [07:13<2:40:45,  1.26it/s]
  5%|▌         | 693/12852 [07:14<2:50:03,  1.19it/s]
  5%|▌         | 694/12852 [07:14<2:33:56,  1.32it/s]
  5%|▌         | 695/12852 [07:15<2:44:25,  1.23it/s]
  5%|▌         | 696/12852 [07:16<2:26:38,  1.38it/s]
  5%|▌         | 697/12852 [07:16<2:24:01,  1.41it/s]
  5%|▌         | 698/12852 [07:17<2:38:57,  1.27it/s]
  5%|▌         | 699/12852 [07:18<2:27:56,  1.37it/s]
  5%|▌         | 700/12852 [07:19<2:49:59,  1.19it/s]
                                                     
{'loss': 0.2119, 'grad_norm': 0.8875420689582825, 'learning_rate': 1.8910675381263617e-05, 'epoch': 0.16}

  5%|▌         | 700/12852 [07:19<2:49:59,  1.19it/s]
  5%|▌         | 701/12852 [07:20<2:57:48,  1.14it/s]
  5%|▌         | 702/12852 [07:21<3:14:42,  1.04it/s]
  5%|▌         | 703/12852 [07:22<3:10:19,  1.06it/s]
  5%|▌         | 704/12852 [07:23<3:36:49,  1.07s/it]
  5%|▌         | 705/12852 [07:25<3:55:04,  1.16s/it]
  5%|▌         | 706/12852 [07:25<3:29:07,  1.03s/it]
  6%|▌         | 707/12852 [07:26<3:08:09,  1.08it/s]
  6%|▌         | 708/12852 [07:27<3:05:00,  1.09it/s]
  6%|▌         | 709/12852 [07:28<2:49:34,  1.19it/s]
  6%|▌         | 710/12852 [07:29<2:56:05,  1.15it/s]
  6%|▌         | 711/12852 [07:30<3:05:21,  1.09it/s]
  6%|▌         | 712/12852 [07:30<2:54:16,  1.16it/s]
  6%|▌         | 713/12852 [07:32<3:28:52,  1.03s/it]
  6%|▌         | 714/12852 [07:33<3:14:16,  1.04it/s]
  6%|▌         | 715/12852 [07:34<3:14:20,  1.04it/s]
  6%|▌         | 716/12852 [07:34<3:04:48,  1.09it/s]
  6%|▌         | 717/12852 [07:35<3:08:44,  1.07it/s]
  6%|▌         | 718/12852 [07:36<2:47:56,  1.20it/s]
  6%|▌         | 719/12852 [07:37<2:54:30,  1.16it/s]
  6%|▌         | 720/12852 [07:38<2:45:59,  1.22it/s]
  6%|▌         | 721/12852 [07:38<2:30:20,  1.34it/s]
  6%|▌         | 722/12852 [07:39<2:36:43,  1.29it/s]
  6%|▌         | 723/12852 [07:40<2:34:45,  1.31it/s]
  6%|▌         | 724/12852 [07:40<2:33:32,  1.32it/s]
  6%|▌         | 725/12852 [07:42<3:13:53,  1.04it/s]
  6%|▌         | 726/12852 [07:43<2:59:30,  1.13it/s]
  6%|▌         | 727/12852 [07:44<3:17:07,  1.03it/s]
  6%|▌         | 728/12852 [07:44<2:58:53,  1.13it/s]
  6%|▌         | 729/12852 [07:45<2:53:23,  1.17it/s]
  6%|▌         | 730/12852 [07:46<2:30:35,  1.34it/s]
  6%|▌         | 731/12852 [07:46<2:25:39,  1.39it/s]
  6%|▌         | 732/12852 [07:47<2:08:11,  1.58it/s]
  6%|▌         | 733/12852 [07:47<1:49:40,  1.84it/s]
  6%|▌         | 734/12852 [07:47<1:32:12,  2.19it/s]
  6%|▌         | 735/12852 [07:48<1:24:26,  2.39it/s]
  6%|▌         | 736/12852 [07:48<1:37:34,  2.07it/s]
  6%|▌         | 737/12852 [07:49<1:51:41,  1.81it/s]
  6%|▌         | 738/12852 [07:50<1:46:57,  1.89it/s]
  6%|▌         | 739/12852 [07:50<1:55:03,  1.75it/s]
  6%|▌         | 740/12852 [07:51<2:10:58,  1.54it/s]
  6%|▌         | 741/12852 [07:52<2:03:08,  1.64it/s]
  6%|▌         | 742/12852 [07:52<2:04:01,  1.63it/s]
  6%|▌         | 743/12852 [07:53<2:15:30,  1.49it/s]
  6%|▌         | 744/12852 [07:54<2:10:33,  1.55it/s]
  6%|▌         | 745/12852 [07:54<2:06:39,  1.59it/s]
  6%|▌         | 746/12852 [07:55<2:17:07,  1.47it/s]
  6%|▌         | 747/12852 [07:55<1:47:12,  1.88it/s]
  6%|▌         | 748/12852 [07:56<1:35:53,  2.10it/s]
  6%|▌         | 749/12852 [07:56<1:43:41,  1.95it/s]
  6%|▌         | 750/12852 [07:57<1:50:14,  1.83it/s]
                                                     
{'loss': 0.2237, 'grad_norm': 0.4115820527076721, 'learning_rate': 1.8832866479925304e-05, 'epoch': 0.18}

  6%|▌         | 750/12852 [07:57<1:50:14,  1.83it/s]
  6%|▌         | 751/12852 [07:57<1:29:32,  2.25it/s]
  6%|▌         | 752/12852 [07:57<1:22:29,  2.44it/s]
  6%|▌         | 753/12852 [07:58<1:12:30,  2.78it/s]
  6%|▌         | 754/12852 [07:58<1:22:42,  2.44it/s]
  6%|▌         | 755/12852 [07:59<1:39:01,  2.04it/s]
  6%|▌         | 756/12852 [07:59<1:22:32,  2.44it/s]
  6%|▌         | 757/12852 [07:59<1:11:47,  2.81it/s]
  6%|▌         | 758/12852 [08:00<1:13:00,  2.76it/s]
  6%|▌         | 759/12852 [08:00<1:23:19,  2.42it/s]
  6%|▌         | 760/12852 [08:01<1:29:59,  2.24it/s]
  6%|▌         | 761/12852 [08:01<1:16:53,  2.62it/s]
  6%|▌         | 762/12852 [08:01<1:06:12,  3.04it/s]
  6%|▌         | 763/12852 [08:01<54:10,  3.72it/s]  
  6%|▌         | 764/12852 [08:01<51:54,  3.88it/s]
  6%|▌         | 765/12852 [08:02<1:04:47,  3.11it/s]
  6%|▌         | 766/12852 [08:03<1:23:16,  2.42it/s]
  6%|▌         | 767/12852 [08:03<1:05:56,  3.05it/s]
  6%|▌         | 768/12852 [08:03<53:49,  3.74it/s]  
  6%|▌         | 769/12852 [08:03<50:48,  3.96it/s]
  6%|▌         | 770/12852 [08:03<44:39,  4.51it/s]
  6%|▌         | 771/12852 [08:03<49:53,  4.04it/s]
  6%|▌         | 772/12852 [08:04<1:08:37,  2.93it/s]
  6%|▌         | 773/12852 [08:05<1:20:50,  2.49it/s]
  6%|▌         | 774/12852 [08:05<1:03:04,  3.19it/s]
  6%|▌         | 775/12852 [08:05<51:40,  3.90it/s]  
  6%|▌         | 776/12852 [08:05<45:36,  4.41it/s]
  6%|▌         | 777/12852 [08:05<42:28,  4.74it/s]
  6%|▌         | 778/12852 [08:05<43:42,  4.60it/s]
  6%|▌         | 779/12852 [08:06<56:29,  3.56it/s]
  6%|▌         | 780/12852 [08:06<1:07:34,  2.98it/s]
  6%|▌         | 781/12852 [08:06<58:07,  3.46it/s]  
  6%|▌         | 782/12852 [08:07<50:16,  4.00it/s]
  6%|▌         | 783/12852 [08:07<45:02,  4.47it/s]
  6%|▌         | 784/12852 [08:07<43:08,  4.66it/s]
  6%|▌         | 785/12852 [08:07<42:04,  4.78it/s]
  6%|▌         | 786/12852 [08:07<49:08,  4.09it/s]
  6%|▌         | 787/12852 [08:08<1:01:26,  3.27it/s]
  6%|▌         | 788/12852 [08:08<1:14:46,  2.69it/s]
  6%|▌         | 789/12852 [08:09<1:01:57,  3.24it/s]
  6%|▌         | 790/12852 [08:09<1:01:04,  3.29it/s]
  6%|▌         | 791/12852 [08:09<1:03:19,  3.17it/s]
  6%|▌         | 792/12852 [08:10<1:10:44,  2.84it/s]
  6%|▌         | 793/12852 [08:10<1:28:03,  2.28it/s]
  6%|▌         | 794/12852 [08:11<1:25:49,  2.34it/s]
  6%|▌         | 795/12852 [08:11<1:26:53,  2.31it/s]
  6%|▌         | 796/12852 [08:12<1:28:39,  2.27it/s]
  6%|▌         | 797/12852 [08:12<1:42:20,  1.96it/s]
  6%|▌         | 798/12852 [08:13<1:53:49,  1.76it/s]
  6%|▌         | 799/12852 [08:13<1:39:48,  2.01it/s]
  6%|▌         | 800/12852 [08:14<1:36:04,  2.09it/s]
                                                     
{'loss': 0.2112, 'grad_norm': 0.6416008472442627, 'learning_rate': 1.875505757858699e-05, 'epoch': 0.19}

  6%|▌         | 800/12852 [08:14<1:36:04,  2.09it/s]
  6%|▌         | 801/12852 [08:14<1:42:51,  1.95it/s]
  6%|▌         | 802/12852 [08:15<1:30:54,  2.21it/s]
  6%|▌         | 803/12852 [08:15<1:18:31,  2.56it/s]
  6%|▋         | 804/12852 [08:15<1:11:09,  2.82it/s]
  6%|▋         | 805/12852 [08:16<1:11:29,  2.81it/s]
  6%|▋         | 806/12852 [08:16<1:16:55,  2.61it/s]
  6%|▋         | 807/12852 [08:16<1:18:40,  2.55it/s]
  6%|▋         | 808/12852 [08:17<1:06:50,  3.00it/s]
  6%|▋         | 809/12852 [08:17<57:00,  3.52it/s]  
  6%|▋         | 810/12852 [08:17<1:01:40,  3.25it/s]
  6%|▋         | 811/12852 [08:17<1:06:30,  3.02it/s]
  6%|▋         | 812/12852 [08:18<1:23:42,  2.40it/s]
  6%|▋         | 813/12852 [08:19<1:32:01,  2.18it/s]
  6%|▋         | 814/12852 [08:19<1:22:57,  2.42it/s]
  6%|▋         | 815/12852 [08:19<1:15:01,  2.67it/s]
  6%|▋         | 816/12852 [08:20<1:21:29,  2.46it/s]
  6%|▋         | 817/12852 [08:20<1:34:58,  2.11it/s]
  6%|▋         | 818/12852 [08:21<1:47:25,  1.87it/s]
  6%|▋         | 819/12852 [08:21<1:34:17,  2.13it/s]
  6%|▋         | 820/12852 [08:22<1:38:37,  2.03it/s]
  6%|▋         | 821/12852 [08:23<1:49:50,  1.83it/s]
  6%|▋         | 822/12852 [08:23<1:52:38,  1.78it/s]
  6%|▋         | 823/12852 [08:24<1:48:35,  1.85it/s]
  6%|▋         | 824/12852 [08:24<1:56:41,  1.72it/s]
  6%|▋         | 825/12852 [08:25<1:55:08,  1.74it/s]
  6%|▋         | 826/12852 [08:25<1:41:10,  1.98it/s]
  6%|▋         | 827/12852 [08:26<2:02:42,  1.63it/s]
  6%|▋         | 828/12852 [08:27<2:13:17,  1.50it/s]
  6%|▋         | 829/12852 [08:27<2:02:27,  1.64it/s]
  6%|▋         | 830/12852 [08:28<2:02:59,  1.63it/s]
  6%|▋         | 831/12852 [08:29<2:30:00,  1.34it/s]
  6%|▋         | 832/12852 [08:30<2:45:29,  1.21it/s]
  6%|▋         | 833/12852 [08:31<3:08:23,  1.06it/s]
  6%|▋         | 834/12852 [08:32<3:13:11,  1.04it/s]
  6%|▋         | 835/12852 [08:34<3:32:58,  1.06s/it]
  7%|▋         | 836/12852 [08:34<3:07:59,  1.07it/s]
  7%|▋         | 837/12852 [08:35<3:16:38,  1.02it/s]
  7%|▋         | 838/12852 [08:36<2:51:11,  1.17it/s]
  7%|▋         | 839/12852 [08:37<3:04:07,  1.09it/s]
  7%|▋         | 840/12852 [08:38<2:48:36,  1.19it/s]
  7%|▋         | 841/12852 [08:38<2:39:20,  1.26it/s]
  7%|▋         | 842/12852 [08:39<2:33:38,  1.30it/s]
  7%|▋         | 843/12852 [08:39<2:04:01,  1.61it/s]
  7%|▋         | 844/12852 [08:40<1:53:51,  1.76it/s]
  7%|▋         | 845/12852 [08:40<1:54:27,  1.75it/s]
  7%|▋         | 846/12852 [08:41<1:40:35,  1.99it/s]
  7%|▋         | 847/12852 [08:41<1:17:01,  2.60it/s]
  7%|▋         | 848/12852 [08:41<1:02:15,  3.21it/s]
  7%|▋         | 849/12852 [08:41<52:44,  3.79it/s]  
  7%|▋         | 850/12852 [08:41<51:27,  3.89it/s]
                                                   
{'loss': 0.2198, 'grad_norm': 0.6546528935432434, 'learning_rate': 1.867724867724868e-05, 'epoch': 0.2}

  7%|▋         | 850/12852 [08:41<51:27,  3.89it/s]
  7%|▋         | 851/12852 [08:42<1:04:09,  3.12it/s]
  7%|▋         | 852/12852 [08:42<1:17:08,  2.59it/s]
  7%|▋         | 853/12852 [08:43<1:26:53,  2.30it/s]
  7%|▋         | 854/12852 [08:43<1:17:12,  2.59it/s]
  7%|▋         | 855/12852 [08:44<1:16:56,  2.60it/s]
  7%|▋         | 856/12852 [08:44<1:36:06,  2.08it/s]
  7%|▋         | 857/12852 [08:45<1:56:02,  1.72it/s]
  7%|▋         | 858/12852 [08:46<1:54:11,  1.75it/s]
  7%|▋         | 859/12852 [08:46<2:01:27,  1.65it/s]
  7%|▋         | 860/12852 [08:47<2:22:57,  1.40it/s]
  7%|▋         | 861/12852 [08:48<2:17:26,  1.45it/s]
  7%|▋         | 862/12852 [08:49<2:32:46,  1.31it/s]
  7%|▋         | 863/12852 [08:50<2:51:16,  1.17it/s]
  7%|▋         | 864/12852 [08:52<3:43:16,  1.12s/it]
  7%|▋         | 865/12852 [08:52<3:17:44,  1.01it/s]
  7%|▋         | 866/12852 [08:53<3:08:11,  1.06it/s]
  7%|▋         | 867/12852 [08:54<2:46:32,  1.20it/s]
  7%|▋         | 868/12852 [08:55<2:50:28,  1.17it/s]
  7%|▋         | 869/12852 [08:55<2:34:47,  1.29it/s]
  7%|▋         | 870/12852 [08:55<2:05:52,  1.59it/s]
  7%|▋         | 871/12852 [08:56<2:09:40,  1.54it/s]
  7%|▋         | 872/12852 [08:57<2:10:58,  1.52it/s]
  7%|▋         | 873/12852 [08:57<2:00:24,  1.66it/s]
  7%|▋         | 874/12852 [08:58<2:00:20,  1.66it/s]
  7%|▋         | 875/12852 [08:59<2:05:10,  1.59it/s]
  7%|▋         | 876/12852 [08:59<2:19:27,  1.43it/s]
  7%|▋         | 877/12852 [09:00<2:25:19,  1.37it/s]
  7%|▋         | 878/12852 [09:01<2:38:11,  1.26it/s]
  7%|▋         | 879/12852 [09:02<2:18:47,  1.44it/s]
  7%|▋         | 880/12852 [09:03<2:29:13,  1.34it/s]
  7%|▋         | 881/12852 [09:03<2:28:32,  1.34it/s]
  7%|▋         | 882/12852 [09:04<2:10:56,  1.52it/s]
  7%|▋         | 883/12852 [09:04<2:10:04,  1.53it/s]
  7%|▋         | 884/12852 [09:05<2:00:45,  1.65it/s]
  7%|▋         | 885/12852 [09:05<1:58:05,  1.69it/s]
  7%|▋         | 886/12852 [09:06<1:49:05,  1.83it/s]
  7%|▋         | 887/12852 [09:07<2:02:46,  1.62it/s]
  7%|▋         | 888/12852 [09:07<1:51:35,  1.79it/s]
  7%|▋         | 889/12852 [09:07<1:36:13,  2.07it/s]
  7%|▋         | 890/12852 [09:08<1:35:49,  2.08it/s]
  7%|▋         | 891/12852 [09:08<1:38:52,  2.02it/s]
  7%|▋         | 892/12852 [09:09<1:41:40,  1.96it/s]
  7%|▋         | 893/12852 [09:09<1:27:04,  2.29it/s]
  7%|▋         | 894/12852 [09:10<1:20:26,  2.48it/s]
  7%|▋         | 895/12852 [09:10<1:44:11,  1.91it/s]
  7%|▋         | 896/12852 [09:11<1:59:02,  1.67it/s]
  7%|▋         | 897/12852 [09:12<2:13:41,  1.49it/s]
  7%|▋         | 898/12852 [09:13<3:01:16,  1.10it/s]
  7%|▋         | 899/12852 [09:14<2:57:10,  1.12it/s]
  7%|▋         | 900/12852 [09:15<3:02:24,  1.09it/s]
                                                     
{'loss': 0.213, 'grad_norm': 0.42400598526000977, 'learning_rate': 1.8599439775910366e-05, 'epoch': 0.21}

  7%|▋         | 900/12852 [09:15<3:02:24,  1.09it/s]
  7%|▋         | 901/12852 [09:16<2:37:55,  1.26it/s]
  7%|▋         | 902/12852 [09:17<2:44:11,  1.21it/s]
  7%|▋         | 903/12852 [09:18<2:52:50,  1.15it/s]
  7%|▋         | 904/12852 [09:18<2:48:53,  1.18it/s]
  7%|▋         | 905/12852 [09:19<2:47:50,  1.19it/s]
  7%|▋         | 906/12852 [09:20<2:23:56,  1.38it/s]
  7%|▋         | 907/12852 [09:20<2:17:17,  1.45it/s]
  7%|▋         | 908/12852 [09:21<2:23:32,  1.39it/s]
  7%|▋         | 909/12852 [09:22<2:20:59,  1.41it/s]
  7%|▋         | 910/12852 [09:23<2:49:54,  1.17it/s]
  7%|▋         | 911/12852 [09:24<3:06:36,  1.07it/s]
  7%|▋         | 912/12852 [09:26<4:03:54,  1.23s/it]
  7%|▋         | 913/12852 [09:26<3:15:18,  1.02it/s]
  7%|▋         | 914/12852 [09:27<3:16:46,  1.01it/s]
  7%|▋         | 915/12852 [09:28<2:50:40,  1.17it/s]
  7%|▋         | 916/12852 [09:29<2:51:33,  1.16it/s]
  7%|▋         | 917/12852 [09:30<2:52:28,  1.15it/s]
  7%|▋         | 918/12852 [09:30<2:18:42,  1.43it/s]
  7%|▋         | 919/12852 [09:31<2:23:35,  1.39it/s]
  7%|▋         | 920/12852 [09:31<1:58:43,  1.67it/s]
  7%|▋         | 921/12852 [09:31<1:38:58,  2.01it/s]
  7%|▋         | 922/12852 [09:32<1:24:13,  2.36it/s]
  7%|▋         | 923/12852 [09:32<1:09:27,  2.86it/s]
  7%|▋         | 924/12852 [09:32<1:20:43,  2.46it/s]
  7%|▋         | 925/12852 [09:33<1:40:04,  1.99it/s]
  7%|▋         | 926/12852 [09:33<1:33:57,  2.12it/s]
  7%|▋         | 927/12852 [09:34<1:31:56,  2.16it/s]
  7%|▋         | 928/12852 [09:35<1:40:09,  1.98it/s]
  7%|▋         | 929/12852 [09:35<1:51:28,  1.78it/s]
  7%|▋         | 930/12852 [09:36<1:48:19,  1.83it/s]
  7%|▋         | 931/12852 [09:36<1:29:21,  2.22it/s]
  7%|▋         | 932/12852 [09:37<1:55:46,  1.72it/s]
  7%|▋         | 933/12852 [09:37<1:39:37,  1.99it/s]
  7%|▋         | 934/12852 [09:37<1:29:24,  2.22it/s]
  7%|▋         | 935/12852 [09:38<1:14:26,  2.67it/s]
  7%|▋         | 936/12852 [09:38<59:08,  3.36it/s]  
  7%|▋         | 937/12852 [09:38<57:55,  3.43it/s]
  7%|▋         | 938/12852 [09:39<1:23:48,  2.37it/s]
  7%|▋         | 939/12852 [09:39<1:05:22,  3.04it/s]
  7%|▋         | 940/12852 [09:39<55:45,  3.56it/s]  
  7%|▋         | 941/12852 [09:39<48:17,  4.11it/s]
  7%|▋         | 942/12852 [09:39<44:41,  4.44it/s]
  7%|▋         | 943/12852 [09:40<39:07,  5.07it/s]
  7%|▋         | 944/12852 [09:40<51:27,  3.86it/s]
  7%|▋         | 945/12852 [09:41<1:14:18,  2.67it/s]
  7%|▋         | 946/12852 [09:41<1:19:15,  2.50it/s]
  7%|▋         | 947/12852 [09:41<1:08:07,  2.91it/s]
  7%|▋         | 948/12852 [09:42<1:22:34,  2.40it/s]
  7%|▋         | 949/12852 [09:42<1:25:59,  2.31it/s]
  7%|▋         | 950/12852 [09:43<1:38:49,  2.01it/s]
                                                     
{'loss': 0.2199, 'grad_norm': 0.4406901001930237, 'learning_rate': 1.8521630874572053e-05, 'epoch': 0.22}

  7%|▋         | 950/12852 [09:43<1:38:49,  2.01it/s]
  7%|▋         | 951/12852 [09:43<1:26:24,  2.30it/s]
  7%|▋         | 952/12852 [09:44<1:17:03,  2.57it/s]
  7%|▋         | 953/12852 [09:44<1:10:43,  2.80it/s]
  7%|▋         | 954/12852 [09:44<1:22:48,  2.39it/s]
  7%|▋         | 955/12852 [09:45<2:02:10,  1.62it/s]
  7%|▋         | 956/12852 [09:46<2:07:20,  1.56it/s]
  7%|▋         | 957/12852 [09:48<2:50:03,  1.17it/s]
  7%|▋         | 958/12852 [09:48<2:39:50,  1.24it/s]
  7%|▋         | 959/12852 [09:49<3:02:05,  1.09it/s]
  7%|▋         | 960/12852 [09:51<3:41:02,  1.12s/it]
  7%|▋         | 961/12852 [09:52<3:48:11,  1.15s/it]
  7%|▋         | 962/12852 [09:53<3:24:48,  1.03s/it]
  7%|▋         | 963/12852 [09:54<3:16:41,  1.01it/s]
  8%|▊         | 964/12852 [09:54<2:50:59,  1.16it/s]
  8%|▊         | 965/12852 [09:55<2:43:25,  1.21it/s]
  8%|▊         | 966/12852 [09:56<2:27:17,  1.35it/s]
  8%|▊         | 967/12852 [09:56<2:18:19,  1.43it/s]
  8%|▊         | 968/12852 [09:57<2:27:43,  1.34it/s]
  8%|▊         | 969/12852 [09:59<3:05:56,  1.07it/s]
  8%|▊         | 970/12852 [09:59<3:06:36,  1.06it/s]
  8%|▊         | 971/12852 [10:01<3:20:59,  1.02s/it]
  8%|▊         | 972/12852 [10:01<3:07:19,  1.06it/s]
  8%|▊         | 973/12852 [10:03<3:20:50,  1.01s/it]
  8%|▊         | 974/12852 [10:03<2:56:00,  1.12it/s]
  8%|▊         | 975/12852 [10:04<2:58:55,  1.11it/s]
  8%|▊         | 976/12852 [10:05<2:46:02,  1.19it/s]
  8%|▊         | 977/12852 [10:06<2:59:38,  1.10it/s]
  8%|▊         | 978/12852 [10:07<2:41:41,  1.22it/s]
  8%|▊         | 979/12852 [10:07<2:35:58,  1.27it/s]
  8%|▊         | 980/12852 [10:08<2:56:03,  1.12it/s]
  8%|▊         | 981/12852 [10:09<2:49:46,  1.17it/s]
  8%|▊         | 982/12852 [10:10<3:07:53,  1.05it/s]
  8%|▊         | 983/12852 [10:11<3:10:46,  1.04it/s]
  8%|▊         | 984/12852 [10:12<3:13:03,  1.02it/s]
  8%|▊         | 985/12852 [10:13<3:20:05,  1.01s/it]
  8%|▊         | 986/12852 [10:15<3:52:34,  1.18s/it]
  8%|▊         | 987/12852 [10:16<3:23:43,  1.03s/it]
  8%|▊         | 988/12852 [10:17<3:34:02,  1.08s/it]
  8%|▊         | 989/12852 [10:18<3:20:49,  1.02s/it]
  8%|▊         | 990/12852 [10:19<3:21:08,  1.02s/it]
  8%|▊         | 991/12852 [10:20<3:12:05,  1.03it/s]
  8%|▊         | 992/12852 [10:21<3:10:44,  1.04it/s]
  8%|▊         | 993/12852 [10:21<3:03:13,  1.08it/s]
  8%|▊         | 994/12852 [10:22<3:02:48,  1.08it/s]
  8%|▊         | 995/12852 [10:23<2:52:44,  1.14it/s]
  8%|▊         | 996/12852 [10:24<3:01:22,  1.09it/s]
  8%|▊         | 997/12852 [10:25<2:43:03,  1.21it/s]
  8%|▊         | 998/12852 [10:25<2:33:05,  1.29it/s]
  8%|▊         | 999/12852 [10:26<2:37:58,  1.25it/s]
  8%|▊         | 1000/12852 [10:27<2:24:49,  1.36it/s]
                                                      
{'loss': 0.2179, 'grad_norm': 0.6497668027877808, 'learning_rate': 1.844382197323374e-05, 'epoch': 0.23}

  8%|▊         | 1000/12852 [10:27<2:24:49,  1.36it/s]
  8%|▊         | 1001/12852 [10:28<2:23:15,  1.38it/s]
  8%|▊         | 1002/12852 [10:28<2:18:52,  1.42it/s]
  8%|▊         | 1003/12852 [10:29<2:12:29,  1.49it/s]
  8%|▊         | 1004/12852 [10:30<2:18:19,  1.43it/s]
  8%|▊         | 1005/12852 [10:30<2:24:42,  1.36it/s]
  8%|▊         | 1006/12852 [10:31<2:19:58,  1.41it/s]
  8%|▊         | 1007/12852 [10:32<2:23:27,  1.38it/s]
  8%|▊         | 1008/12852 [10:33<2:42:01,  1.22it/s]
  8%|▊         | 1009/12852 [10:34<2:46:27,  1.19it/s]
  8%|▊         | 1010/12852 [10:35<2:59:52,  1.10it/s]
  8%|▊         | 1011/12852 [10:35<2:38:19,  1.25it/s]
  8%|▊         | 1012/12852 [10:36<2:32:59,  1.29it/s]
  8%|▊         | 1013/12852 [10:36<2:14:17,  1.47it/s]
  8%|▊         | 1014/12852 [10:37<2:06:29,  1.56it/s]
  8%|▊         | 1015/12852 [10:38<2:12:49,  1.49it/s]
  8%|▊         | 1016/12852 [10:39<2:21:20,  1.40it/s]
  8%|▊         | 1017/12852 [10:39<2:21:29,  1.39it/s]
  8%|▊         | 1018/12852 [10:40<2:38:18,  1.25it/s]
  8%|▊         | 1019/12852 [10:41<2:40:08,  1.23it/s]
  8%|▊         | 1020/12852 [10:42<2:35:51,  1.27it/s]
  8%|▊         | 1021/12852 [10:43<2:46:54,  1.18it/s]
  8%|▊         | 1022/12852 [10:45<4:02:46,  1.23s/it]
  8%|▊         | 1023/12852 [10:46<3:29:19,  1.06s/it]
  8%|▊         | 1024/12852 [10:47<3:24:02,  1.04s/it]
  8%|▊         | 1025/12852 [10:48<3:21:25,  1.02s/it]
  8%|▊         | 1026/12852 [10:49<4:04:13,  1.24s/it]
  8%|▊         | 1027/12852 [10:50<3:36:44,  1.10s/it]
  8%|▊         | 1028/12852 [10:52<3:55:42,  1.20s/it]
  8%|▊         | 1029/12852 [10:53<3:40:14,  1.12s/it]
  8%|▊         | 1030/12852 [10:54<4:05:47,  1.25s/it]
  8%|▊         | 1031/12852 [10:55<3:39:32,  1.11s/it]
  8%|▊         | 1032/12852 [10:56<3:42:43,  1.13s/it]
  8%|▊         | 1033/12852 [10:57<3:14:53,  1.01it/s]
  8%|▊         | 1034/12852 [10:58<3:06:57,  1.05it/s]
  8%|▊         | 1035/12852 [10:58<2:42:06,  1.21it/s]
  8%|▊         | 1036/12852 [10:59<2:55:08,  1.12it/s]
  8%|▊         | 1037/12852 [11:00<2:38:10,  1.24it/s]
  8%|▊         | 1038/12852 [11:00<2:28:06,  1.33it/s]
  8%|▊         | 1039/12852 [11:01<2:37:19,  1.25it/s]
  8%|▊         | 1040/12852 [11:02<2:35:34,  1.27it/s]
  8%|▊         | 1041/12852 [11:03<2:42:59,  1.21it/s]
  8%|▊         | 1042/12852 [11:04<2:44:13,  1.20it/s]
  8%|▊         | 1043/12852 [11:05<2:49:58,  1.16it/s]
  8%|▊         | 1044/12852 [11:05<2:26:04,  1.35it/s]
  8%|▊         | 1045/12852 [11:05<1:54:47,  1.71it/s]
  8%|▊         | 1046/12852 [11:06<1:36:21,  2.04it/s]
  8%|▊         | 1047/12852 [11:06<1:39:34,  1.98it/s]
  8%|▊         | 1048/12852 [11:07<1:43:30,  1.90it/s]
  8%|▊         | 1049/12852 [11:07<1:25:46,  2.29it/s]
  8%|▊         | 1050/12852 [11:07<1:15:58,  2.59it/s]
                                                      
{'loss': 0.2126, 'grad_norm': 0.551497757434845, 'learning_rate': 1.8366013071895427e-05, 'epoch': 0.25}

  8%|▊         | 1050/12852 [11:07<1:15:58,  2.59it/s]
  8%|▊         | 1051/12852 [11:07<1:02:01,  3.17it/s]
  8%|▊         | 1052/12852 [11:08<57:19,  3.43it/s]  
  8%|▊         | 1053/12852 [11:08<1:15:01,  2.62it/s]
  8%|▊         | 1054/12852 [11:09<1:24:11,  2.34it/s]
  8%|▊         | 1055/12852 [11:09<1:10:36,  2.78it/s]
  8%|▊         | 1056/12852 [11:09<56:24,  3.48it/s]  
  8%|▊         | 1057/12852 [11:09<47:21,  4.15it/s]
  8%|▊         | 1058/12852 [11:09<41:55,  4.69it/s]
  8%|▊         | 1059/12852 [11:10<55:25,  3.55it/s]
  8%|▊         | 1060/12852 [11:11<1:21:38,  2.41it/s]
  8%|▊         | 1061/12852 [11:11<1:20:38,  2.44it/s]
  8%|▊         | 1062/12852 [11:11<1:15:14,  2.61it/s]
  8%|▊         | 1063/12852 [11:11<1:02:43,  3.13it/s]
  8%|▊         | 1064/12852 [11:12<52:53,  3.72it/s]  
  8%|▊         | 1065/12852 [11:12<59:25,  3.31it/s]
  8%|▊         | 1066/12852 [11:13<1:21:50,  2.40it/s]
  8%|▊         | 1067/12852 [11:13<1:18:31,  2.50it/s]
  8%|▊         | 1068/12852 [11:13<1:03:12,  3.11it/s]
  8%|▊         | 1069/12852 [11:13<54:59,  3.57it/s]  
  8%|▊         | 1070/12852 [11:13<45:55,  4.28it/s]
  8%|▊         | 1071/12852 [11:14<52:36,  3.73it/s]
  8%|▊         | 1072/12852 [11:15<1:21:39,  2.40it/s]
  8%|▊         | 1073/12852 [11:15<1:22:18,  2.39it/s]
  8%|▊         | 1074/12852 [11:15<1:18:49,  2.49it/s]
  8%|▊         | 1075/12852 [11:16<1:03:16,  3.10it/s]
  8%|▊         | 1076/12852 [11:16<1:00:20,  3.25it/s]
  8%|▊         | 1077/12852 [11:16<1:20:53,  2.43it/s]
  8%|▊         | 1078/12852 [11:17<1:16:03,  2.58it/s]
  8%|▊         | 1079/12852 [11:17<1:05:50,  2.98it/s]
  8%|▊         | 1080/12852 [11:17<1:01:20,  3.20it/s]
  8%|▊         | 1081/12852 [11:17<53:12,  3.69it/s]  
  8%|▊         | 1082/12852 [11:18<44:25,  4.42it/s]
  8%|▊         | 1083/12852 [11:18<52:14,  3.75it/s]
  8%|▊         | 1084/12852 [11:18<1:09:24,  2.83it/s]
  8%|▊         | 1085/12852 [11:19<1:04:19,  3.05it/s]
  8%|▊         | 1086/12852 [11:19<59:42,  3.28it/s]  
  8%|▊         | 1087/12852 [11:19<50:17,  3.90it/s]
  8%|▊         | 1088/12852 [11:19<43:27,  4.51it/s]
  8%|▊         | 1089/12852 [11:19<43:40,  4.49it/s]
  8%|▊         | 1090/12852 [11:20<48:31,  4.04it/s]
  8%|▊         | 1091/12852 [11:20<1:11:00,  2.76it/s]
  8%|▊         | 1092/12852 [11:21<1:15:13,  2.61it/s]
  9%|▊         | 1093/12852 [11:21<1:08:21,  2.87it/s]
  9%|▊         | 1094/12852 [11:21<1:03:30,  3.09it/s]
  9%|▊         | 1095/12852 [11:22<1:10:56,  2.76it/s]
  9%|▊         | 1096/12852 [11:22<1:24:44,  2.31it/s]
  9%|▊         | 1097/12852 [11:23<1:40:31,  1.95it/s]
  9%|▊         | 1098/12852 [11:24<1:46:38,  1.84it/s]
  9%|▊         | 1099/12852 [11:24<1:40:25,  1.95it/s]
  9%|▊         | 1100/12852 [11:25<2:03:24,  1.59it/s]
                                                      
{'loss': 0.2245, 'grad_norm': 0.5271391868591309, 'learning_rate': 1.8288204170557114e-05, 'epoch': 0.26}

  9%|▊         | 1100/12852 [11:25<2:03:24,  1.59it/s]
  9%|▊         | 1101/12852 [11:26<1:54:19,  1.71it/s]
  9%|▊         | 1102/12852 [11:26<1:53:08,  1.73it/s]
  9%|▊         | 1103/12852 [11:27<2:14:28,  1.46it/s]
  9%|▊         | 1104/12852 [11:28<2:13:54,  1.46it/s]
  9%|▊         | 1105/12852 [11:28<2:04:23,  1.57it/s]
  9%|▊         | 1106/12852 [11:29<2:13:52,  1.46it/s]
  9%|▊         | 1107/12852 [11:30<1:58:42,  1.65it/s]
  9%|▊         | 1108/12852 [11:30<1:43:11,  1.90it/s]
  9%|▊         | 1109/12852 [11:31<1:54:00,  1.72it/s]
  9%|▊         | 1110/12852 [11:31<1:44:40,  1.87it/s]
  9%|▊         | 1111/12852 [11:31<1:25:59,  2.28it/s]
  9%|▊         | 1112/12852 [11:31<1:14:21,  2.63it/s]
  9%|▊         | 1113/12852 [11:32<1:10:08,  2.79it/s]
  9%|▊         | 1114/12852 [11:32<1:28:06,  2.22it/s]
  9%|▊         | 1115/12852 [11:33<1:35:57,  2.04it/s]
  9%|▊         | 1116/12852 [11:33<1:30:19,  2.17it/s]
  9%|▊         | 1117/12852 [11:34<1:22:00,  2.38it/s]
  9%|▊         | 1118/12852 [11:34<1:25:08,  2.30it/s]
  9%|▊         | 1119/12852 [11:35<1:33:59,  2.08it/s]
  9%|▊         | 1120/12852 [11:35<1:23:53,  2.33it/s]
  9%|▊         | 1121/12852 [11:35<1:16:29,  2.56it/s]
  9%|▊         | 1122/12852 [11:36<1:23:35,  2.34it/s]
  9%|▊         | 1123/12852 [11:37<1:47:21,  1.82it/s]
  9%|▊         | 1124/12852 [11:37<1:47:21,  1.82it/s]
  9%|▉         | 1125/12852 [11:38<1:53:22,  1.72it/s]
  9%|▉         | 1126/12852 [11:39<2:02:15,  1.60it/s]
  9%|▉         | 1127/12852 [11:39<2:12:49,  1.47it/s]
  9%|▉         | 1128/12852 [11:40<2:21:07,  1.38it/s]
  9%|▉         | 1129/12852 [11:41<2:36:24,  1.25it/s]
  9%|▉         | 1130/12852 [11:42<2:26:53,  1.33it/s]
  9%|▉         | 1131/12852 [11:42<2:14:09,  1.46it/s]
  9%|▉         | 1132/12852 [11:43<2:12:37,  1.47it/s]
  9%|▉         | 1133/12852 [11:43<1:53:33,  1.72it/s]
  9%|▉         | 1134/12852 [11:44<1:51:02,  1.76it/s]
  9%|▉         | 1135/12852 [11:45<2:06:53,  1.54it/s]
  9%|▉         | 1136/12852 [11:46<2:26:15,  1.34it/s]
  9%|▉         | 1137/12852 [11:46<2:18:33,  1.41it/s]
  9%|▉         | 1138/12852 [11:47<2:25:02,  1.35it/s]
  9%|▉         | 1139/12852 [11:48<2:18:15,  1.41it/s]
  9%|▉         | 1140/12852 [11:49<2:16:17,  1.43it/s]
  9%|▉         | 1141/12852 [11:49<2:23:03,  1.36it/s]
  9%|▉         | 1142/12852 [11:50<2:17:58,  1.41it/s]
  9%|▉         | 1143/12852 [11:51<2:15:52,  1.44it/s]
  9%|▉         | 1144/12852 [11:52<2:31:13,  1.29it/s]
  9%|▉         | 1145/12852 [11:53<2:35:24,  1.26it/s]
  9%|▉         | 1146/12852 [11:53<2:45:41,  1.18it/s]
  9%|▉         | 1147/12852 [11:54<2:48:09,  1.16it/s]
  9%|▉         | 1148/12852 [11:55<2:32:42,  1.28it/s]
  9%|▉         | 1149/12852 [11:56<2:56:22,  1.11it/s]
  9%|▉         | 1150/12852 [11:57<2:35:11,  1.26it/s]
                                                      
{'loss': 0.2029, 'grad_norm': 0.649265706539154, 'learning_rate': 1.8210395269218798e-05, 'epoch': 0.27}

  9%|▉         | 1150/12852 [11:57<2:35:11,  1.26it/s]
  9%|▉         | 1151/12852 [11:58<2:54:27,  1.12it/s]
  9%|▉         | 1152/12852 [11:59<2:47:35,  1.16it/s]
  9%|▉         | 1153/12852 [12:00<3:08:22,  1.04it/s]
  9%|▉         | 1154/12852 [12:00<2:44:30,  1.19it/s]
  9%|▉         | 1155/12852 [12:01<2:40:16,  1.22it/s]
  9%|▉         | 1156/12852 [12:02<2:21:59,  1.37it/s]
  9%|▉         | 1157/12852 [12:02<2:02:33,  1.59it/s]
  9%|▉         | 1158/12852 [12:03<2:11:31,  1.48it/s]
  9%|▉         | 1159/12852 [12:03<1:57:27,  1.66it/s]
  9%|▉         | 1160/12852 [12:04<1:43:03,  1.89it/s]
  9%|▉         | 1161/12852 [12:04<1:55:31,  1.69it/s]
  9%|▉         | 1162/12852 [12:05<2:04:27,  1.57it/s]
  9%|▉         | 1163/12852 [12:06<2:26:01,  1.33it/s]
  9%|▉         | 1164/12852 [12:07<2:24:40,  1.35it/s]
  9%|▉         | 1165/12852 [12:08<2:48:42,  1.15it/s]
  9%|▉         | 1166/12852 [12:09<2:40:29,  1.21it/s]
  9%|▉         | 1167/12852 [12:10<2:48:09,  1.16it/s]
  9%|▉         | 1168/12852 [12:10<2:28:30,  1.31it/s]
  9%|▉         | 1169/12852 [12:11<2:38:28,  1.23it/s]
  9%|▉         | 1170/12852 [12:12<2:39:19,  1.22it/s]
  9%|▉         | 1171/12852 [12:13<2:31:11,  1.29it/s]
  9%|▉         | 1172/12852 [12:14<2:41:34,  1.20it/s]
  9%|▉         | 1173/12852 [12:14<2:33:33,  1.27it/s]
  9%|▉         | 1174/12852 [12:15<2:48:35,  1.15it/s]
  9%|▉         | 1175/12852 [12:16<2:38:17,  1.23it/s]
  9%|▉         | 1176/12852 [12:17<2:38:56,  1.22it/s]
  9%|▉         | 1177/12852 [12:17<2:17:30,  1.42it/s]
  9%|▉         | 1178/12852 [12:18<2:06:44,  1.54it/s]
  9%|▉         | 1179/12852 [12:18<1:56:06,  1.68it/s]
  9%|▉         | 1180/12852 [12:19<2:11:10,  1.48it/s]
  9%|▉         | 1181/12852 [12:20<2:03:14,  1.58it/s]
  9%|▉         | 1182/12852 [12:20<1:53:44,  1.71it/s]
  9%|▉         | 1183/12852 [12:21<2:12:48,  1.46it/s]
  9%|▉         | 1184/12852 [12:21<1:57:14,  1.66it/s]
  9%|▉         | 1185/12852 [12:22<1:59:49,  1.62it/s]
  9%|▉         | 1186/12852 [12:23<2:05:53,  1.54it/s]
  9%|▉         | 1187/12852 [12:24<2:13:13,  1.46it/s]
  9%|▉         | 1188/12852 [12:24<2:12:39,  1.47it/s]
  9%|▉         | 1189/12852 [12:25<2:29:25,  1.30it/s]
  9%|▉         | 1190/12852 [12:26<2:28:00,  1.31it/s]
  9%|▉         | 1191/12852 [12:26<2:08:26,  1.51it/s]
  9%|▉         | 1192/12852 [12:27<2:13:54,  1.45it/s]
  9%|▉         | 1193/12852 [12:28<2:06:26,  1.54it/s]
  9%|▉         | 1194/12852 [12:28<2:05:42,  1.55it/s]
  9%|▉         | 1195/12852 [12:29<2:24:44,  1.34it/s]
  9%|▉         | 1196/12852 [12:30<2:15:17,  1.44it/s]
  9%|▉         | 1197/12852 [12:30<2:04:51,  1.56it/s]
  9%|▉         | 1198/12852 [12:31<2:13:22,  1.46it/s]
  9%|▉         | 1199/12852 [12:32<1:55:42,  1.68it/s]
  9%|▉         | 1200/12852 [12:32<1:59:14,  1.63it/s]
                                                      
{'loss': 0.2237, 'grad_norm': 0.7020475268363953, 'learning_rate': 1.8132586367880488e-05, 'epoch': 0.28}

  9%|▉         | 1200/12852 [12:32<1:59:14,  1.63it/s]
  9%|▉         | 1201/12852 [12:33<2:16:09,  1.43it/s]
  9%|▉         | 1202/12852 [12:34<2:09:04,  1.50it/s]
  9%|▉         | 1203/12852 [12:35<2:13:56,  1.45it/s]
  9%|▉         | 1204/12852 [12:35<2:17:28,  1.41it/s]
  9%|▉         | 1205/12852 [12:36<1:52:34,  1.72it/s]
  9%|▉         | 1206/12852 [12:36<1:39:21,  1.95it/s]
  9%|▉         | 1207/12852 [12:37<1:50:48,  1.75it/s]
  9%|▉         | 1208/12852 [12:37<1:46:43,  1.82it/s]
  9%|▉         | 1209/12852 [12:38<1:50:29,  1.76it/s]
  9%|▉         | 1210/12852 [12:38<1:57:00,  1.66it/s]
  9%|▉         | 1211/12852 [12:39<1:53:25,  1.71it/s]
  9%|▉         | 1212/12852 [12:39<1:32:10,  2.10it/s]
  9%|▉         | 1213/12852 [12:39<1:11:24,  2.72it/s]
  9%|▉         | 1214/12852 [12:39<57:20,  3.38it/s]  
  9%|▉         | 1215/12852 [12:40<52:47,  3.67it/s]
  9%|▉         | 1216/12852 [12:40<1:09:53,  2.77it/s]
  9%|▉         | 1217/12852 [12:41<1:12:56,  2.66it/s]
  9%|▉         | 1218/12852 [12:41<1:07:35,  2.87it/s]
  9%|▉         | 1219/12852 [12:41<59:50,  3.24it/s]  
  9%|▉         | 1220/12852 [12:41<59:01,  3.28it/s]
 10%|▉         | 1221/12852 [12:42<1:03:59,  3.03it/s]
 10%|▉         | 1222/12852 [12:43<1:26:16,  2.25it/s]
 10%|▉         | 1223/12852 [12:43<1:38:12,  1.97it/s]
 10%|▉         | 1224/12852 [12:44<1:44:51,  1.85it/s]
 10%|▉         | 1225/12852 [12:44<1:53:20,  1.71it/s]
 10%|▉         | 1226/12852 [12:45<2:14:23,  1.44it/s]
 10%|▉         | 1227/12852 [12:46<1:51:17,  1.74it/s]
 10%|▉         | 1228/12852 [12:46<1:54:20,  1.69it/s]
 10%|▉         | 1229/12852 [12:47<2:00:14,  1.61it/s]
 10%|▉         | 1230/12852 [12:48<2:00:59,  1.60it/s]
 10%|▉         | 1231/12852 [12:48<1:49:47,  1.76it/s]
 10%|▉         | 1232/12852 [12:49<2:10:12,  1.49it/s]
 10%|▉         | 1233/12852 [12:50<2:06:40,  1.53it/s]
 10%|▉         | 1234/12852 [12:50<2:03:34,  1.57it/s]
 10%|▉         | 1235/12852 [12:51<2:26:45,  1.32it/s]
 10%|▉         | 1236/12852 [12:52<2:16:10,  1.42it/s]
 10%|▉         | 1237/12852 [12:52<2:06:29,  1.53it/s]
 10%|▉         | 1238/12852 [12:53<2:05:32,  1.54it/s]
 10%|▉         | 1239/12852 [12:54<1:56:47,  1.66it/s]
 10%|▉         | 1240/12852 [12:54<1:45:55,  1.83it/s]
 10%|▉         | 1241/12852 [12:55<2:15:37,  1.43it/s]
 10%|▉         | 1242/12852 [12:55<2:01:35,  1.59it/s]
 10%|▉         | 1243/12852 [12:56<1:42:43,  1.88it/s]
 10%|▉         | 1244/12852 [12:56<1:43:33,  1.87it/s]
 10%|▉         | 1245/12852 [12:57<1:48:23,  1.78it/s]
 10%|▉         | 1246/12852 [12:58<1:54:37,  1.69it/s]
 10%|▉         | 1247/12852 [12:58<1:43:45,  1.86it/s]
 10%|▉         | 1248/12852 [12:59<1:55:15,  1.68it/s]
 10%|▉         | 1249/12852 [12:59<1:44:04,  1.86it/s]
 10%|▉         | 1250/12852 [13:00<1:38:24,  1.96it/s]
                                                      
{'loss': 0.2061, 'grad_norm': 0.6592755317687988, 'learning_rate': 1.8054777466542175e-05, 'epoch': 0.29}

 10%|▉         | 1250/12852 [13:00<1:38:24,  1.96it/s]
 10%|▉         | 1251/12852 [13:00<1:32:06,  2.10it/s]
 10%|▉         | 1252/12852 [13:01<2:05:02,  1.55it/s]
 10%|▉         | 1253/12852 [13:02<2:01:30,  1.59it/s]
 10%|▉         | 1254/12852 [13:02<1:48:59,  1.77it/s]
 10%|▉         | 1255/12852 [13:03<2:04:45,  1.55it/s]
 10%|▉         | 1256/12852 [13:03<1:58:33,  1.63it/s]
 10%|▉         | 1257/12852 [13:04<1:51:57,  1.73it/s]
 10%|▉         | 1258/12852 [13:05<2:02:43,  1.57it/s]
 10%|▉         | 1259/12852 [13:05<1:56:01,  1.67it/s]
 10%|▉         | 1260/12852 [13:06<1:41:52,  1.90it/s]
 10%|▉         | 1261/12852 [13:06<1:30:54,  2.13it/s]
 10%|▉         | 1262/12852 [13:07<1:39:56,  1.93it/s]
 10%|▉         | 1263/12852 [13:07<1:43:57,  1.86it/s]
 10%|▉         | 1264/12852 [13:07<1:35:09,  2.03it/s]
 10%|▉         | 1265/12852 [13:08<1:36:41,  2.00it/s]
 10%|▉         | 1266/12852 [13:09<1:48:06,  1.79it/s]
 10%|▉         | 1267/12852 [13:09<1:54:05,  1.69it/s]
 10%|▉         | 1268/12852 [13:10<1:46:35,  1.81it/s]
 10%|▉         | 1269/12852 [13:11<2:04:14,  1.55it/s]
 10%|▉         | 1270/12852 [13:11<1:48:22,  1.78it/s]
 10%|▉         | 1271/12852 [13:11<1:29:32,  2.16it/s]
 10%|▉         | 1272/12852 [13:12<1:18:32,  2.46it/s]
 10%|▉         | 1273/12852 [13:12<1:19:13,  2.44it/s]
 10%|▉         | 1274/12852 [13:13<1:31:44,  2.10it/s]
 10%|▉         | 1275/12852 [13:13<1:36:00,  2.01it/s]
 10%|▉         | 1276/12852 [13:13<1:20:49,  2.39it/s]
 10%|▉         | 1277/12852 [13:14<1:05:17,  2.95it/s]
 10%|▉         | 1278/12852 [13:14<1:17:40,  2.48it/s]
 10%|▉         | 1279/12852 [13:15<1:32:58,  2.07it/s]
 10%|▉         | 1280/12852 [13:15<1:28:36,  2.18it/s]
 10%|▉         | 1281/12852 [13:15<1:14:56,  2.57it/s]
 10%|▉         | 1282/12852 [13:16<1:05:03,  2.96it/s]
 10%|▉         | 1283/12852 [13:16<1:14:54,  2.57it/s]
 10%|▉         | 1284/12852 [13:17<1:23:06,  2.32it/s]
 10%|▉         | 1285/12852 [13:17<1:21:47,  2.36it/s]
 10%|█         | 1286/12852 [13:17<1:15:05,  2.57it/s]
 10%|█         | 1287/12852 [13:18<1:02:51,  3.07it/s]
 10%|█         | 1288/12852 [13:18<1:03:54,  3.02it/s]
 10%|█         | 1289/12852 [13:19<1:37:42,  1.97it/s]
 10%|█         | 1290/12852 [13:19<1:32:53,  2.07it/s]
 10%|█         | 1291/12852 [13:19<1:12:33,  2.66it/s]
 10%|█         | 1292/12852 [13:19<57:56,  3.32it/s]  
 10%|█         | 1293/12852 [13:20<56:18,  3.42it/s]
 10%|█         | 1294/12852 [13:20<1:19:15,  2.43it/s]
 10%|█         | 1295/12852 [13:21<1:20:35,  2.39it/s]
 10%|█         | 1296/12852 [13:21<1:04:35,  2.98it/s]
 10%|█         | 1297/12852 [13:21<54:37,  3.53it/s]  
 10%|█         | 1298/12852 [13:21<50:06,  3.84it/s]
 10%|█         | 1299/12852 [13:22<51:26,  3.74it/s]
 10%|█         | 1300/12852 [13:22<1:13:20,  2.62it/s]
                                                      
{'loss': 0.2037, 'grad_norm': 0.4834848642349243, 'learning_rate': 1.797696856520386e-05, 'epoch': 0.3}

 10%|█         | 1300/12852 [13:22<1:13:20,  2.62it/s]
 10%|█         | 1301/12852 [13:23<1:30:20,  2.13it/s]
 10%|█         | 1302/12852 [13:23<1:24:43,  2.27it/s]
 10%|█         | 1303/12852 [13:24<1:19:38,  2.42it/s]
 10%|█         | 1304/12852 [13:24<1:28:19,  2.18it/s]
 10%|█         | 1305/12852 [13:25<1:44:49,  1.84it/s]
 10%|█         | 1306/12852 [13:25<1:30:32,  2.13it/s]
 10%|█         | 1307/12852 [13:26<1:13:27,  2.62it/s]
 10%|█         | 1308/12852 [13:26<1:16:01,  2.53it/s]
 10%|█         | 1309/12852 [13:27<1:49:43,  1.75it/s]
 10%|█         | 1310/12852 [13:27<1:39:38,  1.93it/s]
 10%|█         | 1311/12852 [13:28<1:40:11,  1.92it/s]
 10%|█         | 1312/12852 [13:29<1:54:09,  1.68it/s]
 10%|█         | 1313/12852 [13:29<1:57:55,  1.63it/s]
 10%|█         | 1314/12852 [13:30<1:38:32,  1.95it/s]
 10%|█         | 1315/12852 [13:30<1:24:38,  2.27it/s]
 10%|█         | 1316/12852 [13:31<1:40:18,  1.92it/s]
 10%|█         | 1317/12852 [13:31<1:21:18,  2.36it/s]
 10%|█         | 1318/12852 [13:31<1:05:43,  2.92it/s]
 10%|█         | 1319/12852 [13:31<54:54,  3.50it/s]  
 10%|█         | 1320/12852 [13:31<56:14,  3.42it/s]
 10%|█         | 1321/12852 [13:32<1:01:29,  3.13it/s]
 10%|█         | 1322/12852 [13:32<1:25:24,  2.25it/s]
 10%|█         | 1323/12852 [13:33<1:30:08,  2.13it/s]
 10%|█         | 1324/12852 [13:33<1:17:30,  2.48it/s]
 10%|█         | 1325/12852 [13:33<1:06:16,  2.90it/s]
 10%|█         | 1326/12852 [13:34<56:17,  3.41it/s]  
 10%|█         | 1327/12852 [13:34<1:13:17,  2.62it/s]
 10%|█         | 1328/12852 [13:35<1:26:19,  2.23it/s]
 10%|█         | 1329/12852 [13:35<1:20:43,  2.38it/s]
 10%|█         | 1330/12852 [13:35<1:13:40,  2.61it/s]
 10%|█         | 1331/12852 [13:36<1:09:50,  2.75it/s]
 10%|█         | 1332/12852 [13:36<1:25:10,  2.25it/s]
 10%|█         | 1333/12852 [13:37<1:23:37,  2.30it/s]
 10%|█         | 1334/12852 [13:37<1:21:06,  2.37it/s]
 10%|█         | 1335/12852 [13:38<1:20:54,  2.37it/s]
 10%|█         | 1336/12852 [13:38<1:16:15,  2.52it/s]
 10%|█         | 1337/12852 [13:39<1:41:51,  1.88it/s]
 10%|█         | 1338/12852 [13:39<1:40:52,  1.90it/s]
 10%|█         | 1339/12852 [13:40<1:42:54,  1.86it/s]
 10%|█         | 1340/12852 [13:40<1:45:27,  1.82it/s]
 10%|█         | 1341/12852 [13:41<2:11:31,  1.46it/s]
 10%|█         | 1342/12852 [13:42<2:10:59,  1.46it/s]
 10%|█         | 1343/12852 [13:43<2:24:03,  1.33it/s]
 10%|█         | 1344/12852 [13:44<2:33:39,  1.25it/s]
 10%|█         | 1345/12852 [13:45<2:39:16,  1.20it/s]
 10%|█         | 1346/12852 [13:46<2:47:50,  1.14it/s]
 10%|█         | 1347/12852 [13:47<3:07:36,  1.02it/s]
 10%|█         | 1348/12852 [13:47<2:35:18,  1.23it/s]
 10%|█         | 1349/12852 [13:48<2:13:24,  1.44it/s]
 11%|█         | 1350/12852 [13:49<2:15:45,  1.41it/s]
                                                      
{'loss': 0.216, 'grad_norm': 0.508791983127594, 'learning_rate': 1.789915966386555e-05, 'epoch': 0.32}

 11%|█         | 1350/12852 [13:49<2:15:45,  1.41it/s]
 11%|█         | 1351/12852 [13:49<2:04:26,  1.54it/s]
 11%|█         | 1352/12852 [13:50<1:52:46,  1.70it/s]
 11%|█         | 1353/12852 [13:50<1:55:40,  1.66it/s]
 11%|█         | 1354/12852 [13:51<2:18:07,  1.39it/s]
 11%|█         | 1355/12852 [13:52<2:07:23,  1.50it/s]
 11%|█         | 1356/12852 [13:52<2:03:11,  1.56it/s]
 11%|█         | 1357/12852 [13:53<2:02:55,  1.56it/s]
 11%|█         | 1358/12852 [13:54<2:06:47,  1.51it/s]
 11%|█         | 1359/12852 [13:54<2:10:21,  1.47it/s]
 11%|█         | 1360/12852 [13:56<2:44:35,  1.16it/s]
 11%|█         | 1361/12852 [13:57<2:56:43,  1.08it/s]
 11%|█         | 1362/12852 [13:58<2:58:47,  1.07it/s]
 11%|█         | 1363/12852 [13:58<2:43:36,  1.17it/s]
 11%|█         | 1364/12852 [13:59<2:45:02,  1.16it/s]
 11%|█         | 1365/12852 [14:00<2:34:29,  1.24it/s]
 11%|█         | 1366/12852 [14:01<2:31:08,  1.27it/s]
 11%|█         | 1367/12852 [14:02<3:21:43,  1.05s/it]
 11%|█         | 1368/12852 [14:04<3:43:11,  1.17s/it]
 11%|█         | 1369/12852 [14:05<3:26:51,  1.08s/it]
 11%|█         | 1370/12852 [14:06<3:25:14,  1.07s/it]
 11%|█         | 1371/12852 [14:06<3:05:45,  1.03it/s]
 11%|█         | 1372/12852 [14:07<3:02:28,  1.05it/s]
 11%|█         | 1373/12852 [14:08<3:05:16,  1.03it/s]
 11%|█         | 1374/12852 [14:10<3:12:56,  1.01s/it]
 11%|█         | 1375/12852 [14:10<3:07:38,  1.02it/s]
 11%|█         | 1376/12852 [14:11<2:53:18,  1.10it/s]
 11%|█         | 1377/12852 [14:12<3:10:49,  1.00it/s]
 11%|█         | 1378/12852 [14:13<3:04:04,  1.04it/s]
 11%|█         | 1379/12852 [14:14<3:12:12,  1.01s/it]
 11%|█         | 1380/12852 [14:15<3:03:14,  1.04it/s]
 11%|█         | 1381/12852 [14:16<3:18:08,  1.04s/it]
 11%|█         | 1382/12852 [14:18<3:30:34,  1.10s/it]
 11%|█         | 1383/12852 [14:19<4:04:14,  1.28s/it]
 11%|█         | 1384/12852 [14:20<3:51:08,  1.21s/it]
 11%|█         | 1385/12852 [14:22<3:48:14,  1.19s/it]
 11%|█         | 1386/12852 [14:22<3:20:43,  1.05s/it]
 11%|█         | 1387/12852 [14:23<3:22:17,  1.06s/it]
 11%|█         | 1388/12852 [14:24<2:57:27,  1.08it/s]
 11%|█         | 1389/12852 [14:25<2:56:12,  1.08it/s]
 11%|█         | 1390/12852 [14:25<2:29:24,  1.28it/s]
 11%|█         | 1391/12852 [14:26<2:25:29,  1.31it/s]
 11%|█         | 1392/12852 [14:27<2:32:57,  1.25it/s]
 11%|█         | 1393/12852 [14:28<2:19:59,  1.36it/s]
 11%|█         | 1394/12852 [14:28<2:25:52,  1.31it/s]
 11%|█         | 1395/12852 [14:30<2:47:07,  1.14it/s]
 11%|█         | 1396/12852 [14:30<2:35:57,  1.22it/s]
 11%|█         | 1397/12852 [14:31<2:55:43,  1.09it/s]
 11%|█         | 1398/12852 [14:32<2:51:47,  1.11it/s]
 11%|█         | 1399/12852 [14:33<2:52:49,  1.10it/s]
 11%|█         | 1400/12852 [14:34<2:45:08,  1.16it/s]
                                                      
{'loss': 0.2093, 'grad_norm': 0.414631187915802, 'learning_rate': 1.7821350762527233e-05, 'epoch': 0.33}

 11%|█         | 1400/12852 [14:34<2:45:08,  1.16it/s]
 11%|█         | 1401/12852 [14:35<2:57:06,  1.08it/s]
 11%|█         | 1402/12852 [14:36<2:57:45,  1.07it/s]
 11%|█         | 1403/12852 [14:37<2:57:59,  1.07it/s]
 11%|█         | 1404/12852 [14:38<3:02:39,  1.04it/s]
 11%|█         | 1405/12852 [14:40<4:10:27,  1.31s/it]
 11%|█         | 1406/12852 [14:42<4:25:51,  1.39s/it]
 11%|█         | 1407/12852 [14:42<3:55:29,  1.23s/it]
 11%|█         | 1408/12852 [14:43<3:44:02,  1.17s/it]
 11%|█         | 1409/12852 [14:44<3:19:43,  1.05s/it]
 11%|█         | 1410/12852 [14:46<3:41:56,  1.16s/it]
 11%|█         | 1411/12852 [14:47<3:39:59,  1.15s/it]
 11%|█         | 1412/12852 [14:48<3:38:30,  1.15s/it]
 11%|█         | 1413/12852 [14:49<3:29:00,  1.10s/it]
 11%|█         | 1414/12852 [14:50<3:40:12,  1.16s/it]
 11%|█         | 1415/12852 [14:51<3:33:13,  1.12s/it]
 11%|█         | 1416/12852 [14:52<3:38:47,  1.15s/it]
 11%|█         | 1417/12852 [14:53<3:31:21,  1.11s/it]
 11%|█         | 1418/12852 [14:55<3:35:57,  1.13s/it]
 11%|█         | 1419/12852 [14:56<3:41:41,  1.16s/it]
 11%|█         | 1420/12852 [14:56<3:10:22,  1.00it/s]
 11%|█         | 1421/12852 [14:57<3:06:11,  1.02it/s]
 11%|█         | 1422/12852 [14:58<2:40:46,  1.18it/s]
 11%|█         | 1423/12852 [14:59<2:29:02,  1.28it/s]
 11%|█         | 1424/12852 [14:59<2:13:23,  1.43it/s]
 11%|█         | 1425/12852 [15:00<2:04:29,  1.53it/s]
 11%|█         | 1426/12852 [15:00<1:50:25,  1.72it/s]
 11%|█         | 1427/12852 [15:01<1:46:51,  1.78it/s]
 11%|█         | 1428/12852 [15:01<1:58:34,  1.61it/s]
 11%|█         | 1429/12852 [15:02<1:56:14,  1.64it/s]
 11%|█         | 1430/12852 [15:03<2:07:48,  1.49it/s]
 11%|█         | 1431/12852 [15:04<2:19:02,  1.37it/s]
 11%|█         | 1432/12852 [15:05<2:31:11,  1.26it/s]
 11%|█         | 1433/12852 [15:06<2:49:15,  1.12it/s]
 11%|█         | 1434/12852 [15:06<2:30:39,  1.26it/s]
 11%|█         | 1435/12852 [15:07<2:20:40,  1.35it/s]
 11%|█         | 1436/12852 [15:08<2:25:22,  1.31it/s]
 11%|█         | 1437/12852 [15:08<2:23:45,  1.32it/s]
 11%|█         | 1438/12852 [15:09<2:35:04,  1.23it/s]
 11%|█         | 1439/12852 [15:10<2:51:52,  1.11it/s]
 11%|█         | 1440/12852 [15:11<2:39:22,  1.19it/s]
 11%|█         | 1441/12852 [15:12<2:38:34,  1.20it/s]
 11%|█         | 1442/12852 [15:13<2:32:10,  1.25it/s]
 11%|█         | 1443/12852 [15:15<3:36:35,  1.14s/it]
 11%|█         | 1444/12852 [15:16<4:10:07,  1.32s/it]
 11%|█         | 1445/12852 [15:17<3:45:49,  1.19s/it]
 11%|█▏        | 1446/12852 [15:18<3:25:25,  1.08s/it]
 11%|█▏        | 1447/12852 [15:19<3:30:59,  1.11s/it]
 11%|█▏        | 1448/12852 [15:20<3:04:10,  1.03it/s]
 11%|█▏        | 1449/12852 [15:21<3:29:31,  1.10s/it]
 11%|█▏        | 1450/12852 [15:22<3:06:11,  1.02it/s]
                                                      
{'loss': 0.207, 'grad_norm': 0.4890446662902832, 'learning_rate': 1.7743541861188924e-05, 'epoch': 0.34}

 11%|█▏        | 1450/12852 [15:22<3:06:11,  1.02it/s]
 11%|█▏        | 1451/12852 [15:23<3:00:43,  1.05it/s]
 11%|█▏        | 1452/12852 [15:24<2:47:44,  1.13it/s]
 11%|█▏        | 1453/12852 [15:24<2:47:38,  1.13it/s]
 11%|█▏        | 1454/12852 [15:25<2:52:02,  1.10it/s]
 11%|█▏        | 1455/12852 [15:26<2:39:24,  1.19it/s]
 11%|█▏        | 1456/12852 [15:27<2:45:46,  1.15it/s]
 11%|█▏        | 1457/12852 [15:28<2:45:16,  1.15it/s]
 11%|█▏        | 1458/12852 [15:29<3:03:50,  1.03it/s]
 11%|█▏        | 1459/12852 [15:30<2:45:06,  1.15it/s]
 11%|█▏        | 1460/12852 [15:31<2:58:12,  1.07it/s]
 11%|█▏        | 1461/12852 [15:31<2:33:24,  1.24it/s]
 11%|█▏        | 1462/12852 [15:33<2:56:03,  1.08it/s]
 11%|█▏        | 1463/12852 [15:33<2:46:31,  1.14it/s]
 11%|█▏        | 1464/12852 [15:35<3:02:19,  1.04it/s]
 11%|█▏        | 1465/12852 [15:35<2:41:14,  1.18it/s]
 11%|█▏        | 1466/12852 [15:36<2:29:04,  1.27it/s]
 11%|█▏        | 1467/12852 [15:37<2:59:18,  1.06it/s]
 11%|█▏        | 1468/12852 [15:38<3:01:19,  1.05it/s]
 11%|█▏        | 1469/12852 [15:39<3:14:41,  1.03s/it]
 11%|█▏        | 1470/12852 [15:40<2:53:38,  1.09it/s]
 11%|█▏        | 1471/12852 [15:41<2:55:38,  1.08it/s]
 11%|█▏        | 1472/12852 [15:42<2:45:06,  1.15it/s]
 11%|█▏        | 1473/12852 [15:42<2:33:54,  1.23it/s]
 11%|█▏        | 1474/12852 [15:43<2:40:21,  1.18it/s]
 11%|█▏        | 1475/12852 [15:44<2:32:54,  1.24it/s]
 11%|█▏        | 1476/12852 [15:45<2:41:05,  1.18it/s]
 11%|█▏        | 1477/12852 [15:45<2:18:51,  1.37it/s]
 12%|█▏        | 1478/12852 [15:46<2:17:02,  1.38it/s]
 12%|█▏        | 1479/12852 [15:47<2:44:56,  1.15it/s]
 12%|█▏        | 1480/12852 [15:48<2:37:18,  1.20it/s]
 12%|█▏        | 1481/12852 [15:49<2:57:38,  1.07it/s]
 12%|█▏        | 1482/12852 [15:50<2:48:52,  1.12it/s]
 12%|█▏        | 1483/12852 [15:51<2:50:59,  1.11it/s]
 12%|█▏        | 1484/12852 [15:52<2:59:25,  1.06it/s]
 12%|█▏        | 1485/12852 [15:53<2:55:25,  1.08it/s]
 12%|█▏        | 1486/12852 [15:54<3:13:48,  1.02s/it]
 12%|█▏        | 1487/12852 [15:55<3:11:56,  1.01s/it]
 12%|█▏        | 1488/12852 [15:57<4:13:57,  1.34s/it]
 12%|█▏        | 1489/12852 [15:58<3:46:03,  1.19s/it]
 12%|█▏        | 1490/12852 [15:59<3:32:02,  1.12s/it]
 12%|█▏        | 1491/12852 [16:00<3:38:23,  1.15s/it]
 12%|█▏        | 1492/12852 [16:02<3:59:28,  1.26s/it]
 12%|█▏        | 1493/12852 [16:03<3:46:03,  1.19s/it]
 12%|█▏        | 1494/12852 [16:04<3:38:34,  1.15s/it]
 12%|█▏        | 1495/12852 [16:05<3:26:56,  1.09s/it]
 12%|█▏        | 1496/12852 [16:06<3:27:51,  1.10s/it]
 12%|█▏        | 1497/12852 [16:07<3:27:07,  1.09s/it]
 12%|█▏        | 1498/12852 [16:08<3:22:12,  1.07s/it]
 12%|█▏        | 1499/12852 [16:09<3:23:54,  1.08s/it]
 12%|█▏        | 1500/12852 [16:10<3:26:41,  1.09s/it]
                                                      
{'loss': 0.2062, 'grad_norm': 0.69913250207901, 'learning_rate': 1.7665732959850607e-05, 'epoch': 0.35}

 12%|█▏        | 1500/12852 [16:10<3:26:41,  1.09s/it]
 12%|█▏        | 1501/12852 [16:11<3:35:25,  1.14s/it]
 12%|█▏        | 1502/12852 [16:12<3:18:27,  1.05s/it]
 12%|█▏        | 1503/12852 [16:13<3:13:18,  1.02s/it]
 12%|█▏        | 1504/12852 [16:14<3:01:54,  1.04it/s]
 12%|█▏        | 1505/12852 [16:15<3:10:54,  1.01s/it]
 12%|█▏        | 1506/12852 [16:16<2:51:08,  1.10it/s]
 12%|█▏        | 1507/12852 [16:17<3:08:20,  1.00it/s]
 12%|█▏        | 1508/12852 [16:18<3:11:09,  1.01s/it]
 12%|█▏        | 1509/12852 [16:20<3:52:23,  1.23s/it]
 12%|█▏        | 1510/12852 [16:21<3:37:55,  1.15s/it]
 12%|█▏        | 1511/12852 [16:22<3:41:08,  1.17s/it]
 12%|█▏        | 1512/12852 [16:23<3:36:56,  1.15s/it]
 12%|█▏        | 1513/12852 [16:24<3:16:25,  1.04s/it]
 12%|█▏        | 1514/12852 [16:25<3:00:42,  1.05it/s]
 12%|█▏        | 1515/12852 [16:25<2:53:22,  1.09it/s]
 12%|█▏        | 1516/12852 [16:26<2:46:41,  1.13it/s]
 12%|█▏        | 1517/12852 [16:27<2:47:55,  1.12it/s]
 12%|█▏        | 1518/12852 [16:28<3:00:39,  1.05it/s]
 12%|█▏        | 1519/12852 [16:30<3:34:30,  1.14s/it]
 12%|█▏        | 1520/12852 [16:31<3:21:40,  1.07s/it]
 12%|█▏        | 1521/12852 [16:32<3:37:15,  1.15s/it]
 12%|█▏        | 1522/12852 [16:33<3:07:46,  1.01it/s]
 12%|█▏        | 1523/12852 [16:35<4:22:29,  1.39s/it]
 12%|█▏        | 1524/12852 [16:36<3:54:01,  1.24s/it]
 12%|█▏        | 1525/12852 [16:37<3:38:28,  1.16s/it]
 12%|█▏        | 1526/12852 [16:38<3:17:00,  1.04s/it]
 12%|█▏        | 1527/12852 [16:39<3:20:06,  1.06s/it]
 12%|█▏        | 1528/12852 [16:39<2:58:20,  1.06it/s]
 12%|█▏        | 1529/12852 [16:40<3:02:36,  1.03it/s]
 12%|█▏        | 1530/12852 [16:41<2:54:29,  1.08it/s]
 12%|█▏        | 1531/12852 [16:42<2:52:17,  1.10it/s]
 12%|█▏        | 1532/12852 [16:43<2:41:14,  1.17it/s]
 12%|█▏        | 1533/12852 [16:44<2:47:03,  1.13it/s]
 12%|█▏        | 1534/12852 [16:45<3:01:01,  1.04it/s]
 12%|█▏        | 1535/12852 [16:46<2:48:08,  1.12it/s]
 12%|█▏        | 1536/12852 [16:47<3:01:03,  1.04it/s]
 12%|█▏        | 1537/12852 [16:48<2:48:06,  1.12it/s]
 12%|█▏        | 1538/12852 [16:49<3:14:28,  1.03s/it]
 12%|█▏        | 1539/12852 [16:50<3:12:58,  1.02s/it]
 12%|█▏        | 1540/12852 [16:51<3:20:11,  1.06s/it]
 12%|█▏        | 1541/12852 [16:52<3:05:04,  1.02it/s]
 12%|█▏        | 1542/12852 [16:53<3:24:36,  1.09s/it]
 12%|█▏        | 1543/12852 [16:54<3:26:05,  1.09s/it]
 12%|█▏        | 1544/12852 [16:56<3:34:22,  1.14s/it]
 12%|█▏        | 1545/12852 [16:56<3:19:12,  1.06s/it]
 12%|█▏        | 1546/12852 [16:58<3:23:58,  1.08s/it]
 12%|█▏        | 1547/12852 [16:59<3:18:56,  1.06s/it]
 12%|█▏        | 1548/12852 [17:00<3:24:00,  1.08s/it]
 12%|█▏        | 1549/12852 [17:00<3:04:30,  1.02it/s]
 12%|█▏        | 1550/12852 [17:02<3:15:04,  1.04s/it]
                                                      
{'loss': 0.2026, 'grad_norm': 0.6455892324447632, 'learning_rate': 1.7587924058512294e-05, 'epoch': 0.36}

 12%|█▏        | 1550/12852 [17:02<3:15:04,  1.04s/it]
 12%|█▏        | 1551/12852 [17:03<3:12:57,  1.02s/it]
 12%|█▏        | 1552/12852 [17:04<3:21:27,  1.07s/it]
 12%|█▏        | 1553/12852 [17:05<3:04:19,  1.02it/s]
 12%|█▏        | 1554/12852 [17:05<3:00:04,  1.05it/s]
 12%|█▏        | 1555/12852 [17:06<2:56:55,  1.06it/s]
 12%|█▏        | 1556/12852 [17:08<3:11:48,  1.02s/it]
 12%|█▏        | 1557/12852 [17:09<3:10:33,  1.01s/it]
 12%|█▏        | 1558/12852 [17:10<3:17:01,  1.05s/it]
 12%|█▏        | 1559/12852 [17:10<2:55:49,  1.07it/s]
 12%|█▏        | 1560/12852 [17:12<3:18:33,  1.06s/it]
 12%|█▏        | 1561/12852 [17:13<3:18:20,  1.05s/it]
 12%|█▏        | 1562/12852 [17:14<3:35:28,  1.15s/it]
 12%|█▏        | 1563/12852 [17:15<3:28:46,  1.11s/it]
 12%|█▏        | 1564/12852 [17:16<3:25:28,  1.09s/it]
 12%|█▏        | 1565/12852 [17:17<3:35:27,  1.15s/it]
 12%|█▏        | 1566/12852 [17:19<3:39:49,  1.17s/it]
